Archive member included to satisfy reference by file (symbol)

.\ARM_GCC_541\Debug\IDAC8_Example01.a(IDAC8_1.o)
                              .\ARM_GCC_541\Debug\main.o (IDAC8_1_Start)
.\ARM_GCC_541\Debug\IDAC8_Example01.a(CyLib.o)
                              .\ARM_GCC_541\Debug\Cm3Start.o (CyResetStatus)
.\ARM_GCC_541\Debug\IDAC8_Example01.a(cyPm.o)
                              .\ARM_GCC_541\Debug\IDAC8_Example01.a(CyLib.o) (CyPmReadStatus)
.\ARM_GCC_541\Debug\IDAC8_Example01.a(ADC_DelSig_1.o)
                              .\ARM_GCC_541\Debug\main.o (ADC_DelSig_1_Start)
.\ARM_GCC_541\Debug\IDAC8_Example01.a(ADC_DelSig_1_INT.o)
                              .\ARM_GCC_541\Debug\IDAC8_Example01.a(ADC_DelSig_1.o) (ADC_DelSig_1_ISR1)
.\ARM_GCC_541\Debug\IDAC8_Example01.a(ADC_DelSig_1_AMux.o)
                              .\ARM_GCC_541\Debug\IDAC8_Example01.a(ADC_DelSig_1.o) (ADC_DelSig_1_AMux_Select)
.\ARM_GCC_541\Debug\IDAC8_Example01.a(ADC_DelSig_1_Ext_CP_Clk.o)
                              .\ARM_GCC_541\Debug\IDAC8_Example01.a(ADC_DelSig_1.o) (ADC_DelSig_1_Ext_CP_Clk_SetDividerRegister)
.\ARM_GCC_541\Debug\IDAC8_Example01.a(ADC_DelSig_1_theACLK.o)
                              .\ARM_GCC_541\Debug\IDAC8_Example01.a(ADC_DelSig_1.o) (ADC_DelSig_1_theACLK_SetDividerRegister)
.\ARM_GCC_541\Debug\IDAC8_Example01.a(UART_1.o)
                              .\ARM_GCC_541\Debug\main.o (UART_1_Start)
.\ARM_GCC_541\Debug\IDAC8_Example01.a(UART_1_IntClock.o)
                              .\ARM_GCC_541\Debug\IDAC8_Example01.a(UART_1.o) (UART_1_IntClock_Start)
.\ARM_GCC_541\Debug\IDAC8_Example01.a(CyBootAsmGnu.o)
                              .\ARM_GCC_541\Debug\cyfitter_cfg.o (CyDelayCycles)
.\ARM_GCC_541\Debug\IDAC8_Example01.a(CyFlash.o)
                              .\ARM_GCC_541\Debug\IDAC8_Example01.a(cyPm.o) (CyFlash_SetWaitCycles)
.\ARM_GCC_541\Debug\IDAC8_Example01.a(CySpc.o)
                              .\ARM_GCC_541\Debug\IDAC8_Example01.a(CyFlash.o) (CySpcStart)
c:/program files (x86)/cypress/psoc creator/4.2/psoc creator/import/gnu/arm/5.4.1/bin/../lib/gcc/arm-none-eabi/5.4.1/armv7-m\libgcc.a(_arm_addsubdf3.o)
                              .\ARM_GCC_541\Debug\IDAC8_Example01.a(ADC_DelSig_1.o) (__aeabi_f2d)
c:/program files (x86)/cypress/psoc creator/4.2/psoc creator/import/gnu/arm/5.4.1/bin/../lib/gcc/arm-none-eabi/5.4.1/armv7-m\libgcc.a(_arm_cmpdf2.o)
                              .\ARM_GCC_541\Debug\IDAC8_Example01.a(ADC_DelSig_1.o) (__aeabi_dcmpgt)
c:/program files (x86)/cypress/psoc creator/4.2/psoc creator/import/gnu/arm/5.4.1/bin/../lib/gcc/arm-none-eabi/5.4.1/armv7-m\libgcc.a(_arm_addsubsf3.o)
                              .\ARM_GCC_541\Debug\IDAC8_Example01.a(ADC_DelSig_1.o) (__aeabi_ui2f)
c:/program files (x86)/cypress/psoc creator/4.2/psoc creator/import/gnu/arm/5.4.1/bin/../lib/gcc/arm-none-eabi/5.4.1/armv7-m\libgcc.a(_arm_muldivsf3.o)
                              .\ARM_GCC_541\Debug\IDAC8_Example01.a(ADC_DelSig_1.o) (__aeabi_fmul)
c:/program files (x86)/cypress/psoc creator/4.2/psoc creator/import/gnu/arm/5.4.1/bin/../lib/gcc/arm-none-eabi/5.4.1/armv7-m\libgcc.a(_arm_fixunssfsi.o)
                              .\ARM_GCC_541\Debug\IDAC8_Example01.a(ADC_DelSig_1.o) (__aeabi_f2uiz)
c:/program files (x86)/cypress/psoc creator/4.2/psoc creator/import/gnu/arm/5.4.1/bin/../lib/gcc/arm-none-eabi/5.4.1/../../../../arm-none-eabi/lib/armv7-m\libg_nano.a(lib_a-errno.o)
                              .\ARM_GCC_541\Debug\Cm3Start.o (__errno)
c:/program files (x86)/cypress/psoc creator/4.2/psoc creator/import/gnu/arm/5.4.1/bin/../lib/gcc/arm-none-eabi/5.4.1/../../../../arm-none-eabi/lib/armv7-m\libg_nano.a(lib_a-exit.o)
                              c:/program files (x86)/cypress/psoc creator/4.2/psoc creator/import/gnu/arm/5.4.1/bin/../lib/gcc/arm-none-eabi/5.4.1/../../../../arm-none-eabi/lib/armv7-m/crt0.o (exit)
c:/program files (x86)/cypress/psoc creator/4.2/psoc creator/import/gnu/arm/5.4.1/bin/../lib/gcc/arm-none-eabi/5.4.1/../../../../arm-none-eabi/lib/armv7-m\libg_nano.a(lib_a-impure.o)
                              c:/program files (x86)/cypress/psoc creator/4.2/psoc creator/import/gnu/arm/5.4.1/bin/../lib/gcc/arm-none-eabi/5.4.1/../../../../arm-none-eabi/lib/armv7-m\libg_nano.a(lib_a-exit.o) (_global_impure_ptr)
c:/program files (x86)/cypress/psoc creator/4.2/psoc creator/import/gnu/arm/5.4.1/bin/../lib/gcc/arm-none-eabi/5.4.1/../../../../arm-none-eabi/lib/armv7-m\libg_nano.a(lib_a-init.o)
                              c:/program files (x86)/cypress/psoc creator/4.2/psoc creator/import/gnu/arm/5.4.1/bin/../lib/gcc/arm-none-eabi/5.4.1/../../../../arm-none-eabi/lib/armv7-m/crt0.o (__libc_init_array)
c:/program files (x86)/cypress/psoc creator/4.2/psoc creator/import/gnu/arm/5.4.1/bin/../lib/gcc/arm-none-eabi/5.4.1/../../../../arm-none-eabi/lib/armv7-m\libg_nano.a(lib_a-memcpy-stub.o)
                              .\ARM_GCC_541\Debug\cyfitter_cfg.o (memcpy)
[...]
Memory Configuration

Name             Origin             Length             Attributes
rom              0x00000000         0x00040000         xr
ram              0x1fff8000         0x00010000         xrw
*default*        0x00000000         0xffffffff

Linker script and memory map

LOAD c:/program files (x86)/cypress/psoc creator/4.2/psoc creator/import/gnu/arm/5.4.1/bin/../lib/gcc/arm-none-eabi/5.4.1/armv7-m/crti.o
LOAD c:/program files (x86)/cypress/psoc creator/4.2/psoc creator/import/gnu/arm/5.4.1/bin/../lib/gcc/arm-none-eabi/5.4.1/armv7-m/crtbegin.o
LOAD c:/program files (x86)/cypress/psoc creator/4.2/psoc creator/import/gnu/arm/5.4.1/bin/../lib/gcc/arm-none-eabi/5.4.1/../../../../arm-none-eabi/lib/armv7-m/crt0.o
START GROUP
LOAD .\ARM_GCC_541\Debug\main.o
LOAD .\ARM_GCC_541\Debug\cyfitter_cfg.o
LOAD .\ARM_GCC_541\Debug\cymetadata.o
LOAD .\ARM_GCC_541\Debug\Cm3Start.o
LOAD .\ARM_GCC_541\Debug\IDAC8_Example01.a
LOAD C:\Program Files (x86)\Cypress\PSoC Creator\4.2\PSoC Creator\psoc\content\cycomponentlibrary\CyComponentLibrary.cylib\CortexM3\ARM_GCC_541\Debug\CyComponentLibrary.a
END GROUP
START GROUP
LOAD c:/program files (x86)/cypress/psoc creator/4.2/psoc creator/import/gnu/arm/5.4.1/bin/../lib/gcc/arm-none-eabi/5.4.1/armv7-m\libgcc.a
LOAD c:/program files (x86)/cypress/psoc creator/4.2/psoc creator/import/gnu/arm/5.4.1/bin/../lib/gcc/arm-none-eabi/5.4.1/../../../../arm-none-eabi/lib/armv7-m\libg_nano.a
LOAD c:/program files (x86)/cypress/psoc creator/4.2/psoc creator/import/gnu/arm/5.4.1/bin/../lib/gcc/arm-none-eabi/5.4.1/../../../../arm-none-eabi/lib/armv7-m\libc_nano.a
END GROUP
START GROUP
LOAD c:/program files (x86)/cypress/psoc creator/4.2/psoc creator/import/gnu/arm/5.4.1/bin/../lib/gcc/arm-none-eabi/5.4.1/armv7-m\libgcc.a
LOAD c:/program files (x86)/cypress/psoc creator/4.2/psoc creator/import/gnu/arm/5.4.1/bin/../lib/gcc/arm-none-eabi/5.4.1/../../../../arm-none-eabi/lib/armv7-m\libc_nano.a
END GROUP
LOAD c:/program files (x86)/cypress/psoc creator/4.2/psoc creator/import/gnu/arm/5.4.1/bin/../lib/gcc/arm-none-eabi/5.4.1/armv7-m/crtend.o
LOAD c:/program files (x86)/cypress/psoc creator/4.2/psoc creator/import/gnu/arm/5.4.1/bin/../lib/gcc/arm-none-eabi/5.4.1/armv7-m/crtn.o
START GROUP
LOAD c:/program files (x86)/cypress/psoc creator/4.2/psoc creator/import/gnu/arm/5.4.1/bin/../lib/gcc/arm-none-eabi/5.4.1/armv7-m\libgcc.a
LOAD c:/program files (x86)/cypress/psoc creator/4.2/psoc creator/import/gnu/arm/5.4.1/bin/../lib/gcc/arm-none-eabi/5.4.1/../../../../arm-none-eabi/lib/armv7-m\libc.a
LOAD c:/program files (x86)/cypress/psoc creator/4.2/psoc creator/import/gnu/arm/5.4.1/bin/../lib/gcc/arm-none-eabi/5.4.1/../../../../arm-none-eabi/lib/armv7-m\libnosys.a
END GROUP
                0x00000000                CY_APPL_ORIGIN = 0x0
                0x00000100                CY_FLASH_ROW_SIZE = 0x100
                0x00000020                CY_ECC_ROW_SIZE = 0x20
                0x00000000                CY_EE_IN_BTLDR = 0x0
                0x00000000                CY_APPL_LOADABLE = 0x0
                0x00000800                CY_EE_SIZE = 0x800
                0x00000001                CY_APPL_NUM = 0x1
                0x00000001                CY_APPL_MAX = 0x1
                0x00000040                CY_METADATA_SIZE = 0x40
                0x00000000                CY_APPL_LOADABLE = 0x0
                0x00000000                CY_CHECKSUM_EXCLUDE_SIZE = ALIGN (0x0, CY_FLASH_ROW_SIZE)
                [!provide]                PROVIDE (__cy_heap_start, _end)
                0x00000001                PROVIDE (__cy_region_num, ((__cy_regions_end - __cy_regions) / 0x10))
                0x20008000                PROVIDE (__cy_stack, (ORIGIN (ram) + LENGTH (ram)))
                [!provide]                PROVIDE (__cy_heap_end, (__cy_stack - 0x800))

.cybootloader   0x00000000        0x0
 *(.cybootloader)
                0x00000000                appl1_start = CY_APPL_ORIGIN?CY_APPL_ORIGIN:ALIGN (CY_FLASH_ROW_SIZE)
                0x0001ff00                appl2_start = (appl1_start + ALIGN ((((LENGTH (rom) - appl1_start) - (0x2 * CY_FLASH_ROW_SIZE)) / 0x2), CY_FLASH_ROW_SIZE))
                0x00000000                appl_start = (CY_APPL_NUM == 0x1)?appl1_start:appl2_start
                0x00000000                ecc_offset = ((appl_start / CY_FLASH_ROW_SIZE) * CY_ECC_ROW_SIZE)
                0x00000000                ee_offset = (CY_APPL_LOADABLE && ! (CY_EE_IN_BTLDR))?((CY_EE_SIZE / CY_APPL_MAX) * (CY_APPL_NUM - 0x1)):0x0
                0x00000800                ee_size = (CY_APPL_LOADABLE && ! (CY_EE_IN_BTLDR))?(CY_EE_SIZE / CY_APPL_MAX):CY_EE_SIZE
                [!provide]                PROVIDE (CY_ECC_OFFSET, ecc_offset)

.text           0x00000000     0x4310
 CREATE_OBJECT_SYMBOLS
                0x00000000                PROVIDE (__cy_interrupt_vector, RomVectors)
 *(.romvectors)
 .romvectors    0x00000000       0x10 .\ARM_GCC_541\Debug\Cm3Start.o
                0x00000000                RomVectors
                0x00000001                ASSERT ((. != __cy_interrupt_vector), No interrupt vector)
                0x00000001                ASSERT (CY_APPL_ORIGIN?(SIZEOF (.cybootloader) <= CY_APPL_ORIGIN):0x1, Wrong image location)
                0x00000010                PROVIDE (__cy_reset, Reset)
 *(.text.Reset)
 .text.Reset    0x00000010       0x18 .\ARM_GCC_541\Debug\Cm3Start.o
                0x00000010                Reset
                0x00000001                ASSERT ((. != __cy_reset), No reset code)
 *(.dma_init)
                0x00000001                ASSERT ((((appl_start + .) <= 0x10000) || 0x1), DMA Init must be within the first 64k of flash)
 *(.text .text.* .gnu.linkonce.t.*)
 .text          0x00000028       0x5c c:/program files (x86)/cypress/psoc creator/4.2/psoc creator/import/gnu/arm/5.4.1/bin/../lib/gcc/arm-none-eabi/5.4.1/armv7-m/crtbegin.o
 .text.main     0x00000084       0x74 .\ARM_GCC_541\Debug\main.o
                0x00000084                main
 .text.CYMEMZERO
                0x000000f8       0x1c .\ARM_GCC_541\Debug\cyfitter_cfg.o
 .text.CYCONFIGCPY
                0x00000114       0x20 .\ARM_GCC_541\Debug\cyfitter_cfg.o
 .text.CyClockStartupError
                0x00000134        0xc .\ARM_GCC_541\Debug\cyfitter_cfg.o
 .text.cfg_write_bytes32
                0x00000140       0x74 .\ARM_GCC_541\Debug\cyfitter_cfg.o
 .text.ClockSetup
                0x000001b4      0x158 .\ARM_GCC_541\Debug\cyfitter_cfg.o
 .text.AnalogSetDefault
                0x0000030c       0x60 .\ARM_GCC_541\Debug\cyfitter_cfg.o
 .text.ADC_DelSig_1_AMux_Set
                0x0000036c       0x40 .\ARM_GCC_541\Debug\cyfitter_cfg.o
                0x0000036c                ADC_DelSig_1_AMux_Set
 .text.ADC_DelSig_1_AMux_Unset
                0x000003ac       0x44 .\ARM_GCC_541\Debug\cyfitter_cfg.o
                0x000003ac                ADC_DelSig_1_AMux_Unset
 .text.cyfitter_cfg
                0x000003f0      0x140 .\ARM_GCC_541\Debug\cyfitter_cfg.o
                0x000003f0                cyfitter_cfg
 .text.IntDefaultHandler
                0x00000530       0x14 .\ARM_GCC_541\Debug\Cm3Start.o
                0x00000530                IntDefaultHandler
 .text._sbrk    0x00000544       0x50 .\ARM_GCC_541\Debug\Cm3Start.o
                0x00000544                _sbrk
 .text.Start_c  0x00000594       0x98 .\ARM_GCC_541\Debug\Cm3Start.o
                0x00000594                Start_c
 .text.initialize_psoc
                0x0000062c       0x90 .\ARM_GCC_541\Debug\Cm3Start.o
                0x0000062c                initialize_psoc
 .text.IDAC8_1_Init
                0x000006bc       0x30 .\ARM_GCC_541\Debug\IDAC8_Example01.a(IDAC8_1.o)
                0x000006bc                IDAC8_1_Init
 .text.IDAC8_1_Enable
                0x000006ec       0x34 .\ARM_GCC_541\Debug\IDAC8_Example01.a(IDAC8_1.o)
                0x000006ec                IDAC8_1_Enable
 .text.IDAC8_1_Start
                0x00000720       0x28 .\ARM_GCC_541\Debug\IDAC8_Example01.a(IDAC8_1.o)
                0x00000720                IDAC8_1_Start
 .text.IDAC8_1_SetSpeed
                0x00000748       0x40 .\ARM_GCC_541\Debug\IDAC8_Example01.a(IDAC8_1.o)
                0x00000748                IDAC8_1_SetSpeed
 .text.IDAC8_1_SetRange
                0x00000788       0x40 .\ARM_GCC_541\Debug\IDAC8_Example01.a(IDAC8_1.o)
                0x00000788                IDAC8_1_SetRange
 .text.IDAC8_1_SetValue
                0x000007c8       0x20 .\ARM_GCC_541\Debug\IDAC8_Example01.a(IDAC8_1.o)
                0x000007c8                IDAC8_1_SetValue
 .text.IDAC8_1_DacTrim
                0x000007e8       0x54 .\ARM_GCC_541\Debug\IDAC8_Example01.a(IDAC8_1.o)
                0x000007e8                IDAC8_1_DacTrim
 .text.CyHalt   0x0000083c       0x18 .\ARM_GCC_541\Debug\IDAC8_Example01.a(CyLib.o)
                0x0000083c                CyHalt
 .text.CyDelay  0x00000854       0x44 .\ARM_GCC_541\Debug\IDAC8_Example01.a(CyLib.o)
                0x00000854                CyDelay
 .text.CyDelayUs
                0x00000898       0x28 .\ARM_GCC_541\Debug\IDAC8_Example01.a(CyLib.o)
                0x00000898                CyDelayUs
 .text.CyIntSetVector
                0x000008c0       0x50 .\ARM_GCC_541\Debug\IDAC8_Example01.a(CyLib.o)
                0x000008c0                CyIntSetVector
 .text.CyIntSetPriority
                0x00000910       0x48 .\ARM_GCC_541\Debug\IDAC8_Example01.a(CyLib.o)
                0x00000910                CyIntSetPriority
 .text.ADC_DelSig_1_Init
                0x00000958      0x158 .\ARM_GCC_541\Debug\IDAC8_Example01.a(ADC_DelSig_1.o)
                0x00000958                ADC_DelSig_1_Init
 .text.ADC_DelSig_1_Enable
                0x00000ab0      0x158 .\ARM_GCC_541\Debug\IDAC8_Example01.a(ADC_DelSig_1.o)
                0x00000ab0                ADC_DelSig_1_Enable
 .text.ADC_DelSig_1_Start
                0x00000c08       0x30 .\ARM_GCC_541\Debug\IDAC8_Example01.a(ADC_DelSig_1.o)
                0x00000c08                ADC_DelSig_1_Start
 .text.ADC_DelSig_1_StartConvert
                0x00000c38       0x20 .\ARM_GCC_541\Debug\IDAC8_Example01.a(ADC_DelSig_1.o)
                0x00000c38                ADC_DelSig_1_StartConvert
 .text.ADC_DelSig_1_IsEndConversion
                0x00000c58       0x4c .\ARM_GCC_541\Debug\IDAC8_Example01.a(ADC_DelSig_1.o)
                0x00000c58                ADC_DelSig_1_IsEndConversion
 .text.ADC_DelSig_1_GetResult16
                0x00000ca4       0x7c .\ARM_GCC_541\Debug\IDAC8_Example01.a(ADC_DelSig_1.o)
                0x00000ca4                ADC_DelSig_1_GetResult16
 .text.ADC_DelSig_1_CountsTo_mVolts
                0x00000d20       0x3c .\ARM_GCC_541\Debug\IDAC8_Example01.a(ADC_DelSig_1.o)
                0x00000d20                ADC_DelSig_1_CountsTo_mVolts
 .text.ADC_DelSig_1_InitConfig
                0x00000d5c      0x410 .\ARM_GCC_541\Debug\IDAC8_Example01.a(ADC_DelSig_1.o)
 .text.ADC_DelSig_1_GainCompensation
                0x0000116c      0x170 .\ARM_GCC_541\Debug\IDAC8_Example01.a(ADC_DelSig_1.o)
 .text.ADC_DelSig_1_SetDSMRef0Reg
                0x000012dc       0x7c .\ARM_GCC_541\Debug\IDAC8_Example01.a(ADC_DelSig_1.o)
 .text.ADC_DelSig_1_ISR1
                0x00001358        0xc .\ARM_GCC_541\Debug\IDAC8_Example01.a(ADC_DelSig_1_INT.o)
                0x00001358                ADC_DelSig_1_ISR1
 .text.ADC_DelSig_1_ISR2
                0x00001364        0xc .\ARM_GCC_541\Debug\IDAC8_Example01.a(ADC_DelSig_1_INT.o)
                0x00001364                ADC_DelSig_1_ISR2
 .text.ADC_DelSig_1_ISR3
                0x00001370        0xc .\ARM_GCC_541\Debug\IDAC8_Example01.a(ADC_DelSig_1_INT.o)
                0x00001370                ADC_DelSig_1_ISR3
 .text.ADC_DelSig_1_ISR4
                0x0000137c        0xc .\ARM_GCC_541\Debug\IDAC8_Example01.a(ADC_DelSig_1_INT.o)
                0x0000137c                ADC_DelSig_1_ISR4
 .text.ADC_DelSig_1_AMux_Start
                0x00001388       0x34 .\ARM_GCC_541\Debug\IDAC8_Example01.a(ADC_DelSig_1_AMux.o)
                0x00001388                ADC_DelSig_1_AMux_Start
 .text.ADC_DelSig_1_AMux_Select
                0x000013bc       0x28 .\ARM_GCC_541\Debug\IDAC8_Example01.a(ADC_DelSig_1_AMux.o)
                0x000013bc                ADC_DelSig_1_AMux_Select
 .text.ADC_DelSig_1_Ext_CP_Clk_SetDividerRegister
                0x000013e4      0x164 .\ARM_GCC_541\Debug\IDAC8_Example01.a(ADC_DelSig_1_Ext_CP_Clk.o)
                0x000013e4                ADC_DelSig_1_Ext_CP_Clk_SetDividerRegister
 .text.ADC_DelSig_1_Ext_CP_Clk_GetDividerRegister
                0x00001548       0x18 .\ARM_GCC_541\Debug\IDAC8_Example01.a(ADC_DelSig_1_Ext_CP_Clk.o)
                0x00001548                ADC_DelSig_1_Ext_CP_Clk_GetDividerRegister
 .text.ADC_DelSig_1_Ext_CP_Clk_SetModeRegister
                0x00001560       0x34 .\ARM_GCC_541\Debug\IDAC8_Example01.a(ADC_DelSig_1_Ext_CP_Clk.o)
                0x00001560                ADC_DelSig_1_Ext_CP_Clk_SetModeRegister
 .text.ADC_DelSig_1_Ext_CP_Clk_GetSourceRegister
                0x00001594       0x1c .\ARM_GCC_541\Debug\IDAC8_Example01.a(ADC_DelSig_1_Ext_CP_Clk.o)
                0x00001594                ADC_DelSig_1_Ext_CP_Clk_GetSourceRegister
 .text.ADC_DelSig_1_theACLK_SetDividerRegister
                0x000015b0      0x164 .\ARM_GCC_541\Debug\IDAC8_Example01.a(ADC_DelSig_1_theACLK.o)
                0x000015b0                ADC_DelSig_1_theACLK_SetDividerRegister
 .text.ADC_DelSig_1_theACLK_GetDividerRegister
                0x00001714       0x18 .\ARM_GCC_541\Debug\IDAC8_Example01.a(ADC_DelSig_1_theACLK.o)
                0x00001714                ADC_DelSig_1_theACLK_GetDividerRegister
 .text.ADC_DelSig_1_theACLK_SetModeRegister
                0x0000172c       0x34 .\ARM_GCC_541\Debug\IDAC8_Example01.a(ADC_DelSig_1_theACLK.o)
                0x0000172c                ADC_DelSig_1_theACLK_SetModeRegister
 .text.ADC_DelSig_1_theACLK_GetSourceRegister
                0x00001760       0x1c .\ARM_GCC_541\Debug\IDAC8_Example01.a(ADC_DelSig_1_theACLK.o)
                0x00001760                ADC_DelSig_1_theACLK_GetSourceRegister
 .text.UART_1_Start
                0x0000177c       0x24 .\ARM_GCC_541\Debug\IDAC8_Example01.a(UART_1.o)
                0x0000177c                UART_1_Start
 .text.UART_1_Init
                0x000017a0       0x40 .\ARM_GCC_541\Debug\IDAC8_Example01.a(UART_1.o)
                0x000017a0                UART_1_Init
 .text.UART_1_Enable
                0x000017e0       0x60 .\ARM_GCC_541\Debug\IDAC8_Example01.a(UART_1.o)
                0x000017e0                UART_1_Enable
 .text.UART_1_PutChar
                0x00001840       0x34 .\ARM_GCC_541\Debug\IDAC8_Example01.a(UART_1.o)
                0x00001840                UART_1_PutChar
 .text.UART_1_PutString
                0x00001874       0x44 .\ARM_GCC_541\Debug\IDAC8_Example01.a(UART_1.o)
                0x00001874                UART_1_PutString
 .text.UART_1_IntClock_Start
                0x000018b8       0x34 .\ARM_GCC_541\Debug\IDAC8_Example01.a(UART_1_IntClock.o)
                0x000018b8                UART_1_IntClock_Start
 *fill*         0x000018ec        0x4 
 .text          0x000018f0       0x54 .\ARM_GCC_541\Debug\IDAC8_Example01.a(CyBootAsmGnu.o)
                0x000018f0                CyDelayCycles
                0x0000192e                CyEnterCriticalSection
                0x00001936                CyExitCriticalSection
 .text          0x00001944      0x370 c:/program files (x86)/cypress/psoc creator/4.2/psoc creator/import/gnu/arm/5.4.1/bin/../lib/gcc/arm-none-eabi/5.4.1/armv7-m\libgcc.a(_arm_addsubdf3.o)
                0x00001944                __aeabi_drsub
                0x0000194c                __aeabi_dsub
                0x0000194c                __subdf3
                0x00001950                __aeabi_dadd
                0x00001950                __adddf3
                0x00001bc8                __floatunsidf
                0x00001bc8                __aeabi_ui2d
                0x00001be8                __floatsidf
                0x00001be8                __aeabi_i2d
                0x00001c0c                __aeabi_f2d
                0x00001c0c                __extendsfdf2
                0x00001c48                __floatundidf
                0x00001c48                __aeabi_ul2d
                0x00001c58                __floatdidf
                0x00001c58                __aeabi_l2d
 .text          0x00001cb4      0x110 c:/program files (x86)/cypress/psoc creator/4.2/psoc creator/import/gnu/arm/5.4.1/bin/../lib/gcc/arm-none-eabi/5.4.1/armv7-m\libgcc.a(_arm_cmpdf2.o)
                0x00001cb4                __gtdf2
                0x00001cb4                __gedf2
                0x00001cbc                __ltdf2
                0x00001cbc                __ledf2
                0x00001cc4                __nedf2
                0x00001cc4                __eqdf2
                0x00001cc4                __cmpdf2
                0x00001d40                __aeabi_cdrcmple
                0x00001d50                __aeabi_cdcmpeq
                0x00001d50                __aeabi_cdcmple
                0x00001d60                __aeabi_dcmpeq
                0x00001d74                __aeabi_dcmplt
                0x00001d88                __aeabi_dcmple
                0x00001d9c                __aeabi_dcmpge
                0x00001db0                __aeabi_dcmpgt
 .text.__errno  0x00001dc4        0xc c:/program files (x86)/cypress/psoc creator/4.2/psoc creator/import/gnu/arm/5.4.1/bin/../lib/gcc/arm-none-eabi/5.4.1/../../../../arm-none-eabi/lib/armv7-m\libg_nano.a(lib_a-errno.o)
                0x00001dc4                __errno
 .text.__libc_init_array
                0x00001dd0       0x4c c:/program files (x86)/cypress/psoc creator/4.2/psoc creator/import/gnu/arm/5.4.1/bin/../lib/gcc/arm-none-eabi/5.4.1/../../../../arm-none-eabi/lib/armv7-m\libg_nano.a(lib_a-init.o)
                0x00001dd0                __libc_init_array
 .text.memcpy   0x00001e1c       0x16 c:/program files (x86)/cypress/psoc creator/4.2/psoc creator/import/gnu/arm/5.4.1/bin/../lib/gcc/arm-none-eabi/5.4.1/../../../../arm-none-eabi/lib/armv7-m\libg_nano.a(lib_a-memcpy-stub.o)
                0x00001e1c                memcpy
 .text.memset   0x00001e32       0x10 c:/program files (x86)/cypress/psoc creator/4.2/psoc creator/import/gnu/arm/5.4.1/bin/../lib/gcc/arm-none-eabi/5.4.1/../../../../arm-none-eabi/lib/armv7-m\libg_nano.a(lib_a-memset.o)
                0x00001e32                memset
 .text.__cvt    0x00001e42       0xc0 c:/program files (x86)/cypress/psoc creator/4.2/psoc creator/import/gnu/arm/5.4.1/bin/../lib/gcc/arm-none-eabi/5.4.1/../../../../arm-none-eabi/lib/armv7-m\libg_nano.a(lib_a-nano-vfprintf_float.o)
                0x00001e42                __cvt
 .text.__exponent
                0x00001f02       0x62 c:/program files (x86)/cypress/psoc creator/4.2/psoc creator/import/gnu/arm/5.4.1/bin/../lib/gcc/arm-none-eabi/5.4.1/../../../../arm-none-eabi/lib/armv7-m\libg_nano.a(lib_a-nano-vfprintf_float.o)
                0x00001f02                __exponent
 .text._printf_float
                0x00001f64      0x488 c:/program files (x86)/cypress/psoc creator/4.2/psoc creator/import/gnu/arm/5.4.1/bin/../lib/gcc/arm-none-eabi/5.4.1/../../../../arm-none-eabi/lib/armv7-m\libg_nano.a(lib_a-nano-vfprintf_float.o)
                0x00001f64                _printf_float
 .text._printf_common
                0x000023ec       0xec c:/program files (x86)/cypress/psoc creator/4.2/psoc creator/import/gnu/arm/5.4.1/bin/../lib/gcc/arm-none-eabi/5.4.1/../../../../arm-none-eabi/lib/armv7-m\libg_nano.a(lib_a-nano-vfprintf_i.o)
                0x000023ec                _printf_common
 .text._printf_i
                0x000024d8      0x24c c:/program files (x86)/cypress/psoc creator/4.2/psoc creator/import/gnu/arm/5.4.1/bin/../lib/gcc/arm-none-eabi/5.4.1/../../../../arm-none-eabi/lib/armv7-m\libg_nano.a(lib_a-nano-vfprintf_i.o)
                0x000024d8                _printf_i
 .text.sprintf  0x00002724       0x48 c:/program files (x86)/cypress/psoc creator/4.2/psoc creator/import/gnu/arm/5.4.1/bin/../lib/gcc/arm-none-eabi/5.4.1/../../../../arm-none-eabi/lib/armv7-m\libg_nano.a(lib_a-sprintf.o)
                0x00002724                siprintf
                0x00002724                sprintf
 .text          0x0000276c       0x10 c:/program files (x86)/cypress/psoc creator/4.2/psoc creator/import/gnu/arm/5.4.1/bin/../lib/gcc/arm-none-eabi/5.4.1/../../../../arm-none-eabi/lib/armv7-m\libg_nano.a(lib_a-strlen.o)
                0x0000276c                strlen
 .text.quorem   0x0000277c      0x116 c:/program files (x86)/cypress/psoc creator/4.2/psoc creator/import/gnu/arm/5.4.1/bin/../lib/gcc/arm-none-eabi/5.4.1/../../../../arm-none-eabi/lib/armv7-m\libg_nano.a(lib_a-dtoa.o)
 *fill*         0x00002892        0x6 
 .text._dtoa_r  0x00002898      0xb30 c:/program files (x86)/cypress/psoc creator/4.2/psoc creator/import/gnu/arm/5.4.1/bin/../lib/gcc/arm-none-eabi/5.4.1/../../../../arm-none-eabi/lib/armv7-m\libg_nano.a(lib_a-dtoa.o)
                0x00002898                _dtoa_r
 .text._localeconv_r
                0x000033c8        0x8 c:/program files (x86)/cypress/psoc creator/4.2/psoc creator/import/gnu/arm/5.4.1/bin/../lib/gcc/arm-none-eabi/5.4.1/../../../../arm-none-eabi/lib/armv7-m\libg_nano.a(lib_a-locale.o)
                0x000033c8                _localeconv_r
 .text.malloc   0x000033d0       0x10 c:/program files (x86)/cypress/psoc creator/4.2/psoc creator/import/gnu/arm/5.4.1/bin/../lib/gcc/arm-none-eabi/5.4.1/../../../../arm-none-eabi/lib/armv7-m\libg_nano.a(lib_a-malloc.o)
                0x000033d0                malloc
 .text.memchr   0x000033e0       0x1c c:/program files (x86)/cypress/psoc creator/4.2/psoc creator/import/gnu/arm/5.4.1/bin/../lib/gcc/arm-none-eabi/5.4.1/../../../../arm-none-eabi/lib/armv7-m\libg_nano.a(lib_a-memchr-stub.o)
                0x000033e0                memchr
 .text._Balloc  0x000033fc       0x6a c:/program files (x86)/cypress/psoc creator/4.2/psoc creator/import/gnu/arm/5.4.1/bin/../lib/gcc/arm-none-eabi/5.4.1/../../../../arm-none-eabi/lib/armv7-m\libg_nano.a(lib_a-mprec.o)
                0x000033fc                _Balloc
 .text._Bfree   0x00003466       0x2e c:/program files (x86)/cypress/psoc creator/4.2/psoc creator/import/gnu/arm/5.4.1/bin/../lib/gcc/arm-none-eabi/5.4.1/../../../../arm-none-eabi/lib/armv7-m\libg_nano.a(lib_a-mprec.o)
                0x00003466                _Bfree
 .text.__multadd
                0x00003494       0x76 c:/program files (x86)/cypress/psoc creator/4.2/psoc creator/import/gnu/arm/5.4.1/bin/../lib/gcc/arm-none-eabi/5.4.1/../../../../arm-none-eabi/lib/armv7-m\libg_nano.a(lib_a-mprec.o)
                0x00003494                __multadd
 .text.__hi0bits
                0x0000350a       0x40 c:/program files (x86)/cypress/psoc creator/4.2/psoc creator/import/gnu/arm/5.4.1/bin/../lib/gcc/arm-none-eabi/5.4.1/../../../../arm-none-eabi/lib/armv7-m\libg_nano.a(lib_a-mprec.o)
                0x0000350a                __hi0bits
 .text.__lo0bits
                0x0000354a       0x5a c:/program files (x86)/cypress/psoc creator/4.2/psoc creator/import/gnu/arm/5.4.1/bin/../lib/gcc/arm-none-eabi/5.4.1/../../../../arm-none-eabi/lib/armv7-m\libg_nano.a(lib_a-mprec.o)
                0x0000354a                __lo0bits
 .text.__i2b    0x000035a4       0x12 c:/program files (x86)/cypress/psoc creator/4.2/psoc creator/import/gnu/arm/5.4.1/bin/../lib/gcc/arm-none-eabi/5.4.1/../../../../arm-none-eabi/lib/armv7-m\libg_nano.a(lib_a-mprec.o)
                0x000035a4                __i2b
 .text.__multiply
                0x000035b6      0x120 c:/program files (x86)/cypress/psoc creator/4.2/psoc creator/import/gnu/arm/5.4.1/bin/../lib/gcc/arm-none-eabi/5.4.1/../../../../arm-none-eabi/lib/armv7-m\libg_nano.a(lib_a-mprec.o)
                0x000035b6                __multiply
 *fill*         0x000036d6        0x2 
 .text.__pow5mult
                0x000036d8       0x9c c:/program files (x86)/cypress/psoc creator/4.2/psoc creator/import/gnu/arm/5.4.1/bin/../lib/gcc/arm-none-eabi/5.4.1/../../../../arm-none-eabi/lib/armv7-m\libg_nano.a(lib_a-mprec.o)
                0x000036d8                __pow5mult
 .text.__lshift
                0x00003774       0xa2 c:/program files (x86)/cypress/psoc creator/4.2/psoc creator/import/gnu/arm/5.4.1/bin/../lib/gcc/arm-none-eabi/5.4.1/../../../../arm-none-eabi/lib/armv7-m\libg_nano.a(lib_a-mprec.o)
                0x00003774                __lshift
 .text.__mcmp   0x00003816       0x38 c:/program files (x86)/cypress/psoc creator/4.2/psoc creator/import/gnu/arm/5.4.1/bin/../lib/gcc/arm-none-eabi/5.4.1/../../../../arm-none-eabi/lib/armv7-m\libg_nano.a(lib_a-mprec.o)
                0x00003816                __mcmp
 .text.__mdiff  0x0000384e       0xbe c:/program files (x86)/cypress/psoc creator/4.2/psoc creator/import/gnu/arm/5.4.1/bin/../lib/gcc/arm-none-eabi/5.4.1/../../../../arm-none-eabi/lib/armv7-m\libg_nano.a(lib_a-mprec.o)
                0x0000384e                __mdiff
 .text.__d2b    0x0000390c       0x9c c:/program files (x86)/cypress/psoc creator/4.2/psoc creator/import/gnu/arm/5.4.1/bin/../lib/gcc/arm-none-eabi/5.4.1/../../../../arm-none-eabi/lib/armv7-m\libg_nano.a(lib_a-mprec.o)
                0x0000390c                __d2b
 .text._calloc_r
                0x000039a8       0x1c c:/program files (x86)/cypress/psoc creator/4.2/psoc creator/import/gnu/arm/5.4.1/bin/../lib/gcc/arm-none-eabi/5.4.1/../../../../arm-none-eabi/lib/armv7-m\libg_nano.a(lib_a-nano-callocr.o)
                0x000039a8                _calloc_r
 .text._free_r  0x000039c4       0x98 c:/program files (x86)/cypress/psoc creator/4.2/psoc creator/import/gnu/arm/5.4.1/bin/../lib/gcc/arm-none-eabi/5.4.1/../../../../arm-none-eabi/lib/armv7-m\libg_nano.a(lib_a-nano-freer.o)
                0x000039c4                _free_r
 .text._malloc_r
                0x00003a5c       0xbc c:/program files (x86)/cypress/psoc creator/4.2/psoc creator/import/gnu/arm/5.4.1/bin/../lib/gcc/arm-none-eabi/5.4.1/../../../../arm-none-eabi/lib/armv7-m\libg_nano.a(lib_a-nano-mallocr.o)
                0x00003a5c                _malloc_r
 .text.__ssputs_r
                0x00003b18       0xb2 c:/program files (x86)/cypress/psoc creator/4.2/psoc creator/import/gnu/arm/5.4.1/bin/../lib/gcc/arm-none-eabi/5.4.1/../../../../arm-none-eabi/lib/armv7-m\libg_nano.a(lib_a-nano-svfprintf.o)
                0x00003b18                __ssputs_r
 *fill*         0x00003bca        0x2 
 .text._svfprintf_r
                0x00003bcc      0x1e8 c:/program files (x86)/cypress/psoc creator/4.2/psoc creator/import/gnu/arm/5.4.1/bin/../lib/gcc/arm-none-eabi/5.4.1/../../../../arm-none-eabi/lib/armv7-m\libg_nano.a(lib_a-nano-svfprintf.o)
                0x00003bcc                _svfiprintf_r
                0x00003bcc                _svfprintf_r
 .text._sbrk_r  0x00003db4       0x20 c:/program files (x86)/cypress/psoc creator/4.2/psoc creator/import/gnu/arm/5.4.1/bin/../lib/gcc/arm-none-eabi/5.4.1/../../../../arm-none-eabi/lib/armv7-m\libg_nano.a(lib_a-sbrkr.o)
                0x00003db4                _sbrk_r
 .text.memmove  0x00003dd4       0x36 c:/program files (x86)/cypress/psoc creator/4.2/psoc creator/import/gnu/arm/5.4.1/bin/../lib/gcc/arm-none-eabi/5.4.1/../../../../arm-none-eabi/lib/armv7-m\libg_nano.a(lib_a-memmove.o)
                0x00003dd4                memmove
 .text.__malloc_lock
                0x00003e0a        0x2 c:/program files (x86)/cypress/psoc creator/4.2/psoc creator/import/gnu/arm/5.4.1/bin/../lib/gcc/arm-none-eabi/5.4.1/../../../../arm-none-eabi/lib/armv7-m\libg_nano.a(lib_a-mlock.o)
                0x00003e0a                __malloc_lock
 .text.__malloc_unlock
                0x00003e0c        0x2 c:/program files (x86)/cypress/psoc creator/4.2/psoc creator/import/gnu/arm/5.4.1/bin/../lib/gcc/arm-none-eabi/5.4.1/../../../../arm-none-eabi/lib/armv7-m\libg_nano.a(lib_a-mlock.o)
                0x00003e0c                __malloc_unlock
 .text._realloc_r
                0x00003e0e       0x4c c:/program files (x86)/cypress/psoc creator/4.2/psoc creator/import/gnu/arm/5.4.1/bin/../lib/gcc/arm-none-eabi/5.4.1/../../../../arm-none-eabi/lib/armv7-m\libg_nano.a(lib_a-nano-reallocr.o)
                0x00003e0e                _realloc_r
 .text._malloc_usable_size_r
                0x00003e5a       0x14 c:/program files (x86)/cypress/psoc creator/4.2/psoc creator/import/gnu/arm/5.4.1/bin/../lib/gcc/arm-none-eabi/5.4.1/../../../../arm-none-eabi/lib/armv7-m\libg_nano.a(lib_a-nano-msizer.o)
                0x00003e5a                _malloc_usable_size_r
 *fill*         0x00003e6e        0x2 
 .text          0x00003e70      0x424 c:/program files (x86)/cypress/psoc creator/4.2/psoc creator/import/gnu/arm/5.4.1/bin/../lib/gcc/arm-none-eabi/5.4.1/armv7-m\libgcc.a(_arm_muldivdf3.o)
                0x00003e70                __aeabi_dmul
                0x00003e70                __muldf3
                0x000040c4                __divdf3
                0x000040c4                __aeabi_ddiv
 .text          0x00004294       0x2c c:/program files (x86)/cypress/psoc creator/4.2/psoc creator/import/gnu/arm/5.4.1/bin/../lib/gcc/arm-none-eabi/5.4.1/armv7-m\libgcc.a(_arm_unorddf2.o)
                0x00004294                __unorddf2
                0x00004294                __aeabi_dcmpun
 .text          0x000042c0       0x50 c:/program files (x86)/cypress/psoc creator/4.2/psoc creator/import/gnu/arm/5.4.1/bin/../lib/gcc/arm-none-eabi/5.4.1/armv7-m\libgcc.a(_arm_fixdfsi.o)
                0x000042c0                __aeabi_d2iz
                0x000042c0                __fixdfsi
 *(.plt)
 *(.gnu.warning)
 *(.glue_7t)
 .glue_7t       0x00004310        0x0 linker stubs
 *(.glue_7)
 .glue_7        0x00004310        0x0 linker stubs
 *(.vfp11_veneer)
 .vfp11_veneer  0x00004310        0x0 linker stubs
 *(.bootloader)
 *(.ARM.extab* .gnu.linkonce.armextab.*)
 *(.gcc_except_table)

.v4_bx          0x00004310        0x0
 .v4_bx         0x00004310        0x0 linker stubs

.iplt           0x00004310        0x0
 .iplt          0x00004310        0x0 c:/program files (x86)/cypress/psoc creator/4.2/psoc creator/import/gnu/arm/5.4.1/bin/../lib/gcc/arm-none-eabi/5.4.1/armv7-m/crtbegin.o

.eh_frame_hdr
 *(.eh_frame_hdr)

.eh_frame       0x00004310        0x4
 *(.eh_frame)
 .eh_frame      0x00004310        0x0 c:/program files (x86)/cypress/psoc creator/4.2/psoc creator/import/gnu/arm/5.4.1/bin/../lib/gcc/arm-none-eabi/5.4.1/armv7-m/crtbegin.o
 .eh_frame      0x00004310        0x4 c:/program files (x86)/cypress/psoc creator/4.2/psoc creator/import/gnu/arm/5.4.1/bin/../lib/gcc/arm-none-eabi/5.4.1/armv7-m/crtend.o
                [!provide]                PROVIDE (__exidx_start, .)

.ARM.exidx
 *(.ARM.exidx* .gnu.linkonce.armexidx.*)
                0x00004314                __exidx_end = .

.rodata         0x00004318      0x1d8
 *(.rodata .rodata.* .gnu.linkonce.r.*)
 .rodata        0x00004318        0x6 .\ARM_GCC_541\Debug\main.o
 *fill*         0x0000431e        0x2 
 .rodata        0x00004320       0x36 .\ARM_GCC_541\Debug\cyfitter_cfg.o
                0x00004320                ADC_DelSig_1_AMux__addrTable
                0x00004328                ADC_DelSig_1_AMux__maskTable
 .rodata.str1.1
                0x00004356        0x2 c:/program files (x86)/cypress/psoc creator/4.2/psoc creator/import/gnu/arm/5.4.1/bin/../lib/gcc/arm-none-eabi/5.4.1/../../../../arm-none-eabi/lib/armv7-m\libg_nano.a(lib_a-impure.o)
 .rodata.str1.1
                0x00004358       0x12 c:/program files (x86)/cypress/psoc creator/4.2/psoc creator/import/gnu/arm/5.4.1/bin/../lib/gcc/arm-none-eabi/5.4.1/../../../../arm-none-eabi/lib/armv7-m\libg_nano.a(lib_a-nano-vfprintf_float.o)
 .rodata.str1.1
                0x0000436a       0x22 c:/program files (x86)/cypress/psoc creator/4.2/psoc creator/import/gnu/arm/5.4.1/bin/../lib/gcc/arm-none-eabi/5.4.1/../../../../arm-none-eabi/lib/armv7-m\libg_nano.a(lib_a-nano-vfprintf_i.o)
 .rodata.str1.1
                0x0000438c        0xd c:/program files (x86)/cypress/psoc creator/4.2/psoc creator/import/gnu/arm/5.4.1/bin/../lib/gcc/arm-none-eabi/5.4.1/../../../../arm-none-eabi/lib/armv7-m\libg_nano.a(lib_a-dtoa.o)
                                  0xf (size before relaxing)
 .rodata.str1.1
                0x00004399        0x8 c:/program files (x86)/cypress/psoc creator/4.2/psoc creator/import/gnu/arm/5.4.1/bin/../lib/gcc/arm-none-eabi/5.4.1/../../../../arm-none-eabi/lib/armv7-m\libg_nano.a(lib_a-locale.o)
                                  0xb (size before relaxing)
 *fill*         0x000043a1        0x7 
 .rodata.__mprec_tens
                0x000043a8       0xc8 c:/program files (x86)/cypress/psoc creator/4.2/psoc creator/import/gnu/arm/5.4.1/bin/../lib/gcc/arm-none-eabi/5.4.1/../../../../arm-none-eabi/lib/armv7-m\libg_nano.a(lib_a-mprec.o)
                0x000043a8                __mprec_tens
 .rodata.p05.5408
                0x00004470        0xc c:/program files (x86)/cypress/psoc creator/4.2/psoc creator/import/gnu/arm/5.4.1/bin/../lib/gcc/arm-none-eabi/5.4.1/../../../../arm-none-eabi/lib/armv7-m\libg_nano.a(lib_a-mprec.o)
 *fill*         0x0000447c        0x4 
 .rodata.__mprec_bigtens
                0x00004480       0x28 c:/program files (x86)/cypress/psoc creator/4.2/psoc creator/import/gnu/arm/5.4.1/bin/../lib/gcc/arm-none-eabi/5.4.1/../../../../arm-none-eabi/lib/armv7-m\libg_nano.a(lib_a-mprec.o)
                0x00004480                __mprec_bigtens
 .rodata.str1.1
                0x000044a8       0x11 c:/program files (x86)/cypress/psoc creator/4.2/psoc creator/import/gnu/arm/5.4.1/bin/../lib/gcc/arm-none-eabi/5.4.1/../../../../arm-none-eabi/lib/armv7-m\libg_nano.a(lib_a-nano-svfprintf.o)
                0x000044bc                . = ALIGN (0x4)
 *fill*         0x000044b9        0x3 
 *(.init)
 .init          0x000044bc        0x4 c:/program files (x86)/cypress/psoc creator/4.2/psoc creator/import/gnu/arm/5.4.1/bin/../lib/gcc/arm-none-eabi/5.4.1/armv7-m/crti.o
                0x000044bc                _init
 .init          0x000044c0        0x8 c:/program files (x86)/cypress/psoc creator/4.2/psoc creator/import/gnu/arm/5.4.1/bin/../lib/gcc/arm-none-eabi/5.4.1/armv7-m/crtn.o
                0x000044c8                . = ALIGN (0x4)
                0x000044c8                __preinit_array_start = .
 *(.preinit_array)
                0x000044c8                __preinit_array_end = .
                0x000044c8                . = ALIGN (0x4)
                0x000044c8                __init_array_start = .
 *(SORT(.init_array.*))
 *(.init_array)
 .init_array    0x000044c8        0x4 c:/program files (x86)/cypress/psoc creator/4.2/psoc creator/import/gnu/arm/5.4.1/bin/../lib/gcc/arm-none-eabi/5.4.1/armv7-m/crtbegin.o
 .init_array    0x000044cc        0x4 .\ARM_GCC_541\Debug\Cm3Start.o
                0x000044d0                __init_array_end = .
                0x000044d0                . = ALIGN (0x4)
 *(.fini)
 .fini          0x000044d0        0x4 c:/program files (x86)/cypress/psoc creator/4.2/psoc creator/import/gnu/arm/5.4.1/bin/../lib/gcc/arm-none-eabi/5.4.1/armv7-m/crti.o
                0x000044d0                _fini
 .fini          0x000044d4        0x8 c:/program files (x86)/cypress/psoc creator/4.2/psoc creator/import/gnu/arm/5.4.1/bin/../lib/gcc/arm-none-eabi/5.4.1/armv7-m/crtn.o
                0x000044dc                . = ALIGN (0x4)
                0x000044dc                __fini_array_start = .
 *(.fini_array)
 .fini_array    0x000044dc        0x4 c:/program files (x86)/cypress/psoc creator/4.2/psoc creator/import/gnu/arm/5.4.1/bin/../lib/gcc/arm-none-eabi/5.4.1/armv7-m/crtbegin.o
 *(SORT(.fini_array.*))
                0x000044e0                __fini_array_end = .
                0x000044e0                . = ALIGN (0x4)
 *crtbegin.o(.ctors)
 *(EXCLUDE_FILE(*crtend.o) .ctors)
 *(SORT(.ctors.*))
 *crtend.o(.ctors)
                0x000044e0                . = ALIGN (0x4)
 *crtbegin.o(.dtors)
 *(EXCLUDE_FILE(*crtend.o) .dtors)
 *(SORT(.dtors.*))
 *crtend.o(.dtors)
                0x000044e0                . = ALIGN (0x4)
                0x000044e0                __cy_regions = .
                0x000044e0        0x4 LONG 0x44f0 __cy_region_init_ram
                0x000044e4        0x4 LONG 0x1fff80c8 __cy_region_start_data
                0x000044e8        0x4 LONG 0xb8 __cy_region_init_size_ram
                0x000044ec        0x4 LONG 0x50 __cy_region_zero_size_ram
                0x000044f0                __cy_regions_end = .
                0x000044f0                . = ALIGN (0x8)
                0x000044f0                _etext = .

.cy_checksum_exclude
                0x000044f0        0x0
 *(.cy_checksum_exclude)

.ramvectors     0x1fff8000       0xc0
                0x1fff8000                __cy_region_start_ram = .
 *(.ramvectors)
 .ramvectors    0x1fff8000       0xc0 .\ARM_GCC_541\Debug\Cm3Start.o
                0x1fff8000                CyRamVectors

.noinit         0x1fff80c0        0x5
 *(.noinit)
 .noinit        0x1fff80c0        0x4 .\ARM_GCC_541\Debug\Cm3Start.o
 .noinit        0x1fff80c4        0x1 .\ARM_GCC_541\Debug\IDAC8_Example01.a(CyLib.o)
                0x1fff80c4                CyResetStatus

.data           0x1fff80c8       0xb8 load address 0x000044f0
                0x1fff80c8                __cy_region_start_data = .
 *(.jcr)
 .jcr           0x1fff80c8        0x0 c:/program files (x86)/cypress/psoc creator/4.2/psoc creator/import/gnu/arm/5.4.1/bin/../lib/gcc/arm-none-eabi/5.4.1/armv7-m/crtbegin.o
 .jcr           0x1fff80c8        0x4 c:/program files (x86)/cypress/psoc creator/4.2/psoc creator/import/gnu/arm/5.4.1/bin/../lib/gcc/arm-none-eabi/5.4.1/armv7-m/crtend.o
 *(.got.plt)
 *(.got)
 *(.shdata)
 *(.data .data.* .gnu.linkonce.d.*)
 .data          0x1fff80cc        0x4 .\ARM_GCC_541\Debug\Cm3Start.o
 .data          0x1fff80d0       0x10 .\ARM_GCC_541\Debug\IDAC8_Example01.a(CyLib.o)
                0x1fff80d0                cydelay_freq_hz
                0x1fff80d4                cydelay_freq_khz
                0x1fff80d8                cydelay_freq_mhz
                0x1fff80dc                cydelay_32k_ms
 .data          0x1fff80e0        0x1 .\ARM_GCC_541\Debug\IDAC8_Example01.a(ADC_DelSig_1.o)
                0x1fff80e0                ADC_DelSig_1_Config
 .data          0x1fff80e1        0x1 .\ARM_GCC_541\Debug\IDAC8_Example01.a(ADC_DelSig_1_AMux.o)
 *fill*         0x1fff80e2        0x2 
 .data.impure_data
                0x1fff80e4       0x60 c:/program files (x86)/cypress/psoc creator/4.2/psoc creator/import/gnu/arm/5.4.1/bin/../lib/gcc/arm-none-eabi/5.4.1/../../../../arm-none-eabi/lib/armv7-m\libg_nano.a(lib_a-impure.o)
 .data._impure_ptr
                0x1fff8144        0x4 c:/program files (x86)/cypress/psoc creator/4.2/psoc creator/import/gnu/arm/5.4.1/bin/../lib/gcc/arm-none-eabi/5.4.1/../../../../arm-none-eabi/lib/armv7-m\libg_nano.a(lib_a-impure.o)
                0x1fff8144                _impure_ptr
 .data.lconv    0x1fff8148       0x38 c:/program files (x86)/cypress/psoc creator/4.2/psoc creator/import/gnu/arm/5.4.1/bin/../lib/gcc/arm-none-eabi/5.4.1/../../../../arm-none-eabi/lib/armv7-m\libg_nano.a(lib_a-locale.o)
                0x1fff8180                . = ALIGN (0x8)
 *(.ram)
                0x1fff8180                _edata = .

.igot.plt       0x1fff8180        0x0 load address 0x000045a8
 .igot.plt      0x1fff8180        0x0 c:/program files (x86)/cypress/psoc creator/4.2/psoc creator/import/gnu/arm/5.4.1/bin/../lib/gcc/arm-none-eabi/5.4.1/armv7-m/crtbegin.o

.bss            0x1fff8180       0x50 load address 0x000045a8
                0x1fff8180                PROVIDE (__bss_start__, .)
 *(.shbss)
 *(.bss .bss.* .gnu.linkonce.b.*)
 .bss           0x1fff8180       0x1c c:/program files (x86)/cypress/psoc creator/4.2/psoc creator/import/gnu/arm/5.4.1/bin/../lib/gcc/arm-none-eabi/5.4.1/armv7-m/crtbegin.o
 .bss           0x1fff819c        0x1 .\ARM_GCC_541\Debug\IDAC8_Example01.a(IDAC8_1.o)
                0x1fff819c                IDAC8_1_initVar
 *fill*         0x1fff819d        0x3 
 .bss           0x1fff81a0       0x18 .\ARM_GCC_541\Debug\IDAC8_Example01.a(ADC_DelSig_1.o)
                0x1fff81a0                ADC_DelSig_1_convDone
                0x1fff81a1                ADC_DelSig_1_stopConversion
                0x1fff81a2                ADC_DelSig_1_initVar
                0x1fff81a3                ADC_DelSig_1_started
                0x1fff81a4                ADC_DelSig_1_Offset
 .bss           0x1fff81b8        0x2 .\ARM_GCC_541\Debug\IDAC8_Example01.a(UART_1.o)
                0x1fff81b8                UART_1_initVar
 *fill*         0x1fff81ba        0x2 
 .bss.__malloc_sbrk_start
                0x1fff81bc        0x4 c:/program files (x86)/cypress/psoc creator/4.2/psoc creator/import/gnu/arm/5.4.1/bin/../lib/gcc/arm-none-eabi/5.4.1/../../../../arm-none-eabi/lib/armv7-m\libg_nano.a(lib_a-nano-mallocr.o)
                0x1fff81bc                __malloc_sbrk_start
 .bss.__malloc_free_list
                0x1fff81c0        0x4 c:/program files (x86)/cypress/psoc creator/4.2/psoc creator/import/gnu/arm/5.4.1/bin/../lib/gcc/arm-none-eabi/5.4.1/../../../../arm-none-eabi/lib/armv7-m\libg_nano.a(lib_a-nano-mallocr.o)
                0x1fff81c0                __malloc_free_list
 *(COMMON)
 COMMON         0x1fff81c4        0x4 .\ARM_GCC_541\Debug\IDAC8_Example01.a(ADC_DelSig_1.o)
                0x1fff81c4                ADC_DelSig_1_CountsPerVolt
 COMMON         0x1fff81c8        0x4 c:/program files (x86)/cypress/psoc creator/4.2/psoc creator/import/gnu/arm/5.4.1/bin/../lib/gcc/arm-none-eabi/5.4.1/../../../../arm-none-eabi/lib/armv7-m\libg_nano.a(lib_a-reent.o)
                0x1fff81c8                errno
                0x1fff81d0                . = ALIGN (0x8)
 *fill*         0x1fff81cc        0x4 
 *(.ram.b)
                0x1fff81d0                _end = .
                0x1fff81d0                __end = .
                0x1fff81d0                PROVIDE (end, .)
                0x1fff81d0                PROVIDE (__bss_end__, .)
                0x000044f0                __cy_region_init_ram = LOADADDR (.data)
                0x000000b8                __cy_region_init_size_ram = (_edata - ADDR (.data))
                0x00000050                __cy_region_zero_size_ram = (_end - _edata)

.heap           0x1fff81d0       0x80 load address 0x000045a8
                0x1fff81d0                . = _end
                0x1fff8250                . = (. + 0x80)
 *fill*         0x1fff81d0       0x80 
                0x1fff8250                __cy_heap_limit = .

.stack          0x20007800      0x800
                0x20007800                __cy_stack_limit = .
                0x20008000                . = (. + 0x800)
 *fill*         0x20007800      0x800 
                0x00000001                ASSERT ((__cy_stack_limit >= __cy_heap_limit), region RAM overflowed with stack)
                0x00000000                cy_checksum_exclude_size = (CY_APPL_LOADABLE == 0x1)?SIZEOF (.cy_checksum_exclude):0x0
                0x00000001                ASSERT ((cy_checksum_exclude_size <= CY_CHECKSUM_EXCLUDE_SIZE), CY_BOOT: Section .cy_checksum_exclude size exceedes specified limit.)

.cyloadermeta
 *(.cyloadermeta)

.cyloadablemeta
 *(.cyloadablemeta)

.cyconfigecc    0x80000000      0x418
 *(.cyconfigecc)
 .cyconfigecc   0x80000000      0x418 .\ARM_GCC_541\Debug\cymetadata.o
                0x80000000                cy_meta_configecc

.cycustnvl      0x90000000        0x4
 *(.cycustnvl)
 .cycustnvl     0x90000000        0x4 .\ARM_GCC_541\Debug\cymetadata.o
                0x90000000                cy_meta_custnvl

.cywolatch      0x90100000        0x4
 *(.cywolatch)
 .cywolatch     0x90100000        0x4 .\ARM_GCC_541\Debug\cymetadata.o
                0x90100000                cy_meta_wonvl

.cyeeprom       0x90200000        0x0
 *(.cyeeprom)
                0x00000001                ASSERT ((. <= ((0x90200000 + ee_offset) + ee_size)), .cyeeprom data will not fit in EEPROM)

.cyflashprotect
                0x90400000      0x100
 *(.cyflashprotect)
 .cyflashprotect
                0x90400000      0x100 .\ARM_GCC_541\Debug\cymetadata.o
                0x90400000                cy_meta_flashprotect

.cymeta         0x90500000        0xc
 *(.cymeta)
 .cymeta        0x90500000        0xc .\ARM_GCC_541\Debug\cymetadata.o
                0x90500000                cy_metadata

.rel.dyn        0x000045a8        0x0 load address 0x9050000c
 .rel.iplt      0x000045a8        0x0 c:/program files (x86)/cypress/psoc creator/4.2/psoc creator/import/gnu/arm/5.4.1/bin/../lib/gcc/arm-none-eabi/5.4.1/armv7-m/crtbegin.o

.stab
 *(.stab)

.stabstr
 *(.stabstr)

.debug
 *(.debug)

.line
 *(.line)

.debug_srcinfo
 *(.debug_srcinfo)

.debug_sfnames
 *(.debug_sfnames)

.debug_aranges  0x00000000      0x940
 *(.debug_aranges)
 .debug_aranges
                0x00000000       0x20 .\ARM_GCC_541\Debug\main.o
 .debug_aranges
                0x00000020       0x70 .\ARM_GCC_541\Debug\cyfitter_cfg.o
 .debug_aranges
                0x00000090       0x18 .\ARM_GCC_541\Debug\cymetadata.o
 .debug_aranges
                0x000000a8       0x48 .\ARM_GCC_541\Debug\Cm3Start.o
 .debug_aranges
                0x000000f0       0x60 .\ARM_GCC_541\Debug\IDAC8_Example01.a(IDAC8_1.o)
 .debug_aranges
                0x00000150      0x2a0 .\ARM_GCC_541\Debug\IDAC8_Example01.a(CyLib.o)
 .debug_aranges
                0x000003f0       0x98 .\ARM_GCC_541\Debug\IDAC8_Example01.a(cyPm.o)
 .debug_aranges
                0x00000488       0xe8 .\ARM_GCC_541\Debug\IDAC8_Example01.a(ADC_DelSig_1.o)
 .debug_aranges
                0x00000570       0x38 .\ARM_GCC_541\Debug\IDAC8_Example01.a(ADC_DelSig_1_INT.o)
 .debug_aranges
                0x000005a8       0x30 .\ARM_GCC_541\Debug\IDAC8_Example01.a(ADC_DelSig_1_AMux.o)
 .debug_aranges
                0x000005d8       0x70 .\ARM_GCC_541\Debug\IDAC8_Example01.a(ADC_DelSig_1_Ext_CP_Clk.o)
 .debug_aranges
                0x00000648       0x80 .\ARM_GCC_541\Debug\IDAC8_Example01.a(ADC_DelSig_1_theACLK.o)
 .debug_aranges
                0x000006c8       0xf0 .\ARM_GCC_541\Debug\IDAC8_Example01.a(UART_1.o)
 .debug_aranges
                0x000007b8       0x70 .\ARM_GCC_541\Debug\IDAC8_Example01.a(UART_1_IntClock.o)
 .debug_aranges
                0x00000828       0x20 .\ARM_GCC_541\Debug\IDAC8_Example01.a(CyBootAsmGnu.o)
 .debug_aranges
                0x00000848       0x80 .\ARM_GCC_541\Debug\IDAC8_Example01.a(CyFlash.o)
 .debug_aranges
                0x000008c8       0x78 .\ARM_GCC_541\Debug\IDAC8_Example01.a(CySpc.o)

.debug_pubnames
 *(.debug_pubnames)

.debug_info     0x00000000     0x3d2f
 *(.debug_info .gnu.linkonce.wi.*)
 .debug_info    0x00000000      0x121 .\ARM_GCC_541\Debug\main.o
 .debug_info    0x00000121      0x448 .\ARM_GCC_541\Debug\cyfitter_cfg.o
 .debug_info    0x00000569      0x135 .\ARM_GCC_541\Debug\cymetadata.o
 .debug_info    0x0000069e      0x32b .\ARM_GCC_541\Debug\Cm3Start.o
 .debug_info    0x000009c9      0x1ad .\ARM_GCC_541\Debug\IDAC8_Example01.a(IDAC8_1.o)
 .debug_info    0x00000b76      0xe51 .\ARM_GCC_541\Debug\IDAC8_Example01.a(CyLib.o)
 .debug_info    0x000019c7      0x57a .\ARM_GCC_541\Debug\IDAC8_Example01.a(cyPm.o)
 .debug_info    0x00001f41      0x72c .\ARM_GCC_541\Debug\IDAC8_Example01.a(ADC_DelSig_1.o)
 .debug_info    0x0000266d       0xd3 .\ARM_GCC_541\Debug\IDAC8_Example01.a(ADC_DelSig_1_INT.o)
 .debug_info    0x00002740      0x10a .\ARM_GCC_541\Debug\IDAC8_Example01.a(ADC_DelSig_1_AMux.o)
 .debug_info    0x0000284a      0x25d .\ARM_GCC_541\Debug\IDAC8_Example01.a(ADC_DelSig_1_Ext_CP_Clk.o)
 .debug_info    0x00002aa7      0x299 .\ARM_GCC_541\Debug\IDAC8_Example01.a(ADC_DelSig_1_theACLK.o)
 .debug_info    0x00002d40      0x50a .\ARM_GCC_541\Debug\IDAC8_Example01.a(UART_1.o)
 .debug_info    0x0000324a      0x25d .\ARM_GCC_541\Debug\IDAC8_Example01.a(UART_1_IntClock.o)
 .debug_info    0x000034a7       0xbd .\ARM_GCC_541\Debug\IDAC8_Example01.a(CyBootAsmGnu.o)
 .debug_info    0x00003564      0x371 .\ARM_GCC_541\Debug\IDAC8_Example01.a(CyFlash.o)
 .debug_info    0x000038d5      0x45a .\ARM_GCC_541\Debug\IDAC8_Example01.a(CySpc.o)

.debug_abbrev   0x00000000     0x12e2
 *(.debug_abbrev)
 .debug_abbrev  0x00000000       0xa6 .\ARM_GCC_541\Debug\main.o
 .debug_abbrev  0x000000a6      0x1b0 .\ARM_GCC_541\Debug\cyfitter_cfg.o
 .debug_abbrev  0x00000256       0x66 .\ARM_GCC_541\Debug\cymetadata.o
 .debug_abbrev  0x000002bc      0x1d6 .\ARM_GCC_541\Debug\Cm3Start.o
 .debug_abbrev  0x00000492      0x114 .\ARM_GCC_541\Debug\IDAC8_Example01.a(IDAC8_1.o)
 .debug_abbrev  0x000005a6      0x217 .\ARM_GCC_541\Debug\IDAC8_Example01.a(CyLib.o)
 .debug_abbrev  0x000007bd      0x161 .\ARM_GCC_541\Debug\IDAC8_Example01.a(cyPm.o)
 .debug_abbrev  0x0000091e      0x19d .\ARM_GCC_541\Debug\IDAC8_Example01.a(ADC_DelSig_1.o)
 .debug_abbrev  0x00000abb       0x42 .\ARM_GCC_541\Debug\IDAC8_Example01.a(ADC_DelSig_1_INT.o)
 .debug_abbrev  0x00000afd       0x6f .\ARM_GCC_541\Debug\IDAC8_Example01.a(ADC_DelSig_1_AMux.o)
 .debug_abbrev  0x00000b6c      0x11d .\ARM_GCC_541\Debug\IDAC8_Example01.a(ADC_DelSig_1_Ext_CP_Clk.o)
 .debug_abbrev  0x00000c89      0x11d .\ARM_GCC_541\Debug\IDAC8_Example01.a(ADC_DelSig_1_theACLK.o)
 .debug_abbrev  0x00000da6      0x163 .\ARM_GCC_541\Debug\IDAC8_Example01.a(UART_1.o)
 .debug_abbrev  0x00000f09      0x11d .\ARM_GCC_541\Debug\IDAC8_Example01.a(UART_1_IntClock.o)
 .debug_abbrev  0x00001026       0x14 .\ARM_GCC_541\Debug\IDAC8_Example01.a(CyBootAsmGnu.o)
 .debug_abbrev  0x0000103a      0x13c .\ARM_GCC_541\Debug\IDAC8_Example01.a(CyFlash.o)
 .debug_abbrev  0x00001176      0x16c .\ARM_GCC_541\Debug\IDAC8_Example01.a(CySpc.o)

.debug_line     0x00000000     0x2591
 *(.debug_line)
 .debug_line    0x00000000      0x176 .\ARM_GCC_541\Debug\main.o
 .debug_line    0x00000176      0x221 .\ARM_GCC_541\Debug\cyfitter_cfg.o
 .debug_line    0x00000397      0x141 .\ARM_GCC_541\Debug\cymetadata.o
 .debug_line    0x000004d8      0x1dc .\ARM_GCC_541\Debug\Cm3Start.o
 .debug_line    0x000006b4      0x107 .\ARM_GCC_541\Debug\IDAC8_Example01.a(IDAC8_1.o)
 .debug_line    0x000007bb      0x883 .\ARM_GCC_541\Debug\IDAC8_Example01.a(CyLib.o)
 .debug_line    0x0000103e      0x38e .\ARM_GCC_541\Debug\IDAC8_Example01.a(cyPm.o)
 .debug_line    0x000013cc      0x3d7 .\ARM_GCC_541\Debug\IDAC8_Example01.a(ADC_DelSig_1.o)
 .debug_line    0x000017a3       0x95 .\ARM_GCC_541\Debug\IDAC8_Example01.a(ADC_DelSig_1_INT.o)
 .debug_line    0x00001838       0xa6 .\ARM_GCC_541\Debug\IDAC8_Example01.a(ADC_DelSig_1_AMux.o)
 .debug_line    0x000018de      0x1b6 .\ARM_GCC_541\Debug\IDAC8_Example01.a(ADC_DelSig_1_Ext_CP_Clk.o)
 .debug_line    0x00001a94      0x1d7 .\ARM_GCC_541\Debug\IDAC8_Example01.a(ADC_DelSig_1_theACLK.o)
 .debug_line    0x00001c6b      0x2e4 .\ARM_GCC_541\Debug\IDAC8_Example01.a(UART_1.o)
 .debug_line    0x00001f4f      0x1ae .\ARM_GCC_541\Debug\IDAC8_Example01.a(UART_1_IntClock.o)
 .debug_line    0x000020fd       0x7d .\ARM_GCC_541\Debug\IDAC8_Example01.a(CyBootAsmGnu.o)
 .debug_line    0x0000217a      0x205 .\ARM_GCC_541\Debug\IDAC8_Example01.a(CyFlash.o)
 .debug_line    0x0000237f      0x212 .\ARM_GCC_541\Debug\IDAC8_Example01.a(CySpc.o)

.debug_frame    0x00000000     0x2d50
 *(.debug_frame)
 .debug_frame   0x00000000       0x30 .\ARM_GCC_541\Debug\main.o
 .debug_frame   0x00000030      0x1bc .\ARM_GCC_541\Debug\cyfitter_cfg.o
 .debug_frame   0x000001ec       0xd8 .\ARM_GCC_541\Debug\Cm3Start.o
 .debug_frame   0x000002c4      0x158 .\ARM_GCC_541\Debug\IDAC8_Example01.a(IDAC8_1.o)
 .debug_frame   0x0000041c      0xc0c .\ARM_GCC_541\Debug\IDAC8_Example01.a(CyLib.o)
 .debug_frame   0x00001028      0x234 .\ARM_GCC_541\Debug\IDAC8_Example01.a(cyPm.o)
 .debug_frame   0x0000125c      0x40c .\ARM_GCC_541\Debug\IDAC8_Example01.a(ADC_DelSig_1.o)
 .debug_frame   0x00001668       0xa0 .\ARM_GCC_541\Debug\IDAC8_Example01.a(ADC_DelSig_1_INT.o)
 .debug_frame   0x00001708       0x88 .\ARM_GCC_541\Debug\IDAC8_Example01.a(ADC_DelSig_1_AMux.o)
 .debug_frame   0x00001790      0x1b4 .\ARM_GCC_541\Debug\IDAC8_Example01.a(ADC_DelSig_1_Ext_CP_Clk.o)
 .debug_frame   0x00001944      0x200 .\ARM_GCC_541\Debug\IDAC8_Example01.a(ADC_DelSig_1_theACLK.o)
 .debug_frame   0x00001b44      0x42c .\ARM_GCC_541\Debug\IDAC8_Example01.a(UART_1.o)
 .debug_frame   0x00001f70      0x1b4 .\ARM_GCC_541\Debug\IDAC8_Example01.a(UART_1_IntClock.o)
 .debug_frame   0x00002124      0x210 .\ARM_GCC_541\Debug\IDAC8_Example01.a(CyFlash.o)
 .debug_frame   0x00002334      0x1f8 .\ARM_GCC_541\Debug\IDAC8_Example01.a(CySpc.o)
 .debug_frame   0x0000252c       0x20 c:/program files (x86)/cypress/psoc creator/4.2/psoc creator/import/gnu/arm/5.4.1/bin/../lib/gcc/arm-none-eabi/5.4.1/../../../../arm-none-eabi/lib/armv7-m\libg_nano.a(lib_a-errno.o)
 .debug_frame   0x0000254c       0x28 c:/program files (x86)/cypress/psoc creator/4.2/psoc creator/import/gnu/arm/5.4.1/bin/../lib/gcc/arm-none-eabi/5.4.1/../../../../arm-none-eabi/lib/armv7-m\libg_nano.a(lib_a-exit.o)
 .debug_frame   0x00002574       0x2c c:/program files (x86)/cypress/psoc creator/4.2/psoc creator/import/gnu/arm/5.4.1/bin/../lib/gcc/arm-none-eabi/5.4.1/../../../../arm-none-eabi/lib/armv7-m\libg_nano.a(lib_a-init.o)
 .debug_frame   0x000025a0       0x28 c:/program files (x86)/cypress/psoc creator/4.2/psoc creator/import/gnu/arm/5.4.1/bin/../lib/gcc/arm-none-eabi/5.4.1/../../../../arm-none-eabi/lib/armv7-m\libg_nano.a(lib_a-memcpy-stub.o)
 .debug_frame   0x000025c8       0x20 c:/program files (x86)/cypress/psoc creator/4.2/psoc creator/import/gnu/arm/5.4.1/bin/../lib/gcc/arm-none-eabi/5.4.1/../../../../arm-none-eabi/lib/armv7-m\libg_nano.a(lib_a-memset.o)
 .debug_frame   0x000025e8       0x8c c:/program files (x86)/cypress/psoc creator/4.2/psoc creator/import/gnu/arm/5.4.1/bin/../lib/gcc/arm-none-eabi/5.4.1/../../../../arm-none-eabi/lib/armv7-m\libg_nano.a(lib_a-nano-vfprintf_float.o)
 .debug_frame   0x00002674       0x60 c:/program files (x86)/cypress/psoc creator/4.2/psoc creator/import/gnu/arm/5.4.1/bin/../lib/gcc/arm-none-eabi/5.4.1/../../../../arm-none-eabi/lib/armv7-m\libg_nano.a(lib_a-nano-vfprintf_i.o)
 .debug_frame   0x000026d4       0x70 c:/program files (x86)/cypress/psoc creator/4.2/psoc creator/import/gnu/arm/5.4.1/bin/../lib/gcc/arm-none-eabi/5.4.1/../../../../arm-none-eabi/lib/armv7-m\libg_nano.a(lib_a-sprintf.o)
 .debug_frame   0x00002744       0x6c c:/program files (x86)/cypress/psoc creator/4.2/psoc creator/import/gnu/arm/5.4.1/bin/../lib/gcc/arm-none-eabi/5.4.1/../../../../arm-none-eabi/lib/armv7-m\libg_nano.a(lib_a-dtoa.o)
 .debug_frame   0x000027b0       0x98 c:/program files (x86)/cypress/psoc creator/4.2/psoc creator/import/gnu/arm/5.4.1/bin/../lib/gcc/arm-none-eabi/5.4.1/../../../../arm-none-eabi/lib/armv7-m\libg_nano.a(lib_a-locale.o)
 .debug_frame   0x00002848       0x30 c:/program files (x86)/cypress/psoc creator/4.2/psoc creator/import/gnu/arm/5.4.1/bin/../lib/gcc/arm-none-eabi/5.4.1/../../../../arm-none-eabi/lib/armv7-m\libg_nano.a(lib_a-malloc.o)
 .debug_frame   0x00002878       0x28 c:/program files (x86)/cypress/psoc creator/4.2/psoc creator/import/gnu/arm/5.4.1/bin/../lib/gcc/arm-none-eabi/5.4.1/../../../../arm-none-eabi/lib/armv7-m\libg_nano.a(lib_a-memchr-stub.o)
 .debug_frame   0x000028a0      0x234 c:/program files (x86)/cypress/psoc creator/4.2/psoc creator/import/gnu/arm/5.4.1/bin/../lib/gcc/arm-none-eabi/5.4.1/../../../../arm-none-eabi/lib/armv7-m\libg_nano.a(lib_a-mprec.o)
 .debug_frame   0x00002ad4       0x2c c:/program files (x86)/cypress/psoc creator/4.2/psoc creator/import/gnu/arm/5.4.1/bin/../lib/gcc/arm-none-eabi/5.4.1/../../../../arm-none-eabi/lib/armv7-m\libg_nano.a(lib_a-nano-callocr.o)
 .debug_frame   0x00002b00       0x38 c:/program files (x86)/cypress/psoc creator/4.2/psoc creator/import/gnu/arm/5.4.1/bin/../lib/gcc/arm-none-eabi/5.4.1/../../../../arm-none-eabi/lib/armv7-m\libg_nano.a(lib_a-nano-freer.o)
 .debug_frame   0x00002b38       0x2c c:/program files (x86)/cypress/psoc creator/4.2/psoc creator/import/gnu/arm/5.4.1/bin/../lib/gcc/arm-none-eabi/5.4.1/../../../../arm-none-eabi/lib/armv7-m\libg_nano.a(lib_a-nano-mallocr.o)
 .debug_frame   0x00002b64       0x90 c:/program files (x86)/cypress/psoc creator/4.2/psoc creator/import/gnu/arm/5.4.1/bin/../lib/gcc/arm-none-eabi/5.4.1/../../../../arm-none-eabi/lib/armv7-m\libg_nano.a(lib_a-nano-svfprintf.o)
 .debug_frame   0x00002bf4       0x2c c:/program files (x86)/cypress/psoc creator/4.2/psoc creator/import/gnu/arm/5.4.1/bin/../lib/gcc/arm-none-eabi/5.4.1/../../../../arm-none-eabi/lib/armv7-m\libg_nano.a(lib_a-sbrkr.o)
 .debug_frame   0x00002c20       0x20 c:/program files (x86)/cypress/psoc creator/4.2/psoc creator/import/gnu/arm/5.4.1/bin/../lib/gcc/arm-none-eabi/5.4.1/../../../../arm-none-eabi/lib/armv7-m\libg_nano.a(lib_a-strcmp.o)
 .debug_frame   0x00002c40       0x28 c:/program files (x86)/cypress/psoc creator/4.2/psoc creator/import/gnu/arm/5.4.1/bin/../lib/gcc/arm-none-eabi/5.4.1/../../../../arm-none-eabi/lib/armv7-m\libg_nano.a(lib_a-memmove.o)
 .debug_frame   0x00002c68       0x30 c:/program files (x86)/cypress/psoc creator/4.2/psoc creator/import/gnu/arm/5.4.1/bin/../lib/gcc/arm-none-eabi/5.4.1/../../../../arm-none-eabi/lib/armv7-m\libg_nano.a(lib_a-mlock.o)
 .debug_frame   0x00002c98       0x3c c:/program files (x86)/cypress/psoc creator/4.2/psoc creator/import/gnu/arm/5.4.1/bin/../lib/gcc/arm-none-eabi/5.4.1/../../../../arm-none-eabi/lib/armv7-m\libg_nano.a(lib_a-nano-reallocr.o)
 .debug_frame   0x00002cd4       0x5c c:/program files (x86)/cypress/psoc creator/4.2/psoc creator/import/gnu/arm/5.4.1/bin/../lib/gcc/arm-none-eabi/5.4.1/../../../../arm-none-eabi/lib/armv7-m\libg_nano.a(lib_a-reent.o)
 .debug_frame   0x00002d30       0x20 c:/program files (x86)/cypress/psoc creator/4.2/psoc creator/import/gnu/arm/5.4.1/bin/../lib/gcc/arm-none-eabi/5.4.1/../../../../arm-none-eabi/lib/armv7-m\libg_nano.a(lib_a-nano-msizer.o)

.debug_str      0x00000000     0x215a
 *(.debug_str)
 .debug_str     0x00000000      0x198 .\ARM_GCC_541\Debug\main.o
                                0x1e6 (size before relaxing)
 .debug_str     0x00000198      0x1eb .\ARM_GCC_541\Debug\cyfitter_cfg.o
                                0x3a0 (size before relaxing)
 .debug_str     0x00000383       0x7f .\ARM_GCC_541\Debug\cymetadata.o
                                0x211 (size before relaxing)
 .debug_str     0x00000402      0x123 .\ARM_GCC_541\Debug\Cm3Start.o
                                0x304 (size before relaxing)
 .debug_str     0x00000525       0xd9 .\ARM_GCC_541\Debug\IDAC8_Example01.a(IDAC8_1.o)
                                0x27d (size before relaxing)
 .debug_str     0x000005fe      0x807 .\ARM_GCC_541\Debug\IDAC8_Example01.a(CyLib.o)
                                0xa17 (size before relaxing)
 .debug_str     0x00000e05      0x371 .\ARM_GCC_541\Debug\IDAC8_Example01.a(cyPm.o)
                                0x570 (size before relaxing)
 .debug_str     0x00001176      0x43e .\ARM_GCC_541\Debug\IDAC8_Example01.a(ADC_DelSig_1.o)
                                0x650 (size before relaxing)
 .debug_str     0x000015b4       0x72 .\ARM_GCC_541\Debug\IDAC8_Example01.a(ADC_DelSig_1_INT.o)
                                0x21a (size before relaxing)
 .debug_str     0x00001626       0x9c .\ARM_GCC_541\Debug\IDAC8_Example01.a(ADC_DelSig_1_AMux.o)
                                0x23d (size before relaxing)
 .debug_str     0x000016c2      0x21a .\ARM_GCC_541\Debug\IDAC8_Example01.a(ADC_DelSig_1_Ext_CP_Clk.o)
                                0x3db (size before relaxing)
 .debug_str     0x000018dc      0x208 .\ARM_GCC_541\Debug\IDAC8_Example01.a(ADC_DelSig_1_theACLK.o)
                                0x40c (size before relaxing)
 .debug_str     0x00001ae4      0x29b .\ARM_GCC_541\Debug\IDAC8_Example01.a(UART_1.o)
                                0x488 (size before relaxing)
 .debug_str     0x00001d7f      0x177 .\ARM_GCC_541\Debug\IDAC8_Example01.a(UART_1_IntClock.o)
                                0x37b (size before relaxing)
 .debug_str     0x00001ef6      0x145 .\ARM_GCC_541\Debug\IDAC8_Example01.a(CyFlash.o)
                                0x323 (size before relaxing)
 .debug_str     0x0000203b      0x11f .\ARM_GCC_541\Debug\IDAC8_Example01.a(CySpc.o)
                                0x320 (size before relaxing)

.debug_loc
 *(.debug_loc)

.debug_macinfo
 *(.debug_macinfo)

.debug_ranges   0x00000000      0x818
 *(.debug_ranges)
 .debug_ranges  0x00000000       0x10 .\ARM_GCC_541\Debug\main.o
 .debug_ranges  0x00000010       0x60 .\ARM_GCC_541\Debug\cyfitter_cfg.o
 .debug_ranges  0x00000070       0x38 .\ARM_GCC_541\Debug\Cm3Start.o
 .debug_ranges  0x000000a8       0x50 .\ARM_GCC_541\Debug\IDAC8_Example01.a(IDAC8_1.o)
 .debug_ranges  0x000000f8      0x290 .\ARM_GCC_541\Debug\IDAC8_Example01.a(CyLib.o)
 .debug_ranges  0x00000388       0x88 .\ARM_GCC_541\Debug\IDAC8_Example01.a(cyPm.o)
 .debug_ranges  0x00000410       0xd8 .\ARM_GCC_541\Debug\IDAC8_Example01.a(ADC_DelSig_1.o)
 .debug_ranges  0x000004e8       0x28 .\ARM_GCC_541\Debug\IDAC8_Example01.a(ADC_DelSig_1_INT.o)
 .debug_ranges  0x00000510       0x20 .\ARM_GCC_541\Debug\IDAC8_Example01.a(ADC_DelSig_1_AMux.o)
 .debug_ranges  0x00000530       0x60 .\ARM_GCC_541\Debug\IDAC8_Example01.a(ADC_DelSig_1_Ext_CP_Clk.o)
 .debug_ranges  0x00000590       0x70 .\ARM_GCC_541\Debug\IDAC8_Example01.a(ADC_DelSig_1_theACLK.o)
 .debug_ranges  0x00000600       0xe0 .\ARM_GCC_541\Debug\IDAC8_Example01.a(UART_1.o)
 .debug_ranges  0x000006e0       0x60 .\ARM_GCC_541\Debug\IDAC8_Example01.a(UART_1_IntClock.o)
 .debug_ranges  0x00000740       0x70 .\ARM_GCC_541\Debug\IDAC8_Example01.a(CyFlash.o)
 .debug_ranges  0x000007b0       0x68 .\ARM_GCC_541\Debug\IDAC8_Example01.a(CySpc.o)

.comment        0x00000000       0x6e
 .comment       0x00000000       0x6e .\ARM_GCC_541\Debug\main.o
                                 0x6f (size before relaxing)
 .comment       0x0000006e       0x6f .\ARM_GCC_541\Debug\cyfitter_cfg.o
 .comment       0x0000006e       0x6f .\ARM_GCC_541\Debug\cymetadata.o
 .comment       0x0000006e       0x6f .\ARM_GCC_541\Debug\Cm3Start.o
 .comment       0x0000006e       0x6f .\ARM_GCC_541\Debug\IDAC8_Example01.a(IDAC8_1.o)
 .comment       0x0000006e       0x6f .\ARM_GCC_541\Debug\IDAC8_Example01.a(CyLib.o)
 .comment       0x0000006e       0x6f .\ARM_GCC_541\Debug\IDAC8_Example01.a(cyPm.o)
 .comment       0x0000006e       0x6f .\ARM_GCC_541\Debug\IDAC8_Example01.a(ADC_DelSig_1.o)
 .comment       0x0000006e       0x6f .\ARM_GCC_541\Debug\IDAC8_Example01.a(ADC_DelSig_1_INT.o)
 .comment       0x0000006e       0x6f .\ARM_GCC_541\Debug\IDAC8_Example01.a(ADC_DelSig_1_AMux.o)
 .comment       0x0000006e       0x6f .\ARM_GCC_541\Debug\IDAC8_Example01.a(ADC_DelSig_1_Ext_CP_Clk.o)
 .comment       0x0000006e       0x6f .\ARM_GCC_541\Debug\IDAC8_Example01.a(ADC_DelSig_1_theACLK.o)
 .comment       0x0000006e       0x6f .\ARM_GCC_541\Debug\IDAC8_Example01.a(UART_1.o)
 .comment       0x0000006e       0x6f .\ARM_GCC_541\Debug\IDAC8_Example01.a(UART_1_IntClock.o)
 .comment       0x0000006e       0x6f .\ARM_GCC_541\Debug\IDAC8_Example01.a(CyFlash.o)
 .comment       0x0000006e       0x6f .\ARM_GCC_541\Debug\IDAC8_Example01.a(CySpc.o)

.debug_weaknames
 *(.debug_weaknames)

.debug_funcnames
 *(.debug_funcnames)

.debug_typenames
 *(.debug_typenames)

.debug_varnames
 *(.debug_varnames)

.note.gnu.arm.ident
 *(.note.gnu.arm.ident)

.ARM.attributes
                0x00000000       0x29
 *(.ARM.attributes)
 .ARM.attributes
                0x00000000       0x1d c:/program files (x86)/cypress/psoc creator/4.2/psoc creator/import/gnu/arm/5.4.1/bin/../lib/gcc/arm-none-eabi/5.4.1/armv7-m/crti.o
 .ARM.attributes
                0x0000001d       0x2d c:/program files (x86)/cypress/psoc creator/4.2/psoc creator/import/gnu/arm/5.4.1/bin/../lib/gcc/arm-none-eabi/5.4.1/armv7-m/crtbegin.o
 .ARM.attributes
                0x0000004a       0x1b c:/program files (x86)/cypress/psoc creator/4.2/psoc creator/import/gnu/arm/5.4.1/bin/../lib/gcc/arm-none-eabi/5.4.1/../../../../arm-none-eabi/lib/armv7-m/crt0.o
 .ARM.attributes
                0x00000065       0x33 .\ARM_GCC_541\Debug\main.o
 .ARM.attributes
                0x00000098       0x33 .\ARM_GCC_541\Debug\cyfitter_cfg.o
 .ARM.attributes
                0x000000cb       0x33 .\ARM_GCC_541\Debug\cymetadata.o
 .ARM.attributes
                0x000000fe       0x33 .\ARM_GCC_541\Debug\Cm3Start.o
 .ARM.attributes
                0x00000131       0x33 .\ARM_GCC_541\Debug\IDAC8_Example01.a(IDAC8_1.o)
 .ARM.attributes
                0x00000164       0x33 .\ARM_GCC_541\Debug\IDAC8_Example01.a(CyLib.o)
 .ARM.attributes
                0x00000197       0x33 .\ARM_GCC_541\Debug\IDAC8_Example01.a(cyPm.o)
 .ARM.attributes
                0x000001ca       0x33 .\ARM_GCC_541\Debug\IDAC8_Example01.a(ADC_DelSig_1.o)
 .ARM.attributes
                0x000001fd       0x33 .\ARM_GCC_541\Debug\IDAC8_Example01.a(ADC_DelSig_1_INT.o)
 .ARM.attributes
                0x00000230       0x33 .\ARM_GCC_541\Debug\IDAC8_Example01.a(ADC_DelSig_1_AMux.o)
 .ARM.attributes
                0x00000263       0x33 .\ARM_GCC_541\Debug\IDAC8_Example01.a(ADC_DelSig_1_Ext_CP_Clk.o)
 .ARM.attributes
                0x00000296       0x33 .\ARM_GCC_541\Debug\IDAC8_Example01.a(ADC_DelSig_1_theACLK.o)
 .ARM.attributes
                0x000002c9       0x33 .\ARM_GCC_541\Debug\IDAC8_Example01.a(UART_1.o)
 .ARM.attributes
                0x000002fc       0x33 .\ARM_GCC_541\Debug\IDAC8_Example01.a(UART_1_IntClock.o)
 .ARM.attributes
                0x0000032f       0x21 .\ARM_GCC_541\Debug\IDAC8_Example01.a(CyBootAsmGnu.o)
 .ARM.attributes
                0x00000350       0x33 .\ARM_GCC_541\Debug\IDAC8_Example01.a(CyFlash.o)
 .ARM.attributes
                0x00000383       0x33 .\ARM_GCC_541\Debug\IDAC8_Example01.a(CySpc.o)
 .ARM.attributes
                0x000003b6       0x1d c:/program files (x86)/cypress/psoc creator/4.2/psoc creator/import/gnu/arm/5.4.1/bin/../lib/gcc/arm-none-eabi/5.4.1/armv7-m\libgcc.a(_arm_addsubdf3.o)
 .ARM.attributes
                0x000003d3       0x1d c:/program files (x86)/cypress/psoc creator/4.2/psoc creator/import/gnu/arm/5.4.1/bin/../lib/gcc/arm-none-eabi/5.4.1/armv7-m\libgcc.a(_arm_cmpdf2.o)
 .ARM.attributes
                0x000003f0       0x1d c:/program files (x86)/cypress/psoc creator/4.2/psoc creator/import/gnu/arm/5.4.1/bin/../lib/gcc/arm-none-eabi/5.4.1/armv7-m\libgcc.a(_arm_addsubsf3.o)
 .ARM.attributes
                0x0000040d       0x1d c:/program files (x86)/cypress/psoc creator/4.2/psoc creator/import/gnu/arm/5.4.1/bin/../lib/gcc/arm-none-eabi/5.4.1/armv7-m\libgcc.a(_arm_muldivsf3.o)
 .ARM.attributes
                0x0000042a       0x1d c:/program files (x86)/cypress/psoc creator/4.2/psoc creator/import/gnu/arm/5.4.1/bin/../lib/gcc/arm-none-eabi/5.4.1/armv7-m\libgcc.a(_arm_fixunssfsi.o)
 .ARM.attributes
                0x00000447       0x2d c:/program files (x86)/cypress/psoc creator/4.2/psoc creator/import/gnu/arm/5.4.1/bin/../lib/gcc/arm-none-eabi/5.4.1/../../../../arm-none-eabi/lib/armv7-m\libg_nano.a(lib_a-errno.o)
 .ARM.attributes
                0x00000474       0x2d c:/program files (x86)/cypress/psoc creator/4.2/psoc creator/import/gnu/arm/5.4.1/bin/../lib/gcc/arm-none-eabi/5.4.1/../../../../arm-none-eabi/lib/armv7-m\libg_nano.a(lib_a-exit.o)
 .ARM.attributes
                0x000004a1       0x2d c:/program files (x86)/cypress/psoc creator/4.2/psoc creator/import/gnu/arm/5.4.1/bin/../lib/gcc/arm-none-eabi/5.4.1/../../../../arm-none-eabi/lib/armv7-m\libg_nano.a(lib_a-impure.o)
 .ARM.attributes
                0x000004ce       0x2d c:/program files (x86)/cypress/psoc creator/4.2/psoc creator/import/gnu/arm/5.4.1/bin/../lib/gcc/arm-none-eabi/5.4.1/../../../../arm-none-eabi/lib/armv7-m\libg_nano.a(lib_a-init.o)
 .ARM.attributes
                0x000004fb       0x2d c:/program files (x86)/cypress/psoc creator/4.2/psoc creator/import/gnu/arm/5.4.1/bin/../lib/gcc/arm-none-eabi/5.4.1/../../../../arm-none-eabi/lib/armv7-m\libg_nano.a(lib_a-memcpy-stub.o)
 .ARM.attributes
                0x00000528       0x2d c:/program files (x86)/cypress/psoc creator/4.2/psoc creator/import/gnu/arm/5.4.1/bin/../lib/gcc/arm-none-eabi/5.4.1/../../../../arm-none-eabi/lib/armv7-m\libg_nano.a(lib_a-memset.o)
 .ARM.attributes
                0x00000555       0x2d c:/program files (x86)/cypress/psoc creator/4.2/psoc creator/import/gnu/arm/5.4.1/bin/../lib/gcc/arm-none-eabi/5.4.1/../../../../arm-none-eabi/lib/armv7-m\libg_nano.a(lib_a-nano-vfprintf_float.o)
 .ARM.attributes
                0x00000582       0x2d c:/program files (x86)/cypress/psoc creator/4.2/psoc creator/import/gnu/arm/5.4.1/bin/../lib/gcc/arm-none-eabi/5.4.1/../../../../arm-none-eabi/lib/armv7-m\libg_nano.a(lib_a-nano-vfprintf_i.o)
 .ARM.attributes
                0x000005af       0x2d c:/program files (x86)/cypress/psoc creator/4.2/psoc creator/import/gnu/arm/5.4.1/bin/../lib/gcc/arm-none-eabi/5.4.1/../../../../arm-none-eabi/lib/armv7-m\libg_nano.a(lib_a-sprintf.o)
 .ARM.attributes
                0x000005dc       0x17 c:/program files (x86)/cypress/psoc creator/4.2/psoc creator/import/gnu/arm/5.4.1/bin/../lib/gcc/arm-none-eabi/5.4.1/../../../../arm-none-eabi/lib/armv7-m\libg_nano.a(lib_a-strlen.o)
 .ARM.attributes
                0x000005f3       0x2d c:/program files (x86)/cypress/psoc creator/4.2/psoc creator/import/gnu/arm/5.4.1/bin/../lib/gcc/arm-none-eabi/5.4.1/../../../../arm-none-eabi/lib/armv7-m\libg_nano.a(lib_a-dtoa.o)
 .ARM.attributes
                0x00000620       0x2d c:/program files (x86)/cypress/psoc creator/4.2/psoc creator/import/gnu/arm/5.4.1/bin/../lib/gcc/arm-none-eabi/5.4.1/../../../../arm-none-eabi/lib/armv7-m\libg_nano.a(lib_a-locale.o)
 .ARM.attributes
                0x0000064d       0x2d c:/program files (x86)/cypress/psoc creator/4.2/psoc creator/import/gnu/arm/5.4.1/bin/../lib/gcc/arm-none-eabi/5.4.1/../../../../arm-none-eabi/lib/armv7-m\libg_nano.a(lib_a-malloc.o)
 .ARM.attributes
                0x0000067a       0x2d c:/program files (x86)/cypress/psoc creator/4.2/psoc creator/import/gnu/arm/5.4.1/bin/../lib/gcc/arm-none-eabi/5.4.1/../../../../arm-none-eabi/lib/armv7-m\libg_nano.a(lib_a-memchr-stub.o)
 .ARM.attributes
                0x000006a7       0x2d c:/program files (x86)/cypress/psoc creator/4.2/psoc creator/import/gnu/arm/5.4.1/bin/../lib/gcc/arm-none-eabi/5.4.1/../../../../arm-none-eabi/lib/armv7-m\libg_nano.a(lib_a-mprec.o)
 .ARM.attributes
                0x000006d4       0x2d c:/program files (x86)/cypress/psoc creator/4.2/psoc creator/import/gnu/arm/5.4.1/bin/../lib/gcc/arm-none-eabi/5.4.1/../../../../arm-none-eabi/lib/armv7-m\libg_nano.a(lib_a-nano-callocr.o)
 .ARM.attributes
                0x00000701       0x2d c:/program files (x86)/cypress/psoc creator/4.2/psoc creator/import/gnu/arm/5.4.1/bin/../lib/gcc/arm-none-eabi/5.4.1/../../../../arm-none-eabi/lib/armv7-m\libg_nano.a(lib_a-nano-freer.o)
 .ARM.attributes
                0x0000072e       0x2d c:/program files (x86)/cypress/psoc creator/4.2/psoc creator/import/gnu/arm/5.4.1/bin/../lib/gcc/arm-none-eabi/5.4.1/../../../../arm-none-eabi/lib/armv7-m\libg_nano.a(lib_a-nano-mallocr.o)
 .ARM.attributes
                0x0000075b       0x2d c:/program files (x86)/cypress/psoc creator/4.2/psoc creator/import/gnu/arm/5.4.1/bin/../lib/gcc/arm-none-eabi/5.4.1/../../../../arm-none-eabi/lib/armv7-m\libg_nano.a(lib_a-nano-svfprintf.o)
 .ARM.attributes
                0x00000788       0x2d c:/program files (x86)/cypress/psoc creator/4.2/psoc creator/import/gnu/arm/5.4.1/bin/../lib/gcc/arm-none-eabi/5.4.1/../../../../arm-none-eabi/lib/armv7-m\libg_nano.a(lib_a-sbrkr.o)
 .ARM.attributes
                0x000007b5       0x1b c:/program files (x86)/cypress/psoc creator/4.2/psoc creator/import/gnu/arm/5.4.1/bin/../lib/gcc/arm-none-eabi/5.4.1/../../../../arm-none-eabi/lib/armv7-m\libg_nano.a(lib_a-strcmp.o)
 .ARM.attributes
                0x000007d0       0x2d c:/program files (x86)/cypress/psoc creator/4.2/psoc creator/import/gnu/arm/5.4.1/bin/../lib/gcc/arm-none-eabi/5.4.1/../../../../arm-none-eabi/lib/armv7-m\libg_nano.a(lib_a-memmove.o)
 .ARM.attributes
                0x000007fd       0x2d c:/program files (x86)/cypress/psoc creator/4.2/psoc creator/import/gnu/arm/5.4.1/bin/../lib/gcc/arm-none-eabi/5.4.1/../../../../arm-none-eabi/lib/armv7-m\libg_nano.a(lib_a-mlock.o)
 .ARM.attributes
                0x0000082a       0x2d c:/program files (x86)/cypress/psoc creator/4.2/psoc creator/import/gnu/arm/5.4.1/bin/../lib/gcc/arm-none-eabi/5.4.1/../../../../arm-none-eabi/lib/armv7-m\libg_nano.a(lib_a-nano-reallocr.o)
 .ARM.attributes
                0x00000857       0x2d c:/program files (x86)/cypress/psoc creator/4.2/psoc creator/import/gnu/arm/5.4.1/bin/../lib/gcc/arm-none-eabi/5.4.1/../../../../arm-none-eabi/lib/armv7-m\libg_nano.a(lib_a-reent.o)
 .ARM.attributes
                0x00000884       0x2d c:/program files (x86)/cypress/psoc creator/4.2/psoc creator/import/gnu/arm/5.4.1/bin/../lib/gcc/arm-none-eabi/5.4.1/../../../../arm-none-eabi/lib/armv7-m\libg_nano.a(lib_a-nano-msizer.o)
 .ARM.attributes
                0x000008b1       0x1d c:/program files (x86)/cypress/psoc creator/4.2/psoc creator/import/gnu/arm/5.4.1/bin/../lib/gcc/arm-none-eabi/5.4.1/armv7-m\libgcc.a(_arm_muldivdf3.o)
 .ARM.attributes
                0x000008ce       0x1d c:/program files (x86)/cypress/psoc creator/4.2/psoc creator/import/gnu/arm/5.4.1/bin/../lib/gcc/arm-none-eabi/5.4.1/armv7-m\libgcc.a(_arm_unorddf2.o)
 .ARM.attributes
                0x000008eb       0x1d c:/program files (x86)/cypress/psoc creator/4.2/psoc creator/import/gnu/arm/5.4.1/bin/../lib/gcc/arm-none-eabi/5.4.1/armv7-m\libgcc.a(_arm_fixdfsi.o)
 .ARM.attributes
                0x00000908       0x2d c:/program files (x86)/cypress/psoc creator/4.2/psoc creator/import/gnu/arm/5.4.1/bin/../lib/gcc/arm-none-eabi/5.4.1/armv7-m/crtend.o
 .ARM.attributes
                0x00000935       0x1d c:/program files (x86)/cypress/psoc creator/4.2/psoc creator/import/gnu/arm/5.4.1/bin/../lib/gcc/arm-none-eabi/5.4.1/armv7-m/crtn.o

/DISCARD/
 *(.note.GNU-stack)
OUTPUT(C:\Users\sebas\Documents\PSoC Creator\PSoC RTD Tests-20190621T134154Z-001\PSoC RTD Tests\IDAC8_Example01.cydsn\ARM_GCC_541\Debug\IDAC8_Example01.elf elf32-littlearm)
