******************************************************************************
                  TI ARM Linker PC v18.12.1                    
******************************************************************************
>> Linked Fri Jun 21 16:38:24 2019

OUTPUT FILE NAME:   <rfEasyLinkTx_CC1350_LAUNCHXL_TI.out>
ENTRY POINT SYMBOL: "ResetISR"  address: 00006ca5


MEMORY CONFIGURATION

         name            origin    length      used     unused   attr    fill
----------------------  --------  ---------  --------  --------  ----  --------
  FLASH                 00000000   00020000  0000cbdd  00013423  R  X
  SRAM                  20000000   00005000  00002aed  00002513  RW X


SEGMENT ALLOCATION MAP

run origin  load origin   length   init length attrs members
----------  ----------- ---------- ----------- ----- -------
00000000    00000000    0000cb88   0000cb88    r-x
  00000000    00000000    0000003c   0000003c    r-- .resetVecs
  0000003c    0000003c    00008ade   00008ade    r-x .text
  00008b1c    00008b1c    00003cf3   00003cf3    r-- .const
  0000c810    0000c810    00000378   00000378    r-- .cinit
0001ffa8    0001ffa8    00000058   00000058    r--
  0001ffa8    0001ffa8    00000058   00000058    r-- .ccfg
20000100    20000100    0000272a   00000000    rw-
  20000100    20000100    00001e53   00000000    rw- .bss
  20001f58    20001f58    000008d2   00000000    rw- .data
20004d00    20004d00    00000300   00000000    rw-
  20004d00    20004d00    00000300   00000000    rw- .stack


SECTION ALLOCATION MAP

 output                                  attributes/
section   page    origin      length       input sections
--------  ----  ----------  ----------   ----------------
.text      0    0000003c    00008ade     
                  0000003c    000003b8     rf_singleMode_cc13xxware.aem3 : RFCC26XX_singleMode.oem3 (.text:fsmActiveState)
                  000003f4    00000348     EasyLink.obj (.text:EasyLink_init)
                  0000073c    00000228     driverlib.lib : sys_ctrl.obj (.text:NOROM_SysCtrlSetRechargeBeforePowerDown)
                  00000964    00000228     drivers_cc13xxware.aem3 : PowerCC26XX.oem3 (.text:Power_sleep)
                  00000b8c    000001ec                             : PowerCC26XX_calibrateRCOSC.oem3 (.text:calibrateRcoscHf1)
                  00000d78    000001dc     rf_singleMode_cc13xxware.aem3 : RFCC26XX_singleMode.oem3 (.text:RF_postCmd)
                  00000f54    000001cc                                   : RFCC26XX_singleMode.oem3 (.text:abortCmd)
                  00001120    000001c4     drivers_cc13xxware.aem3 : PINCC26XX.oem3 (.text:PIN_init)
                  000012e4    000001a4     EasyLink.obj (.text:EasyLink_setRfPwr)
                  00001488    000001a0     drivers_cc13xxware.aem3 : PowerCC26XX_calibrateRCOSC.oem3 (.text:PowerCC26XX_doCalibrate)
                  00001628    00000170     rfEasyLinkTx.obj (.text:rfEasyLinkTxFnx)
                  00001798    00000168     rf_singleMode_cc13xxware.aem3 : RFCC26XX_singleMode.oem3 (.text:fsmSetupState)
                  00001900    00000150     smartrf_settings_predefined.obj (.text:rf_patch_mce_genook)
                  00001a50    00000138     rfExamples_pem3.oem3 (.text:ti_uia_loggers_LoggerStopMode_writeMemoryRange__E)
                  00001b88    00000130     EasyLink.obj (.text:EasyLink_transmitAsync)
                  00001cb8    00000130     driverlib.lib : setup_rom.obj (.text:NOROM_SetupAfterColdResetWakeupFromShutDownCfg3)
                  00001de8    0000012c     drivers_cc13xxware.aem3 : PowerCC26XX.oem3 (.text:Power_init)
                  00001f14    0000012c     sysbios.aem3 : BIOS.obj (.text:ti_sysbios_knl_Semaphore_pend__E)
                  00002040    00000128     rf_singleMode_cc13xxware.aem3 : RFCC26XX_singleMode.oem3 (.text:rf_init)
                  00002168    00000128     smartrf_settings.obj (.text:rf_patch_rfe_genfsk)
                  00002290    00000128     smartrf_settings_predefined.obj (.text:rf_patch_rfe_genfsk)
                  000023b8    00000128     smartrf_settings_predefined.obj (.text:rf_patch_rfe_lrm)
                  000024e0    00000118     rf_singleMode_cc13xxware.aem3 : RFCC26XX_singleMode.oem3 (.text:hwiFxnCpe0Active)
                  000025f8    00000118     sysbios.aem3 : BIOS.obj (.text:ti_sysbios_family_arm_m3_Hwi_dispatchC__I)
                  00002710    00000114     smartrf_settings_predefined.obj (.text:rf_patch_mce_hsp_4mbps)
                  00002824    00000110     sysbios.aem3 : BIOS.obj (.text:ti_sysbios_knl_Swi_run__I)
                  00002934    0000010c     rfExamples_pem3.oem3 (.text:ti_uia_loggers_LoggerStopMode_write8__E)
                  00002a40    00000108     rf_singleMode_cc13xxware.aem3 : RFCC26XX_singleMode.oem3 (.text:RF_close)
                  00002b48    000000f8     drivers_cc13xxware.aem3 : I2CCC26XX.oem3 (.text:I2CCC26XX_open)
                  00002c40    000000f8     sysbios.aem3 : BIOS.obj (.text:xdc_runtime_Startup_startMods__I)
                  00002d38    000000f4     rfExamples_pem3.oem3 (.text:ti_uia_loggers_LoggerStopMode_write4__E)
                  00002e2c    000000f0     driverlib.lib : setup_rom.obj (.text:NOROM_SetupAfterColdResetWakeupFromShutDownCfg2)
                  00002f1c    000000e8     drivers_cc13xxware.aem3 : I2CCC26XX.oem3 (.text:I2CCC26XX_hwiFxn)
                  00003004    000000e8     rfExamples_pem3.oem3 (.text:ti_uia_loggers_LoggerStopMode_write1__E)
                  000030ec    000000e8     rfExamples_pem3.oem3 (.text:ti_uia_loggers_LoggerStopMode_write2__E)
                  000031d4    000000e0     drivers_cc13xxware.aem3 : PINCC26XX.oem3 (.text:PINCC26XX_setIoCfg)
                  000032b4    000000d8     driverlib.lib : rfc.obj (.text:NOROM_RFCRTrim)
                  0000338c    000000d8     rfEasyLinkTx.obj (.text:measureTemperature)
                  00003464    000000d8     smartrf_settings_predefined.obj (.text:rf_patch_rfe_genook)
                  0000353c    000000d8     smartrf_settings_predefined.obj (.text:rf_patch_rfe_hsp_4mbps)
                  00003614    000000d8     sysbios.aem3 : BIOS.obj (.text:ti_sysbios_knl_Clock_walkQueueDynamic__E)
                  000036ec    000000d8     rfExamples_pem3.oem3 (.text:ti_uia_loggers_LoggerStopMode_write0__E)
                  000037c4    000000d4     driverlib.lib : rfc.obj (.text:NOROM_RFCRfTrimRead)
                  00003898    000000d4     power_cc13xx_tirtos.aem3 : PowerCC26XX_tirtos.oem3 (.text:PowerCC26XX_standbyPolicy)
                  0000396c    000000d4     drivers_cc13xxware.aem3 : PowerCC26XX.oem3 (.text:Power_releaseDependency)
                  00003a40    000000d4     sysbios.aem3 : BIOS.obj (.text:ti_sysbios_knl_Task_sleep__E)
                  00003b14    000000d0     drivers_cc13xxware.aem3 : PowerCC26XX.oem3 (.text:Power_setDependency)
                  00003be4    000000cc     rf_singleMode_cc13xxware.aem3 : RFCC26XX_singleMode.oem3 (.text:RF_open)
                  00003cb0    000000c8     sysbios.aem3 : m3_Hwi_asm.obj (.text:ti_sysbios_family_arm_m3_Hwi_dispatch__I)
                  00003d78    000000c4     rf_singleMode_cc13xxware.aem3 : RFCC26XX_singleMode.oem3 (.text:fsmPowerUpState)
                  00003e3c    000000c4     sysbios.aem3 : BIOS.obj (.text:ti_sysbios_knl_Task_Instance_init__E)
                  00003f00    000000c2     drivers_cc13xxware.aem3 : I2CCC26XX.oem3 (.text:I2CCC26XX_transfer)
                  00003fc2    00000002     rtsv7M3_T_le_eabi.lib : _lock.c.obj (.text:_nop)
                  00003fc4    000000c0     driverlib.lib : setup.obj (.text:TrimAfterColdResetWakeupFromShutDown)
                  00004084    000000c0     sysbios.aem3 : BIOS.obj (.text:ti_sysbios_knl_Task_schedule__I)
                  00004144    000000bc                  : BIOS.obj (.text:ti_sysbios_knl_Semaphore_post__E)
                  00004200    000000b8                  : BIOS.obj (.text:ti_sysbios_knl_Task_startCore__E)
                  000042b8    000000b4     rfEasyLinkTx.obj (.text:main)
                  0000436c    000000a8     driverlib.lib : setup.obj (.text:NOROM_SetupTrimDevice)
                  00004414    000000a8     sysbios.aem3 : BIOS.obj (.text:ti_sysbios_knl_Swi_post__E)
                  000044bc    000000a4     driverlib.lib : setup_rom.obj (.text:NOROM_SetupAfterColdResetWakeupFromShutDownCfg1)
                  00004560    000000a0     auto_init.aem3 : auto_init.oem3 (.text)
                  00004600    0000009c     rtsv7M3_T_le_eabi.lib : memcpy_t2.asm.obj (.text)
                  0000469c    00000098     sysbios.aem3 : BIOS.obj (.text:ti_sysbios_knl_Clock_workFuncDynamic__E)
                  00004734    00000098                  : BIOS.obj (.text:ti_sysbios_knl_Task_blockI__E)
                  000047cc    00000098     EasyLink.obj (.text:txDoneCallback)
                  00004864    00000096     rtsv7M3_T_le_eabi.lib : ull_div_t2.asm.obj (.text)
                  000048fa    00000002     rf_singleMode_cc13xxware.aem3 : RFCC26XX_singleMode.oem3 (.text:defaultErrCb)
                  000048fc    00000094     drivers_cc13xxware.aem3 : PINCC26XX.oem3 (.text:PIN_open)
                  00004990    00000094     sysbios.aem3 : BIOS.obj (.text:ti_sysbios_family_arm_m3_Hwi_Instance_init__E)
                  00004a24    00000094                  : BIOS.obj (.text:ti_sysbios_knl_Task_Instance_finalize__E)
                  00004ab8    00000094                  : BIOS.obj (.text:ti_sysbios_knl_Task_exit__E)
                  00004b4c    00000090     EasyLink.obj (.text:EasyLink_abort)
                  00004bdc    00000090     drivers_cc13xxware.aem3 : I2CCC26XX.oem3 (.text:I2CCC26XX_cancel)
                  00004c6c    00000090                             : PowerCC26XX.oem3 (.text:switchXOSCHFclockFunc)
                  00004cfc    00000090     ti.uia.loggers.aem3 : LoggerStopMode.oem3 (.text:ti_uia_loggers_LoggerStopMode_initQueueDescriptor__E)
                  00004d8c    0000008c     drivers_cc13xxware.aem3 : I2CCC26XX.oem3 (.text:I2CCC26XX_primeTransfer)
                  00004e18    0000008c                             : PowerCC26XX.oem3 (.text:disableLFClockQualifiers)
                  00004ea4    0000008c     sysbios.aem3 : BIOS.obj (.text:ti_sysbios_knl_Task_unblockI__E)
                  00004f30    00000088     drivers_cc13xxware.aem3 : PowerCC26XX_calibrateRCOSC.oem3 (.text:calibrateRcoscHf2)
                  00004fb8    00000084     rf_singleMode_cc13xxware.aem3 : RFCC26XX_singleMode.oem3 (.text:swiFxnHw)
                  0000503c    00000084     sysbios.aem3 : BIOS.obj (.text:ti_sysbios_knl_Task_postInit__I)
                  000050c0    00000080     rf_singleMode_cc13xxware.aem3 : RFCC26XX_singleMode.oem3 (.text:RF_pendCmd)
                  00005140    00000080     sysbios.aem3 : BIOS.obj (.text:ti_sysbios_family_arm_m3_Hwi_initNVIC__E)
                  000051c0    00000080                  : BIOS.obj (.text:xdc_runtime_Core_createObject__I)
                  00005240    0000007a     rtsv7M3_T_le_eabi.lib : memset_t2.asm.obj (.text)
                  000052ba    00000002     drivers_cc13xxware.aem3 : PowerCC26XX.oem3 (.text:emptyClockFunc)
                  000052bc    00000074     driverlib.lib : setup_rom.obj (.text:NOROM_SetupSetVddrLevel)
                  00005330    00000074     drivers_cc13xxware.aem3 : PowerCC26XX_calibrateRCOSC.oem3 (.text:PowerCC26XX_auxISR)
                  000053a4    00000074     rf_singleMode_cc13xxware.aem3 : RFCC26XX_singleMode.oem3 (.text:decActiveClientCnt)
                  00005418    00000074                                   : RFCC26XX_singleMode.oem3 (.text:fsmPowerDownState)
                  0000548c    00000074     sysbios.aem3 : BIOS.obj (.text:ti_sysbios_family_arm_cc26xx_Timer_start__E)
                  00005500    00000074                  : BIOS.obj (.text:ti_sysbios_heaps_HeapMem_allocUnprotected__E)
                  00005574    00000074     ti.uia.runtime.aem3 : QueueDescriptor.oem3 (.text:ti_uia_runtime_QueueDescriptor_addToList__E)
                  000055e8    00000070     driverlib.lib : chipinfo.obj (.text:NOROM_ChipInfo_GetHwRevision)
                  00005658    0000006c                   : setup_rom.obj (.text:NOROM_SetupGetTrimForAmpcompCtrl)
                  000056c4    0000006c     drivers_cc13xxware.aem3 : PowerCC26XX.oem3 (.text:PowerCC26XX_calibrate)
                  00005730    0000006c     sysbios.aem3 : BIOS.obj (.text:xdc_runtime_Memory_alloc__E)
                  0000579c    00000068     driverlib.lib : setup_rom.obj (.text:NOROM_SetupGetTrimForAnabypassValue1)
                  00005804    00000068                   : sys_ctrl.obj (.text:NOROM_SysCtrl_DCDC_VoltageConditionalControl)
                  0000586c    00000068     rf_singleMode_cc13xxware.aem3 : RFCC26XX_singleMode.oem3 (.text:RF_getCurrentTime)
                  000058d4    00000068     rtsv7M3_T_le_eabi.lib : copy_decompress_lzss.c.obj (.text:decompress:lzss:__TI_decompress_lzss)
                  0000593c    00000068     sysbios.aem3 : BIOS.obj (.text:ti_sysbios_knl_Clock_startI__E)
                  000059a4    00000068                  : BIOS.obj (.text:ti_sysbios_knl_Swi_restoreHwi__E)
                  00005a0c    00000066     ti.uia.loggers.aem3 : LoggerStopMode.oem3 (.text:ti_uia_loggers_LoggerStopMode_flush__E)
                  00005a72    00000066     sysbios.aem3 : BIOS.obj (.text:xdc_runtime_Core_deleteObject__I)
                  00005ad8    00000064     drivers_cc13xxware.aem3 : I2CCC26XX.oem3 (.text:I2CCC26XX_close)
                  00005b3c    00000064                             : I2CCC26XX.oem3 (.text:I2CCC26XX_initIO)
                  00005ba0    00000064     driverlib.lib : osc.obj (.text:NOROM_OSCHF_AttemptToSwitchToXosc)
                  00005c04    00000060                   : osc.obj (.text:NOROM_OSCClockSourceSet)
                  00005c64    00000060     drivers_cc13xxware.aem3 : PowerCC26XX_calibrateRCOSC.oem3 (.text:PowerCC26XX_RCOSC_clockFunc)
                  00005cc4    00000060     rf_singleMode_cc13xxware.aem3 : RFCC26XX_singleMode.oem3 (.text:fsmXOSCState)
                  00005d24    00000060     sysbios.aem3 : BIOS.obj (.text:ti_sysbios_knl_Clock_logTick__E)
                  00005d84    00000060     rfEasyLinkTx.obj (.text:txTask_init)
                  00005de4    00000060     drivers_cc13xxware.aem3 : PowerCC26XX_calibrateRCOSC.oem3 (.text:updateSubSecInc)
                  00005e44    0000005e     sysbios.aem3 : BIOS.obj (.text:ti_sysbios_heaps_HeapMem_freeUnprotected__E)
                  00005ea2    00000002     smartrf_settings.obj (.text:enterGenfskSysPatch)
                  00005ea4    0000005c     driverlib.lib : sys_ctrl.obj (.text:NOROM_SysCtrlAdjustRechargeAfterPowerDown)
                  00005f00    0000005c     drivers_cc13xxware.aem3 : PINCC26XX.oem3 (.text:PIN_remove)
                  00005f5c    0000005c     smartrf_settings.obj (.text:configureGenfskPatch)
                  00005fb8    0000005c     smartrf_settings_predefined.obj (.text:configureGenfskPatch)
                  00006014    0000005c     smartrf_settings_predefined.obj (.text:configureGenookPatch)
                  00006070    0000005c     smartrf_settings_predefined.obj (.text:configureLrmPatch)
                  000060cc    0000005c     sysbios.aem3 : BIOS.obj (.text:ti_sysbios_knl_Task_Module_startup__E)
                  00006128    00000058     rtsv7M3_T_le_eabi.lib : hostwrite.c.obj (.text:HOSTwrite)
                  00006180    00000058     drivers_cc13xxware.aem3 : I2CCC26XX.oem3 (.text:I2CCC26XX_swiFxn)
                  000061d8    00000058                             : PowerCC26XX_calibrateRCOSC.oem3 (.text:PowerCC26XX_initiateCalibration)
                  00006230    00000058     wsnQueue.obj (.text:dequeue)
                  00006288    00000058     rfExamples_pem3.oem3 (.text:ti_sysbios_family_arm_m3_Hwi_construct)
                  000062e0    00000058     sysbios.aem3 : BIOS.obj (.text:ti_sysbios_family_arm_m3_Hwi_postInit__I)
                  00006338    00000058                  : BIOS.obj (.text:ti_sysbios_heaps_HeapMem_alloc__E)
                  00006390    00000058                  : BIOS.obj (.text:ti_sysbios_knl_Swi_Instance_init__E)
                  000063e8    00000056     wsnQueue.obj (.text:enqueue)
                  0000643e    00000002     smartrf_settings_predefined.obj (.text:enterGenfskSysPatch)
                  00006440    00000054     drivers_cc13xxware.aem3 : PowerCC26XX.oem3 (.text:configureXOSCHF)
                  00006494    00000054     rf_singleMode_cc13xxware.aem3 : RFCC26XX_singleMode.oem3 (.text:hwiFxnHw)
                  000064e8    00000054                                   : RFCC26XX_singleMode.oem3 (.text:ratChanFree)
                  0000653c    00000054     rfExamples_pem3.oem3 (.text:ti_sysbios_knl_Swi_construct)
                  00006590    00000054     sysbios.aem3 : BIOS.obj (.text:ti_sysbios_knl_Swi_schedule__I)
                  000065e4    00000054     rfExamples_pem3.oem3 (.text:ti_sysbios_knl_Task_construct)
                  00006638    00000050     driverlib.lib : setup_rom.obj (.text:NOROM_SetupSetCacheModeAccordingToCcfgSetting)
                  00006688    00000050     rf_singleMode_cc13xxware.aem3 : RFCC26XX_singleMode.oem3 (.text:dispatchOpWhen)
                  000066d8    00000050                                   : RFCC26XX_singleMode.oem3 (.text:syncCb)
                  00006728    00000050     sysbios.aem3 : BIOS.obj (.text:ti_sysbios_knl_Swi_runLoop__I)
                  00006778    00000050                  : BIOS.obj (.text:xdc_runtime_Startup_exec__E)
                  000067c8    0000004c     rf_singleMode_cc13xxware.aem3 : RFCC26XX_singleMode.oem3 (.text:applyRfCorePatch)
                  00006814    0000004c     rtsv7M3_T_le_eabi.lib : cpy_tbl.c.obj (.text:copy_in)
                  00006860    0000004c     sysbios.aem3 : m3_TaskSupport_asm.obj (.text:ti_sysbios_family_arm_m3_TaskSupport_buildTaskStack)
                  000068ac    0000004c     ti.uia.loggers.aem3 : LoggerStopMode.oem3 (.text:ti_uia_loggers_LoggerStopMode_Module_startup__E)
                  000068f8    0000004c     rfEasyLinkTx.obj (.text:workTaskFunc)
                  00006944    00000048     drivers_cc13xxware.aem3 : I2CCC26XX.oem3 (.text:I2CCC26XX_initHw)
                  0000698c    00000048     driverlib.lib : chipinfo.obj (.text:NOROM_ChipInfo_GetChipFamily)
                  000069d4    00000048     drivers_cc13xxware.aem3 : PINCC26XX.oem3 (.text:PIN_swi)
                  00006a1c    00000048     rf_singleMode_cc13xxware.aem3 : RFCC26XX_singleMode.oem3 (.text:RF_runCmd)
                  00006a64    00000048     drivers_cc13xxware.aem3 : PowerCC26XX.oem3 (.text:notify)
                  00006aac    00000048     rfEasyLinkTx.obj (.text:sensorDataTaskInit)
                  00006af4    00000048     sysbios.aem3 : BIOS.obj (.text:ti_sysbios_family_arm_m3_Hwi_Module_startup__E)
                  00006b3c    00000048                  : m3_Hwi_asm_switch.obj (.text:ti_sysbios_family_arm_m3_Hwi_initStacks__E)
                  00006b84    00000048                  : BIOS.obj (.text:ti_sysbios_heaps_HeapMem_getStats__E)
                  00006bcc    00000048                  : BIOS.obj (.text:xdc_runtime_Assert_raise__I)
                  00006c14    00000048                  : BIOS.obj (.text:xdc_runtime_Core_assignParams__I)
                  00006c5c    00000048                  : BIOS.obj (.text:xdc_runtime_Core_constructObject__I)
                  00006ca4    00000044     boot.aem3 : boot.oem3 (.text)
                  00006ce8    00000044     sysbios.aem3 : BIOS.obj (.text:ti_sysbios_family_arm_m3_Hwi_disableInterrupt__E)
                  00006d2c    00000044                  : BIOS.obj (.text:ti_sysbios_family_arm_m3_Hwi_enableInterrupt__E)
                  00006d70    00000044                  : BIOS.obj (.text:ti_sysbios_knl_Task_allBlockedFunction__I)
                  00006db4    00000044     ti.uia.loggers.aem3 : LoggerStopMode.oem3 (.text:ti_uia_loggers_LoggerStopMode_initBuffer__I)
                  00006df8    00000044     sysbios.aem3 : BIOS.obj (.text:xdc_runtime_SysMin_flush__E)
                  00006e3c    00000040                  : BIOS.obj (.text:ti_sysbios_family_arm_m3_Hwi_getStackInfo__E)
                  00006e7c    0000003c     driverlib.lib : osc.obj (.text:NOROM_OSC_HPOSCRelativeFrequencyOffsetGet)
                  00006eb8    0000003c                   : rfc.obj (.text:NOROM_RFCSynthPowerDown)
                  00006ef4    0000003c     drivers_cc13xxware.aem3 : PINCC26XX.oem3 (.text:PIN_setOutputValue)
                  00006f30    0000003a     wsnQueue.obj (.text:createQueue)
                  00006f6a    00000002     smartrf_settings_predefined.obj (.text:enterGenookSysPatch)
                  00006f6c    00000038     rtsv7M3_T_le_eabi.lib : trgmsg.c.obj (.text:__TI_writemsg)
                  00006fa4    00000038     sysbios.aem3 : BIOS.obj (.text:ti_sysbios_family_arm_cc26xx_Timer_getCurrentTick__E)
                  00006fdc    00000038                  : BIOS.obj (.text:ti_sysbios_family_arm_m3_Hwi_Instance_finalize__E)
                  00007014    00000038                  : BIOS.obj (.text:ti_sysbios_heaps_HeapMem_Instance_init__E)
                  0000704c    00000038                  : BIOS.obj (.text:ti_sysbios_knl_Clock_Instance_init__E)
                  00007084    00000038                  : BIOS.obj (.text:xdc_runtime_SysMin_putch__E)
                  000070bc    00000038                  : BIOS.obj (.text:xdc_runtime_System_atexit__E)
                  000070f4    00000036                  : BIOS.obj (.text:ti_sysbios_family_arm_cc26xx_Timer_setNextTick__E)
                  0000712a    00000036     rf_singleMode_cc13xxware.aem3 : RFCC26XX_singleMode.oem3 (.text:updateImplicitState)
                  00007160    00000034     driverlib.lib : osc.obj (.text:NOROM_OSCHF_SwitchToRcOscTurnOffXosc)
                  00007194    00000034     drivers_cc13xxware.aem3 : PINCC26XX.oem3 (.text:PIN_setConfig)
                  000071c8    00000034     rf_singleMode_cc13xxware.aem3 : RFCC26XX_singleMode.oem3 (.text:Q_push)
                  000071fc    00000034     rtsv7M3_T_le_eabi.lib : trgmsg.c.obj (.text:__TI_readmsg)
                  00007230    00000034     sysbios.aem3 : BIOS.obj (.text:ti_sysbios_family_arm_cc26xx_Timer_initDevice__I)
                  00007264    00000034                  : BIOS.obj (.text:ti_sysbios_heaps_HeapMem_init__I)
                  00007298    00000034     rfExamples_pem3.oem3 (.text:ti_sysbios_knl_Clock_construct)
                  000072cc    00000034     rfExamples_pem3.oem3 (.text:ti_sysbios_knl_Semaphore_create)
                  00007300    00000034     sysbios.aem3 : BIOS.obj (.text:ti_sysbios_knl_Swi_restore__E)
                  00007334    00000034     ti.uia.loggers.aem3 : LoggerStopMode.oem3 (.text:ti_uia_loggers_LoggerStopMode_reset__E)
                  00007368    00000034     sysbios.aem3 : BIOS.obj (.text:xdc_runtime_Core_assignLabel__I)
                  0000739c    00000030     drivers_cc13xxware.aem3 : I2C.oem3 (.text:I2C_open)
                  000073cc    00000030     driverlib.lib : chipinfo.obj (.text:NOROM_ChipInfo_GetChipType)
                  000073fc    00000030                   : setup_rom.obj (.text:NOROM_SetupSetAonRtcSubSecInc)
                  0000742c    00000030     drivers_cc13xxware.aem3 : PowerCC26XX.oem3 (.text:Power_releaseConstraint)
                  0000745c    00000030                             : PowerCC26XX.oem3 (.text:Power_setConstraint)
                  0000748c    00000030     rf_singleMode_cc13xxware.aem3 : RFCC26XX_singleMode.oem3 (.text:clkPowerUpFxn)
                  000074bc    00000030     rfExamples_pem3.oem3 (.text:ti_sysbios_BIOS_atExitFunc__I)
                  000074ec    00000030     rfExamples_pem3.oem3 (.text:ti_sysbios_BIOS_startFunc__I)
                  0000751c    00000030     sysbios.aem3 : BIOS.obj (.text:ti_sysbios_family_arm_cc26xx_Timer_setThreshold__I)
                  0000754c    00000030     rfExamples_pem3.oem3 (.text:ti_sysbios_gates_GateHwi_Object__create__S)
                  0000757c    00000030     rfExamples_pem3.oem3 (.text:ti_sysbios_gates_GateMutex_Object__create__S)
                  000075ac    00000030     sysbios.aem3 : BIOS.obj (.text:ti_sysbios_gates_GateMutex_enter__E)
                  000075dc    00000030     rfExamples_pem3.oem3 (.text:ti_sysbios_heaps_HeapMem_Object__create__S)
                  0000760c    00000030     sysbios.aem3 : BIOS.obj (.text:ti_sysbios_heaps_HeapMem_free__E)
                  0000763c    00000030     rfExamples_pem3.oem3 (.text:ti_sysbios_knl_Semaphore_construct)
                  0000766c    00000030     sysbios.aem3 : BIOS.obj (.text:ti_sysbios_knl_Task_processVitalTaskFlag__I)
                  0000769c    00000030     rfExamples_pem3.oem3 (.text:ti_uia_loggers_LoggerStopMode_Object__create__S)
                  000076cc    00000030     sysbios.aem3 : BIOS.obj (.text:xdc_runtime_SysMin_abort__E)
                  000076fc    00000030                  : BIOS.obj (.text:xdc_runtime_System_processAtExit__E)
                  0000772c    0000002e     rfExamples_pem3.oem3 (.text:malloc)
                  0000775a    0000002e     sysbios.aem3 : BIOS.obj (.text:ti_sysbios_family_arm_m3_TaskSupport_start__E)
                  00007788    0000002e                  : BIOS.obj (.text:ti_sysbios_hal_Hwi_initStack)
                  000077b6    00000002     smartrf_settings_predefined.obj (.text:enterLrmSysPatch)
                  000077b8    0000002c     driverlib.lib : ddi.obj (.text:NOROM_DDI32RegWrite)
                  000077e4    0000002c                   : osc.obj (.text:NOROM_OSCClockSourceGet)
                  00007810    0000002c                   : setup_rom.obj (.text:NOROM_SetupGetTrimForRadcExtCfg)
                  0000783c    0000002c     drivers_cc13xxware.aem3 : PINCC26XX.oem3 (.text:PINCC26XX_setMux)
                  00007868    0000002c     rf_singleMode_cc13xxware.aem3 : RFCC26XX_singleMode.oem3 (.text:getCmd)
                  00007894    0000002c     sysbios.aem3 : BIOS.obj (.text:ti_sysbios_knl_Clock_getTicksUntilInterrupt__E)
                  000078c0    0000002c     rfExamples_pem3.oem3 (.text:ti_sysbios_knl_Queue_construct)
                  000078ec    0000002c     sysbios.aem3 : BIOS.obj (.text:ti_sysbios_knl_Semaphore_pendTimeout__I)
                  00007918    0000002c                  : BIOS.obj (.text:xdc_runtime_Text_cordText__E)
                  00007944    00000028     driverlib.lib : aon_batmon.obj (.text:NOROM_AONBatMonTemperatureGetDegC)
                  0000796c    00000028     drivers_cc13xxware.aem3 : PowerCC26XX.oem3 (.text:Power_registerNotify)
                  00007994    00000028     rf_singleMode_cc13xxware.aem3 : RFCC26XX_singleMode.oem3 (.text:Q_end)
                  000079bc    00000028     driverlib.lib : adi.obj (.text:SafeHapiVoid)
                  000079e4    00000028     sysbios.aem3 : BIOS.obj (.text:ti_sysbios_knl_Clock_addI__E)
                  00007a0c    00000028                  : BIOS.obj (.text:ti_sysbios_knl_Task_restore__E)
                  00007a34    00000026     drivers_cc13xxware.aem3 : List.oem3 (.text:List_put)
                  00007a5a    00000002     rtsv7M3_T_le_eabi.lib : div0.asm.obj (.text)
                  00007a5c    00000024     drivers_cc13xxware.aem3 : PINCC26XX.oem3 (.text:PINCC26XX_getPinCount)
                  00007a80    00000024                             : PowerCC26XX_calibrateRCOSC.oem3 (.text:getTdcSemaphore)
                  00007aa4    00000024     rf_singleMode_cc13xxware.aem3 : RFCC26XX_singleMode.oem3 (.text:hwiFxnCpe0PowerFsm)
                  00007ac8    00000024     rfExamples_pem3.oem3 (.text:ti_sysbios_BIOS_registerRTSLock__I)
                  00007aec    00000024     rfExamples_pem3.oem3 (.text:ti_sysbios_BIOS_removeRTSLock__I)
                  00007b10    00000024     sysbios.aem3 : BIOS.obj (.text:ti_sysbios_family_arm_cc26xx_Timer_Module_startup__E)
                  00007b34    00000024                  : BIOS.obj (.text:ti_sysbios_family_arm_cc26xx_Timer_getMaxTicks__E)
                  00007b58    00000024                  : BIOS.obj (.text:ti_sysbios_family_arm_cc26xx_Timer_startup__E)
                  00007b7c    00000024     rfExamples_pem3.oem3 (.text:ti_sysbios_gates_GateMutex_Object__delete__S)
                  00007ba0    00000024     sysbios.aem3 : BIOS.obj (.text:ti_sysbios_knl_Semaphore_Instance_init__E)
                  00007bc4    00000024                  : BIOS.obj (.text:ti_sysbios_knl_Swi_Module_startup__E)
                  00007be8    00000022                  : BIOS.obj (.text:ti_sysbios_family_arm_cc26xx_Timer_postInit__I)
                  00007c0a    00000022     rfExamples_pem3.oem3 (.text:xdc_runtime_SysMin_output__I)
                  00007c2c    00000020     EasyLink.obj (.text:EasyLink_getAbsTime)
                  00007c4c    00000020     driverlib.lib : rfc.obj (.text:NOROM_RFCAdi3VcoLdoVoltageMode)
                  00007c6c    00000020                   : rfc.obj (.text:NOROM_RFCDoorbellSendTo)
                  00007c8c    00000020                   : setup_rom.obj (.text:NOROM_SetupGetTrimForXoscHfCtl)
                  00007cac    00000020     drivers_cc13xxware.aem3 : PowerCC26XX.oem3 (.text:Power_unregisterNotify)
                  00007ccc    00000020     rf_singleMode_cc13xxware.aem3 : RFCC26XX_singleMode.oem3 (.text:allocCmd)
                  00007cec    00000020     rfExamples_pem3.oem3 (.text:ti_sysbios_BIOS_rtsLock__I)
                  00007d0c    00000020     sysbios.aem3 : BIOS.obj (.text:ti_sysbios_family_arm_cc26xx_Timer_dynamicStub__E)
                  00007d2c    00000020                  : BIOS.obj (.text:ti_sysbios_family_arm_cc26xx_TimestampProvider_Module_startup__E)
                  00007d4c    00000020                  : m3_Hwi_asm.obj (.text:ti_sysbios_family_arm_m3_Hwi_excHandlerAsm__I)
                  00007d6c    00000020                  : BIOS.obj (.text:ti_sysbios_family_arm_m3_Hwi_excHandler__I)
                  00007d8c    00000020     rfExamples_pem3.oem3 (.text:ti_sysbios_gates_GateHwi_Object__delete__S)
                  00007dac    00000020     rfExamples_pem3.oem3 (.text:ti_sysbios_heaps_HeapMem_Object__delete__S)
                  00007dcc    00000020     sysbios.aem3 : BIOS.obj (.text:ti_sysbios_knl_Clock_Module_startup__E)
                  00007dec    00000020     rfExamples_pem3.oem3 (.text:ti_sysbios_knl_Clock_Object__destruct__S)
                  00007e0c    00000020     sysbios.aem3 : BIOS.obj (.text:ti_sysbios_knl_Clock_getTicks__E)
                  00007e2c    00000020                  : BIOS.obj (.text:ti_sysbios_knl_Clock_stop__E)
                  00007e4c    00000020                  : BIOS.obj (.text:ti_sysbios_knl_Idle_run__E)
                  00007e6c    00000020     rfExamples_pem3.oem3 (.text:ti_sysbios_knl_Semaphore_Object__destruct__S)
                  00007e8c    00000020     sysbios.aem3 : BIOS.obj (.text:ti_sysbios_knl_Task_restoreHwi__E)
                  00007eac    00000020     rfExamples_pem3.oem3 (.text:ti_uia_loggers_LoggerStopMode_Object__delete__S)
                  00007ecc    00000020     sysbios.aem3 : BIOS.obj (.text:xdc_runtime_SysMin_Module_startup__E)
                  00007eec    0000001e     drivers_cc13xxware.aem3 : PINCC26XX.oem3 (.text:PIN_close)
                  00007f0a    0000001e                             : PowerCC26XX.oem3 (.text:Power_getTransitionLatency)
                  00007f28    0000001e     sysbios.aem3 : m3_Hwi_asm_switch.obj (.text:ti_sysbios_family_xxx_Hwi_switchAndRunFunc)
                  00007f46    00000002                  : BIOS.obj (.text:ti_sysbios_BIOS_linkedWithIncorrectBootLibrary__E)
                  00007f48    0000001c     driverlib.lib : setup_rom.obj (.text:NOROM_SetupGetTrimForAmpcompTh2)
                  00007f64    0000001c                   : setup_rom.obj (.text:NOROM_SetupGetTrimForRcOscLfRtuneCtuneTrim)
                  00007f80    0000001c     drivers_cc13xxware.aem3 : PINCC26XX.oem3 (.text:PINCC26XX_setIoCfgMux)
                  00007f9c    0000001c                             : PINCC26XX.oem3 (.text:PIN_hwi)
                  00007fb8    0000001c     smartrf_settings.obj (.text:enterGenfskCpePatch)
                  00007fd4    0000001c     smartrf_settings_predefined.obj (.text:enterGenfskCpePatch)
                  00007ff0    0000001c     smartrf_settings_predefined.obj (.text:enterGenookCpePatch)
                  0000800c    0000001c     smartrf_settings_predefined.obj (.text:enterLrmCpePatch)
                  00008028    0000001c     rfExamples_pem3.oem3 (.text:ti_sysbios_family_arm_m3_Hwi_Object__destruct__S)
                  00008044    0000001c     sysbios.aem3 : BIOS.obj (.text:ti_sysbios_family_arm_m3_Hwi_setPriority__E)
                  00008060    0000001c                  : BIOS.obj (.text:ti_sysbios_gates_GateMutex_Instance_init__E)
                  0000807c    0000001c                  : BIOS.obj (.text:ti_sysbios_knl_Clock_scheduleNextTick__E)
                  00008098    0000001c     rfExamples_pem3.oem3 (.text:ti_sysbios_knl_Queue_Object__destruct__S)
                  000080b4    0000001c     sysbios.aem3 : BIOS.obj (.text:ti_sysbios_knl_Queue_put__E)
                  000080d0    0000001c     rfExamples_pem3.oem3 (.text:ti_sysbios_knl_Swi_Object__destruct__S)
                  000080ec    0000001c     sysbios.aem3 : BIOS.obj (.text:ti_sysbios_knl_Task_enter__I)
                  00008108    0000001c     ti.uia.loggers.aem3 : LoggerStopMode.oem3 (.text:ti_uia_loggers_LoggerStopMode_Instance_init__E)
                  00008124    0000001c     sysbios.aem3 : BIOS.obj (.text:xdc_runtime_Error_check__E)
                  00008140    0000001c                  : BIOS.obj (.text:xdc_runtime_Error_raiseX__E)
                  0000815c    0000001c                  : BIOS.obj (.text:xdc_runtime_Memory_valloc__E)
                  00008178    0000001c                  : BIOS.obj (.text:xdc_runtime_SysMin_exit__E)
                  00008194    0000001c                  : BIOS.obj (.text:xdc_runtime_System_abort__E)
                  000081b0    0000001a     drivers_cc13xxware.aem3 : List.oem3 (.text:List_remove)
                  000081ca    0000001a     wsnQueue.obj (.text:isFull)
                  000081e4    0000001a     sysbios.aem3 : m3_Hwi_asm.obj (.text:ti_sysbios_family_arm_m3_Hwi_pendSV__I)
                  000081fe    0000001a                  : BIOS.obj (.text:ti_sysbios_knl_Task_sleepTimeout__I)
                  00008218    00000018     driverlib.lib : aon_rtc.obj (.text:NOROM_AONRTCCurrentCompareValueGet)
                  00008230    00000018                   : chipinfo.obj (.text:NOROM_ChipInfo_GetPackageType)
                  00008248    00000018                   : osc.obj (.text:NOROM_OSCHF_TurnOnXosc)
                  00008260    00000018                   : rfc.obj (.text:NOROM_RFCCpeIntGetAndClear)
                  00008278    00000018                   : setup_rom.obj (.text:NOROM_SetupGetTrimForAdcShModeEn)
                  00008290    00000018                   : setup_rom.obj (.text:NOROM_SetupGetTrimForAdcShVbufEn)
                  000082a8    00000018                   : setup_rom.obj (.text:NOROM_SetupGetTrimForAmpcompTh1)
                  000082c0    00000018                   : setup_rom.obj (.text:NOROM_SetupGetTrimForDblrLoopFilterResetVoltage)
                  000082d8    00000018                   : setup_rom.obj (.text:NOROM_SetupGetTrimForRcOscLfIBiasTrim)
                  000082f0    00000018                   : setup_rom.obj (.text:NOROM_SetupGetTrimForXoscLfRegulatorAndCmirrwrRatio)
                  00008308    00000018     drivers_cc13xxware.aem3 : PowerCC26XX.oem3 (.text:Power_idleFunc)
                  00008320    00000018     rf_singleMode_cc13xxware.aem3 : RFCC26XX_singleMode.oem3 (.text:Q_pop)
                  00008338    00000018     rtsv7M3_T_le_eabi.lib : args_main.c.obj (.text:_args_main)
                  00008350    00000018     drivers_cc13xxware.aem3 : PowerCC26XX.oem3 (.text:configureRFCoreClocks)
                  00008368    00000018     rtsv7M3_T_le_eabi.lib : ll_mul_t2.asm.obj (.text)
                  00008380    00000018     rf_singleMode_cc13xxware.aem3 : RFCC26XX_singleMode.oem3 (.text:swiFxnFsm)
                  00008398    00000018     rfExamples_pem3.oem3 (.text:ti_sysbios_BIOS_rtsUnlock__I)
                  000083b0    00000018     rfExamples_pem3.oem3 (.text:ti_sysbios_family_arm_cc26xx_Timer_Module__startupDone__F)
                  000083c8    00000018     rfExamples_pem3.oem3 (.text:ti_sysbios_family_arm_m3_Hwi_Module__startupDone__F)
                  000083e0    00000018     sysbios.aem3 : BIOS.obj (.text:ti_sysbios_family_arm_m3_Hwi_plug__E)
                  000083f8    00000018     rfExamples_pem3.oem3 (.text:ti_sysbios_gates_GateHwi_Handle__label__S)
                  00008410    00000018     rfExamples_pem3.oem3 (.text:ti_sysbios_gates_GateMutex_Handle__label__S)
                  00008428    00000018     sysbios.aem3 : BIOS.obj (.text:ti_sysbios_gates_GateMutex_leave__E)
                  00008440    00000018     rfExamples_pem3.oem3 (.text:ti_sysbios_heaps_HeapMem_Handle__label__S)
                  00008458    00000018     sysbios.aem3 : BIOS.obj (.text:ti_sysbios_knl_Swi_or__E)
                  00008470    00000018                  : BIOS.obj (.text:ti_sysbios_knl_Task_unblock__E)
                  00008488    00000018     rfExamples_pem3.oem3 (.text:ti_uia_loggers_LoggerStopMode_Handle__label__S)
                  000084a0    00000018     sysbios.aem3 : BIOS.obj (.text:xdc_runtime_System_exit__E)
                  000084b8    00000018                  : BIOS.obj (.text:xdc_runtime_Text_ropeText__E)
                  000084d0    00000016     driverlib.lib : chipinfo.obj (.text:NOROM_ThisCodeIsBuiltForCC13xxHwRev20AndLater_HaltIfViolated)
                  000084e6    00000016     rfExamples_pem3.oem3 (.text:ti_sysbios_BIOS_exitFunc__I)
                  000084fc    00000016     sysbios.aem3 : BIOS.obj (.text:ti_sysbios_family_arm_cc26xx_TimestampProvider_get64__E)
                  00008512    00000016                  : BIOS.obj (.text:ti_sysbios_knl_Clock_Instance_finalize__E)
                  00008528    00000016                  : BIOS.obj (.text:ti_sysbios_knl_Clock_start__E)
                  0000853e    00000016     EasyLink.obj (.text:ti_sysbios_knl_Semaphore_Params_init)
                  00008554    00000016     rfEasyLinkTx.obj (.text:ti_sysbios_knl_Semaphore_Params_init)
                  0000856a    00000016     rfEasyLinkTx.obj (.text:ti_sysbios_knl_Task_Params_init)
                  00008580    00000016     ti.uia.loggers.aem3 : LoggerStopMode.oem3 (.text:ti_uia_loggers_LoggerStopMode_disable__E)
                  00008596    00000016                         : LoggerStopMode.oem3 (.text:ti_uia_loggers_LoggerStopMode_enable__E)
                  000085ac    00000014     driverlib.lib : aon_rtc.obj (.text:NOROM_AONRTCCurrent64BitValueGet)
                  000085c0    00000014     rf_singleMode_cc13xxware.aem3 : RFCC26XX_singleMode.oem3 (.text:RF_Params_init)
                  000085d4    00000014     wsnQueue.obj (.text:isEmpty)
                  000085e8    00000014     rfExamples_pem3.oem3 (.text:ti_sysbios_family_arm_m3_Hwi_Object__get__S)
                  000085fc    00000014     sysbios.aem3 : BIOS.obj (.text:ti_sysbios_family_arm_m3_Hwi_switchFromBootStack__E)
                  00008610    00000014     rfExamples_pem3.oem3 (.text:ti_sysbios_heaps_HeapMem_Object__get__S)
                  00008624    00000014     rfExamples_pem3.oem3 (.text:ti_sysbios_knl_Clock_doTick__I)
                  00008638    00000014     rfExamples_pem3.oem3 (.text:ti_sysbios_knl_Swi_Object__get__S)
                  0000864c    00000014     rfEasyLinkTx.obj (.text:txDoneCb)
                  00008660    00000012     sysbios.aem3 : BIOS.obj (.text:ti_sysbios_hal_Hwi_Module_startup__E)
                  00008672    00000012     rfExamples_pem3.oem3 (.text:xdc_runtime_Startup_exec__I)
                  00008684    00000010     rf_singleMode_cc13xxware.aem3 : RFCC26XX_singleMode.oem3 (.text:FsmDispatch)
                  00008694    00000010     drivers_cc13xxware.aem3 : I2C.oem3 (.text:I2C_Params_init)
                  000086a4    00000010     driverlib.lib : rfc.obj (.text:NOROM_RFCRfTrimSet)
                  000086b4    00000010                   : setup_rom.obj (.text:NOROM_SetupGetTrimForXoscHfFastStart)
                  000086c4    00000010                   : setup_rom.obj (.text:NOROM_SetupGetTrimForXoscHfIbiastherm)
                  000086d4    00000010     smartrf_settings.obj (.text:applyGenfskPatch)
                  000086e4    00000010     smartrf_settings_predefined.obj (.text:applyGenfskPatch)
                  000086f4    00000010     smartrf_settings_predefined.obj (.text:applyGenookPatch)
                  00008704    00000010     smartrf_settings_predefined.obj (.text:applyLrmPatch)
                  00008714    00000010     drivers_cc13xxware.aem3 : I2CCC26XX.oem3 (.text:i2cPostNotify)
                  00008724    00000010     sysbios.aem3 : BIOS.obj (.text:ti_sysbios_BIOS_exit__E)
                  00008734    00000010                  : BIOS.obj (.text:ti_sysbios_BIOS_getCpuFreq__E)
                  00008744    00000010                  : BIOS.obj (.text:ti_sysbios_BIOS_setThreadType__E)
                  00008754    00000010                  : BIOS.obj (.text:ti_sysbios_BIOS_start__E)
                  00008764    00000010                  : BIOS.obj (.text:ti_sysbios_family_arm_m3_Hwi_post__E)
                  00008774    00000010                  : m3_TaskSupport_asm.obj (.text:ti_sysbios_family_arm_m3_TaskSupport_glue)
                  00008784    00000010                  : m3_TaskSupport_asm.obj (.text:ti_sysbios_family_arm_m3_TaskSupport_swap__E)
                  00008794    00000010                  : BIOS.obj (.text:ti_sysbios_gates_GateMutex_Instance_finalize__E)
                  000087a4    00000010                  : BIOS.obj (.text:ti_sysbios_knl_Semaphore_Instance_finalize__E)
                  000087b4    00000010                  : BIOS.obj (.text:ti_sysbios_knl_Swi_disable__E)
                  000087c4    00000010                  : BIOS.obj (.text:ti_sysbios_knl_Swi_enabled__E)
                  000087d4    00000010     rfExamples_pem3.oem3 (.text:ti_sysbios_knl_Task_Object__get__S)
                  000087e4    00000010     sysbios.aem3 : BIOS.obj (.text:ti_sysbios_knl_Task_disable__E)
                  000087f4    00000010     rfExamples_pem3.oem3 (.text:ti_uia_loggers_LoggerStopMode_Object__get__S)
                  00008804    00000010     ti.uia.loggers.aem3 : LoggerStopMode.oem3 (.text:ti_uia_loggers_LoggerStopMode_isEmpty__E)
                  00008814    00000010     sysbios.aem3 : BIOS.obj (.text:xdc_runtime_Gate_leaveSystem__E)
                  00008824    00000010                  : BIOS.obj (.text:xdc_runtime_Memory_free__E)
                  00008834    0000000e     driverlib.lib : vims.obj (.text:NOROM_VIMSModeGet)
                  00008842    0000000e     rtsv7M3_T_le_eabi.lib : copy_decompress_none.c.obj (.text:decompress:none:__TI_decompress_none)
                  00008850    0000000e     sysbios.aem3 : BIOS.obj (.text:ti_sysbios_heaps_HeapMem_restore__E)
                  0000885e    0000000e                  : BIOS.obj (.text:ti_sysbios_knl_Queue_empty__E)
                  0000886c    0000000e                  : BIOS.obj (.text:ti_sysbios_knl_Queue_remove__E)
                  0000887a    00000002     rfExamples_pem3.oem3 (.text:ti_sysbios_BIOS_nullFunc__I)
                  0000887c    0000000c     rf_singleMode_cc13xxware.aem3 : RFCC26XX_singleMode.oem3 (.text:FsmNextState)
                  00008888    0000000c     driverlib.lib : cpu.obj (.text:NOROM_CPUcpsid)
                  00008894    0000000c                   : cpu.obj (.text:NOROM_CPUcpsie)
                  000088a0    0000000c     drivers_cc13xxware.aem3 : PowerCC26XX.oem3 (.text:Power_getConstraintMask)
                  000088ac    0000000c                             : PowerCC26XX.oem3 (.text:Power_getDependencyCount)
                  000088b8    0000000c     rtsv7M3_T_le_eabi.lib : _lock.c.obj (.text:_register_lock)
                  000088c4    0000000c                           : _lock.c.obj (.text:_register_unlock)
                  000088d0    0000000c                           : copy_zero_init.c.obj (.text:decompress:ZI:__TI_zero_init)
                  000088dc    0000000c     rfExamples_pem3.oem3 (.text:ti_sysbios_family_arm_m3_Hwi_Params__init__S)
                  000088e8    0000000c     sysbios.aem3 : BIOS.obj (.text:ti_sysbios_family_arm_m3_Hwi_disableFxn__E)
                  000088f4    0000000c                  : BIOS.obj (.text:ti_sysbios_family_arm_m3_TaskSupport_getStackAlignment__E)
                  00008900    0000000c                  : BIOS.obj (.text:ti_sysbios_gates_GateHwi_enter__E)
                  0000890c    0000000c     rfExamples_pem3.oem3 (.text:ti_sysbios_knl_Clock_Params__init__S)
                  00008918    0000000c     sysbios.aem3 : BIOS.obj (.text:ti_sysbios_knl_Clock_getTimerHandle__E)
                  00008924    0000000c     rfExamples_pem3.oem3 (.text:ti_sysbios_knl_Queue_Object__get__S)
                  00008930    0000000c     sysbios.aem3 : BIOS.obj (.text:ti_sysbios_knl_Queue_dequeue__E)
                  0000893c    0000000c                  : BIOS.obj (.text:ti_sysbios_knl_Queue_enqueue__E)
                  00008948    0000000c     rfExamples_pem3.oem3 (.text:ti_sysbios_knl_Semaphore_Params__init__S)
                  00008954    0000000c     rfExamples_pem3.oem3 (.text:ti_sysbios_knl_Swi_Params__init__S)
                  00008960    0000000c     sysbios.aem3 : BIOS.obj (.text:ti_sysbios_knl_Swi_getTrigger__E)
                  0000896c    0000000c     rfExamples_pem3.oem3 (.text:ti_sysbios_knl_Task_Params__init__S)
                  00008978    0000000c     sysbios.aem3 : BIOS.obj (.text:ti_sysbios_knl_Task_self__E)
                  00008984    0000000c                  : BIOS.obj (.text:xdc_runtime_Error_init__E)
                  00008990    0000000c                  : BIOS.obj (.text:xdc_runtime_Gate_enterSystem__E)
                  0000899c    0000000c                  : BIOS.obj (.text:xdc_runtime_Memory_calloc__E)
                  000089a8    0000000c                  : BIOS.obj (.text:xdc_runtime_Memory_getMaxDefaultTypeAlign__E)
                  000089b4    0000000c                  : BIOS.obj (.text:xdc_runtime_Startup_rtsDone__E)
                  000089c0    0000000a     drivers_cc13xxware.aem3 : I2CCC26XX.oem3 (.text:I2CCC26XX_init)
                  000089ca    0000000a                             : I2C.oem3 (.text:I2C_transfer)
                  000089d4    0000000a                             : List.oem3 (.text:List_empty)
                  000089de    0000000a     rfExamples_pem3.oem3 (.text:xdc_runtime_IHeap_alloc)
                  000089e8    0000000a     rfExamples_pem3.oem3 (.text:xdc_runtime_IHeap_free)
                  000089f2    00000008     drivers_cc13xxware.aem3 : I2CCC26XX.oem3 (.text:I2CCC26XX_blockingCallback)
                  000089fa    00000008     smartrf_settings.obj (.text:rf_patch_cpe_genfsk)
                  00008a02    00000008     smartrf_settings_predefined.obj (.text:rf_patch_cpe_genfsk)
                  00008a0a    00000008     smartrf_settings_predefined.obj (.text:rf_patch_cpe_genook)
                  00008a12    00000008     smartrf_settings_predefined.obj (.text:rf_patch_cpe_lrm)
                  00008a1a    00000008     sysbios.aem3 : BIOS.obj (.text:ti_sysbios_family_arm_m3_Hwi_doSwiRestore__I)
                  00008a22    00000008                  : BIOS.obj (.text:ti_sysbios_family_arm_m3_Hwi_startup__E)
                  00008a2a    00000008                  : BIOS.obj (.text:ti_sysbios_knl_Idle_loop__E)
                  00008a32    00000006     drivers_cc13xxware.aem3 : I2CCC26XX.oem3 (.text:I2CCC26XX_control)
                  00008a38    00000006     driverlib.lib : cpu.obj (.text:NOROM_CPUdelay)
                  00008a3e    00000006     rf_singleMode_cc13xxware.aem3 : RFCC26XX_singleMode.oem3 (.text:clkInactivityFxn)
                  00008a44    00000006     sysbios.aem3 : BIOS.obj (.text:ti_sysbios_family_arm_m3_Hwi_doTaskRestore__I)
                  00008a4a    00000006                  : BIOS.obj (.text:ti_sysbios_family_arm_m3_Hwi_restoreFxn__E)
                  00008a50    00000006                  : BIOS.obj (.text:ti_sysbios_family_arm_m3_Hwi_setFunc__E)
                  00008a56    00000006                  : BIOS.obj (.text:ti_sysbios_gates_GateHwi_leave__E)
                  00008a5c    00000006                  : BIOS.obj (.text:ti_sysbios_heaps_HeapMem_isBlocking__E)
                  00008a62    00000006                  : BIOS.obj (.text:ti_sysbios_knl_Queue_Instance_init__E)
                  00008a68    00000006                  : BIOS.obj (.text:ti_sysbios_knl_Queue_elemClear__E)
                  00008a6e    00000006                  : BIOS.obj (.text:ti_sysbios_knl_Swi_startup__E)
                  00008a74    00000006                  : BIOS.obj (.text:xdc_runtime_System_Module_startup__E)
                  00008a7a    00000004     tirtosport.aem3 : HwiP_tirtos.oem3 (.text:HwiP_disable)
                  00008a7e    00000004     drivers_cc13xxware.aem3 : List.oem3 (.text:List_head)
                  00008a82    00000004                             : List.oem3 (.text:List_next)
                  00008a86    00000004     rf_singleMode_cc13xxware.aem3 : RFCC26XX_singleMode.oem3 (.text:Q_peek)
                  00008a8a    00000004     drivers_cc13xxware.aem3 : PowerCC26XX.oem3 (.text:nopResourceHandler)
                  00008a8e    00000004     rfExamples_pem3.oem3 (.text:ti_sysbios_BIOS_RtsGateProxy_enter__E)
                  00008a92    00000004     rfExamples_pem3.oem3 (.text:ti_sysbios_BIOS_RtsGateProxy_leave__E)
                  00008a96    00000004     sysbios.aem3 : BIOS.obj (.text:ti_sysbios_family_arm_cc26xx_Timer_getCount64__E)
                  00008a9a    00000004                  : BIOS.obj (.text:ti_sysbios_family_arm_cc26xx_Timer_setPeriod__E)
                  00008a9e    00000004     rfExamples_pem3.oem3 (.text:ti_sysbios_family_arm_m3_Hwi_destruct)
                  00008aa2    00000004     rfExamples_pem3.oem3 (.text:ti_sysbios_family_arm_m3_TaskSupport_Module__startupDone__S)
                  00008aa6    00000004     sysbios.aem3 : BIOS.obj (.text:ti_sysbios_gates_GateHwi_query__E)
                  00008aaa    00000004                  : BIOS.obj (.text:ti_sysbios_gates_GateMutex_query__E)
                  00008aae    00000004     rfExamples_pem3.oem3 (.text:ti_sysbios_heaps_HeapMem_Module_GateProxy_enter__E)
                  00008ab2    00000004     rfExamples_pem3.oem3 (.text:ti_sysbios_heaps_HeapMem_Module_GateProxy_leave__E)
                  00008ab6    00000004     rfExamples_pem3.oem3 (.text:ti_sysbios_knl_Clock_TimerProxy_getCurrentTick__E)
                  00008aba    00000004     rfExamples_pem3.oem3 (.text:ti_sysbios_knl_Clock_TimerProxy_getMaxTicks__E)
                  00008abe    00000004     rfExamples_pem3.oem3 (.text:ti_sysbios_knl_Clock_TimerProxy_setNextTick__E)
                  00008ac2    00000004     rfExamples_pem3.oem3 (.text:ti_sysbios_knl_Clock_destruct)
                  00008ac6    00000004     sysbios.aem3 : BIOS.obj (.text:ti_sysbios_knl_Clock_removeI__E)
                  00008aca    00000004                  : BIOS.obj (.text:ti_sysbios_knl_Clock_setTimeout__E)
                  00008ace    00000004     rfExamples_pem3.oem3 (.text:ti_sysbios_knl_Queue_destruct)
                  00008ad2    00000004     sysbios.aem3 : BIOS.obj (.text:ti_sysbios_knl_Queue_head__E)
                  00008ad6    00000004                  : BIOS.obj (.text:ti_sysbios_knl_Queue_next__E)
                  00008ada    00000004     rfExamples_pem3.oem3 (.text:ti_sysbios_knl_Semaphore_destruct)
                  00008ade    00000004     rfExamples_pem3.oem3 (.text:ti_sysbios_knl_Swi_destruct)
                  00008ae2    00000004     sysbios.aem3 : BIOS.obj (.text:ti_sysbios_knl_Swi_postInit__I)
                  00008ae6    00000004                  : BIOS.obj (.text:ti_sysbios_knl_Task_startup__E)
                  00008aea    00000004     ti.uia.loggers.aem3 : LoggerStopMode.oem3 (.text:ti_uia_loggers_LoggerStopMode_getContents__E)
                  00008aee    00000004     rfExamples_pem3.oem3 (.text:ti_uia_loggers_LoggerStopMode_getFilterLevel__E)
                  00008af2    00000004     ti.uia.loggers.aem3 : LoggerStopMode.oem3 (.text:ti_uia_loggers_LoggerStopMode_getInstanceId__E)
                  00008af6    00000004                         : LoggerStopMode.oem3 (.text:ti_uia_loggers_LoggerStopMode_getMaxLength__E)
                  00008afa    00000004                         : LoggerStopMode.oem3 (.text:ti_uia_loggers_LoggerStopMode_getPriority__E)
                  00008afe    00000004                         : LoggerStopMode.oem3 (.text:ti_uia_loggers_LoggerStopMode_getTransferType__E)
                  00008b02    00000004     rfExamples_pem3.oem3 (.text:xdc_runtime_System_Module_GateProxy_enter__E)
                  00008b06    00000004     rfExamples_pem3.oem3 (.text:xdc_runtime_System_Module_GateProxy_leave__E)
                  00008b0a    00000002     sysbios.aem3 : BIOS.obj (.text:ti_sysbios_gates_GateHwi_Instance_init__E)
                  00008b0c    00000002                  : BIOS.obj (.text:ti_sysbios_knl_Clock_triggerFunc__I)
                  00008b0e    00000002                  : BIOS.obj (.text:ti_sysbios_knl_Swi_Instance_finalize__E)
                  00008b10    00000002     rfExamples_pem3.oem3 (.text:ti_uia_loggers_LoggerStopMode_setFilterLevel__E)
                  00008b12    00000002     ti.uia.loggers.aem3 : LoggerStopMode.oem3 (.text:ti_uia_loggers_LoggerStopMode_setPriority__E)
                  00008b14    00000002     sysbios.aem3 : BIOS.obj (.text:xdc_runtime_Error_policySpin__E)
                  00008b16    00000002                  : BIOS.obj (.text:xdc_runtime_System_abortSpin__E)
                  00008b18    00000002                  : BIOS.obj (.text:xdc_runtime_System_exitSpin__E)

.const     0    00008b1c    00003cf3     
                  00008b1c    0000073c     smartrf_settings_predefined.obj (.const:patchGenookMce)
                  00009258    000006b4     smartrf_settings.obj (.const:patchGenfskRfe)
                  0000990c    000006b4     smartrf_settings_predefined.obj (.const:patchGenfskRfe)
                  00009fc0    000006b4     smartrf_settings_predefined.obj (.const:patchLrmRfe)
                  0000a674    000006a4     smartrf_settings_predefined.obj (.const:patchGenookRfe)
                  0000ad18    00000504     smartrf_settings_predefined.obj (.const:patchHsp4mbpsRfe)
                  0000b21c    000003f0     smartrf_settings_predefined.obj (.const:patchHsp4mbpsMce)
                  0000b60c    0000028c     smartrf_settings.obj (.const:patchImageGenfsk)
                  0000b898    0000028c     smartrf_settings_predefined.obj (.const:patchImageGenfsk)
                  0000bb24    0000028c     smartrf_settings_predefined.obj (.const:patchImageGenook)
                  0000bdb0    0000028c     smartrf_settings_predefined.obj (.const:patchImageLrm)
                  0000c03c    00000090     rfEasyLinkTx.obj (.const:$P$T0$1)
                  0000c0cc    00000060     rfExamples_pem3.oem3 (.const:ti_uia_loggers_LoggerStopMode_Module__FXNS__C)
                  0000c12c    0000004c     drivers_cc13xxware.aem3 : PowerCC26XX.oem3 (.const:resourceDB)
                  0000c178    00000048     rfExamples_pem3.oem3 (.const:.string)
                  0000c1c0    0000003c     smartrf_settings_predefined.obj (.const:rfPowerTable)
                  0000c1fc    0000003c     rfExamples_pem3.oem3 (.const:ti_sysbios_knl_Task_Object__PARAMS__C)
                  0000c238    00000034     CC1350_LAUNCHXL.obj (.const:BoardGpioInitTable)
                  0000c26c    00000030     rfExamples_pem3.oem3 (.const:ti_sysbios_family_arm_m3_Hwi_Object__PARAMS__C)
                  0000c29c    00000028     rfExamples_pem3.oem3 (.const:ti_sysbios_heaps_HeapMem_Module__FXNS__C)
                  0000c2c4    00000028     rfExamples_pem3.oem3 (.const:ti_sysbios_knl_Swi_Object__PARAMS__C)
                  0000c2ec    00000028     rfExamples_pem3.oem3 (.const:ti_uia_loggers_LoggerStopMode_Object__PARAMS__C)
                  0000c314    00000028     rfExamples_pem3.oem3 (.const:xdc_runtime_Startup_sfxnTab__A)
                  0000c33c    00000024     rfExamples_pem3.oem3 (.const:ti_sysbios_gates_GateHwi_Module__FXNS__C)
                  0000c360    00000024     rfExamples_pem3.oem3 (.const:ti_sysbios_gates_GateMutex_Module__FXNS__C)
                  0000c384    00000024     rfExamples_pem3.oem3 (.const:ti_sysbios_heaps_HeapMem_Object__PARAMS__C)
                  0000c3a8    00000024     rfExamples_pem3.oem3 (.const:ti_sysbios_knl_Clock_Object__PARAMS__C)
                  0000c3cc    00000024     rfExamples_pem3.oem3 (.const:ti_sysbios_knl_Semaphore_Object__PARAMS__C)
                  0000c3f0    00000020     drivers_cc13xxware.aem3 : I2CCC26XX.oem3 (.const)
                  0000c410    00000020     rfExamples_pem3.oem3 (.const:ti_sysbios_family_arm_m3_Hwi_Object__DESC__C)
                  0000c430    00000020     rfExamples_pem3.oem3 (.const:ti_sysbios_gates_GateHwi_Object__DESC__C)
                  0000c450    00000020     rfExamples_pem3.oem3 (.const:ti_sysbios_gates_GateMutex_Object__DESC__C)
                  0000c470    00000020     rfExamples_pem3.oem3 (.const:ti_sysbios_heaps_HeapMem_Object__DESC__C)
                  0000c490    00000020     rfExamples_pem3.oem3 (.const:ti_sysbios_knl_Clock_Object__DESC__C)
                  0000c4b0    00000020     rfExamples_pem3.oem3 (.const:ti_sysbios_knl_Queue_Object__DESC__C)
                  0000c4d0    00000020     rfExamples_pem3.oem3 (.const:ti_sysbios_knl_Semaphore_Object__DESC__C)
                  0000c4f0    00000020     rfExamples_pem3.oem3 (.const:ti_sysbios_knl_Swi_Object__DESC__C)
                  0000c510    00000020     rfExamples_pem3.oem3 (.const:ti_sysbios_knl_Task_Object__DESC__C)
                  0000c530    00000020     rfExamples_pem3.oem3 (.const:ti_uia_loggers_LoggerStopMode_Object__DESC__C)
                  0000c550    00000018     EasyLink.obj (.const:$P$T0$3)
                  0000c568    00000018     CC1350_LAUNCHXL.obj (.const:I2C_config)
                  0000c580    00000018     CC1350_LAUNCHXL.obj (.const:i2cCC26xxHWAttrs)
                  0000c598    00000018     rfExamples_pem3.oem3 (.const:ti_sysbios_gates_GateHwi_Object__PARAMS__C)
                  0000c5b0    00000018     rfExamples_pem3.oem3 (.const:ti_sysbios_gates_GateMutex_Object__PARAMS__C)
                  0000c5c8    00000018     rfExamples_pem3.oem3 (.const:ti_sysbios_knl_Queue_Object__PARAMS__C)
                  0000c5e0    00000014     rf_singleMode_cc13xxware.aem3 : RFCC26XX_singleMode.oem3 (.const)
                  0000c5f4    00000014     rfExamples_pem3.oem3 (.const:xdc_runtime_Startup_sfxnRts__A)
                  0000c608    00000010     CC1350_LAUNCHXL.obj (.const:PowerCC26XX_config)
                  0000c618    00000010     drivers_cc13xxware.aem3 : I2C.oem3 (.const)
                  0000c628    0000000c     rfExamples_pem3.oem3 (.const:xdc_runtime_Startup_firstFxns__A)
                  0000c634    00000008     CC1350_LAUNCHXL.obj (.const:PINCC26XX_hwAttrs)
                  0000c63c    00000008     rfExamples_pem3.oem3 (.const:ti_sysbios_knl_Idle_funcList__C)
                  0000c644    00000008     rfExamples_pem3.oem3 (.const:xdc_runtime_Startup_firstFxns__C)
                  0000c64c    00000008     rfExamples_pem3.oem3 (.const:xdc_runtime_Startup_lastFxns__C)
                  0000c654    00000004     EasyLink.obj (.const:$P$T1$4)
                  0000c658    00000004     CC1350_LAUNCHXL.obj (.const:RFCC26XX_hwAttrs)
                  0000c65c    00000004     rfExamples_pem3.oem3 (.const:ti_sysbios_family_arm_cc26xx_Timer_startupNeeded__C)
                  0000c660    00000004     rfExamples_pem3.oem3 (.const:ti_sysbios_family_arm_m3_Hwi_E_alreadyDefined__C)
                  0000c664    00000004     rfExamples_pem3.oem3 (.const:ti_sysbios_family_arm_m3_Hwi_LD_end__C)
                  0000c668    00000004     rfExamples_pem3.oem3 (.const:ti_sysbios_family_arm_m3_Hwi_LM_begin__C)
                  0000c66c    00000004     rfExamples_pem3.oem3 (.const:ti_sysbios_family_arm_m3_Hwi_Module__diagsEnabled__C)
                  0000c670    00000004     rfExamples_pem3.oem3 (.const:ti_sysbios_family_arm_m3_Hwi_Module__diagsIncluded__C)
                  0000c674    00000004     rfExamples_pem3.oem3 (.const:ti_sysbios_family_arm_m3_Hwi_Module__diagsMask__C)
                  0000c678    00000004     rfExamples_pem3.oem3 (.const:ti_sysbios_family_arm_m3_Hwi_Module__loggerFxn1__C)
                  0000c67c    00000004     rfExamples_pem3.oem3 (.const:ti_sysbios_family_arm_m3_Hwi_Module__loggerFxn8__C)
                  0000c680    00000004     rfExamples_pem3.oem3 (.const:ti_sysbios_family_arm_m3_Hwi_Module__loggerObj__C)
                  0000c684    00000004     rfExamples_pem3.oem3 (.const:ti_sysbios_family_arm_m3_Hwi_NUM_INTERRUPTS__C)
                  0000c688    00000004     rfExamples_pem3.oem3 (.const:ti_sysbios_family_arm_m3_Hwi_Object__count__C)
                  0000c68c    00000004     rfExamples_pem3.oem3 (.const:ti_sysbios_family_arm_m3_Hwi_ccr__C)
                  0000c690    00000004     rfExamples_pem3.oem3 (.const:ti_sysbios_family_arm_m3_Hwi_excHandlerFunc__C)
                  0000c694    00000004     rfExamples_pem3.oem3 (.const:ti_sysbios_family_arm_m3_Hwi_nullIsrFunc__C)
                  0000c698    00000004     rfExamples_pem3.oem3 (.const:ti_sysbios_family_arm_m3_Hwi_priGroup__C)
                  0000c69c    00000004     rfExamples_pem3.oem3 (.const:ti_sysbios_family_arm_m3_TaskSupport_stackAlignment__C)
                  0000c6a0    00000004     rfExamples_pem3.oem3 (.const:ti_sysbios_gates_GateMutex_Instance_State_sem__O)
                  0000c6a4    00000004     rfExamples_pem3.oem3 (.const:ti_sysbios_heaps_HeapMem_E_memory__C)
                  0000c6a8    00000004     rfExamples_pem3.oem3 (.const:ti_sysbios_heaps_HeapMem_Module__gateObj__C)
                  0000c6ac    00000004     rfExamples_pem3.oem3 (.const:ti_sysbios_heaps_HeapMem_Object__count__C)
                  0000c6b0    00000004     rfExamples_pem3.oem3 (.const:ti_sysbios_heaps_HeapMem_reqAlign__C)
                  0000c6b4    00000004     rfExamples_pem3.oem3 (.const:ti_sysbios_knl_Clock_LM_begin__C)
                  0000c6b8    00000004     rfExamples_pem3.oem3 (.const:ti_sysbios_knl_Clock_LM_tick__C)
                  0000c6bc    00000004     rfExamples_pem3.oem3 (.const:ti_sysbios_knl_Clock_Module_State_clockQ__O)
                  0000c6c0    00000004     rfExamples_pem3.oem3 (.const:ti_sysbios_knl_Clock_Module__diagsEnabled__C)
                  0000c6c4    00000004     rfExamples_pem3.oem3 (.const:ti_sysbios_knl_Clock_Module__diagsIncluded__C)
                  0000c6c8    00000004     rfExamples_pem3.oem3 (.const:ti_sysbios_knl_Clock_Module__diagsMask__C)
                  0000c6cc    00000004     rfExamples_pem3.oem3 (.const:ti_sysbios_knl_Clock_Module__loggerFxn1__C)
                  0000c6d0    00000004     rfExamples_pem3.oem3 (.const:ti_sysbios_knl_Clock_Module__loggerFxn2__C)
                  0000c6d4    00000004     rfExamples_pem3.oem3 (.const:ti_sysbios_knl_Clock_Module__loggerObj__C)
                  0000c6d8    00000004     rfExamples_pem3.oem3 (.const:ti_sysbios_knl_Clock_tickPeriod__C)
                  0000c6dc    00000004     rfExamples_pem3.oem3 (.const:ti_sysbios_knl_Clock_triggerClock__C)
                  0000c6e0    00000004     rfExamples_pem3.oem3 (.const:ti_sysbios_knl_Idle_funcList__A)
                  0000c6e4    00000004     rfExamples_pem3.oem3 (.const:ti_sysbios_knl_Semaphore_Instance_State_pendQ__O)
                  0000c6e8    00000004     rfExamples_pem3.oem3 (.const:ti_sysbios_knl_Semaphore_LM_pend__C)
                  0000c6ec    00000004     rfExamples_pem3.oem3 (.const:ti_sysbios_knl_Semaphore_LM_post__C)
                  0000c6f0    00000004     rfExamples_pem3.oem3 (.const:ti_sysbios_knl_Semaphore_Module__diagsEnabled__C)
                  0000c6f4    00000004     rfExamples_pem3.oem3 (.const:ti_sysbios_knl_Semaphore_Module__diagsIncluded__C)
                  0000c6f8    00000004     rfExamples_pem3.oem3 (.const:ti_sysbios_knl_Semaphore_Module__diagsMask__C)
                  0000c6fc    00000004     rfExamples_pem3.oem3 (.const:ti_sysbios_knl_Semaphore_Module__loggerFxn2__C)
                  0000c700    00000004     rfExamples_pem3.oem3 (.const:ti_sysbios_knl_Semaphore_Module__loggerFxn4__C)
                  0000c704    00000004     rfExamples_pem3.oem3 (.const:ti_sysbios_knl_Semaphore_Module__loggerObj__C)
                  0000c708    00000004     rfExamples_pem3.oem3 (.const:ti_sysbios_knl_Swi_LD_end__C)
                  0000c70c    00000004     rfExamples_pem3.oem3 (.const:ti_sysbios_knl_Swi_LM_begin__C)
                  0000c710    00000004     rfExamples_pem3.oem3 (.const:ti_sysbios_knl_Swi_LM_post__C)
                  0000c714    00000004     rfExamples_pem3.oem3 (.const:ti_sysbios_knl_Swi_Module__diagsEnabled__C)
                  0000c718    00000004     rfExamples_pem3.oem3 (.const:ti_sysbios_knl_Swi_Module__diagsIncluded__C)
                  0000c71c    00000004     rfExamples_pem3.oem3 (.const:ti_sysbios_knl_Swi_Module__diagsMask__C)
                  0000c720    00000004     rfExamples_pem3.oem3 (.const:ti_sysbios_knl_Swi_Module__loggerFxn1__C)
                  0000c724    00000004     rfExamples_pem3.oem3 (.const:ti_sysbios_knl_Swi_Module__loggerFxn4__C)
                  0000c728    00000004     rfExamples_pem3.oem3 (.const:ti_sysbios_knl_Swi_Module__loggerObj__C)
                  0000c72c    00000004     rfExamples_pem3.oem3 (.const:ti_sysbios_knl_Swi_Object__count__C)
                  0000c730    00000004     rfExamples_pem3.oem3 (.const:ti_sysbios_knl_Task_LD_block__C)
                  0000c734    00000004     rfExamples_pem3.oem3 (.const:ti_sysbios_knl_Task_LD_exit__C)
                  0000c738    00000004     rfExamples_pem3.oem3 (.const:ti_sysbios_knl_Task_LD_ready__C)
                  0000c73c    00000004     rfExamples_pem3.oem3 (.const:ti_sysbios_knl_Task_LM_sleep__C)
                  0000c740    00000004     rfExamples_pem3.oem3 (.const:ti_sysbios_knl_Task_LM_switch__C)
                  0000c744    00000004     rfExamples_pem3.oem3 (.const:ti_sysbios_knl_Task_Module_State_inactiveQ__O)
                  0000c748    00000004     rfExamples_pem3.oem3 (.const:ti_sysbios_knl_Task_Module__diagsEnabled__C)
                  0000c74c    00000004     rfExamples_pem3.oem3 (.const:ti_sysbios_knl_Task_Module__diagsIncluded__C)
                  0000c750    00000004     rfExamples_pem3.oem3 (.const:ti_sysbios_knl_Task_Module__diagsMask__C)
                  0000c754    00000004     rfExamples_pem3.oem3 (.const:ti_sysbios_knl_Task_Module__loggerFxn2__C)
                  0000c758    00000004     rfExamples_pem3.oem3 (.const:ti_sysbios_knl_Task_Module__loggerFxn4__C)
                  0000c75c    00000004     rfExamples_pem3.oem3 (.const:ti_sysbios_knl_Task_Module__loggerObj__C)
                  0000c760    00000004     rfExamples_pem3.oem3 (.const:ti_sysbios_knl_Task_Object__count__C)
                  0000c764    00000004     rfExamples_pem3.oem3 (.const:ti_sysbios_knl_Task_allBlockedFunc__C)
                  0000c768    00000004     rfExamples_pem3.oem3 (.const:ti_sysbios_knl_Task_defaultStackHeap__C)
                  0000c76c    00000004     rfExamples_pem3.oem3 (.const:ti_sysbios_knl_Task_defaultStackSize__C)
                  0000c770    00000004     rfExamples_pem3.oem3 (.const:ti_sysbios_knl_Task_numConstructedTasks__C)
                  0000c774    00000004     rfExamples_pem3.oem3 (.const:ti_uia_loggers_LoggerStopMode_Module__diagsEnabled__C)
                  0000c778    00000004     rfExamples_pem3.oem3 (.const:ti_uia_loggers_LoggerStopMode_Module__diagsIncluded__C)
                  0000c77c    00000004     rfExamples_pem3.oem3 (.const:ti_uia_loggers_LoggerStopMode_Module__diagsMask__C)
                  0000c780    00000004     rfExamples_pem3.oem3 (.const:ti_uia_loggers_LoggerStopMode_Object__count__C)
                  0000c784    00000004     rfExamples_pem3.oem3 (.const:ti_uia_runtime_ILoggerSnapshot_Interface__BASE__C)
                  0000c788    00000004     rfExamples_pem3.oem3 (.const:ti_uia_runtime_IUIATransfer_Interface__BASE__C)
                  0000c78c    00000004     rfExamples_pem3.oem3 (.const:xdc_runtime_Assert_E_assertFailed__C)
                  0000c790    00000004     rfExamples_pem3.oem3 (.const:xdc_runtime_Error_E_memory__C)
                  0000c794    00000004     rfExamples_pem3.oem3 (.const:xdc_runtime_Error_policyFxn__C)
                  0000c798    00000004     rfExamples_pem3.oem3 (.const:xdc_runtime_IFilterLogger_Interface__BASE__C)
                  0000c79c    00000004     rfExamples_pem3.oem3 (.const:xdc_runtime_IGateProvider_Interface__BASE__C)
                  0000c7a0    00000004     rfExamples_pem3.oem3 (.const:xdc_runtime_IHeap_Interface__BASE__C)
                  0000c7a4    00000004     rfExamples_pem3.oem3 (.const:xdc_runtime_ILogger_Interface__BASE__C)
                  0000c7a8    00000004     rfExamples_pem3.oem3 (.const:xdc_runtime_IModule_Interface__BASE__C)
                  0000c7ac    00000004     rfExamples_pem3.oem3 (.const:xdc_runtime_Memory_defaultHeapInstance__C)
                  0000c7b0    00000004     rfExamples_pem3.oem3 (.const:xdc_runtime_Startup_execImpl__C)
                  0000c7b4    00000004     rfExamples_pem3.oem3 (.const:xdc_runtime_Startup_maxPasses__C)
                  0000c7b8    00000004     rfExamples_pem3.oem3 (.const:xdc_runtime_Startup_sfxnRts__C)
                  0000c7bc    00000004     rfExamples_pem3.oem3 (.const:xdc_runtime_Startup_sfxnTab__C)
                  0000c7c0    00000004     rfExamples_pem3.oem3 (.const:xdc_runtime_SysMin_bufSize__C)
                  0000c7c4    00000004     rfExamples_pem3.oem3 (.const:xdc_runtime_SysMin_outputFunc__C)
                  0000c7c8    00000004     rfExamples_pem3.oem3 (.const:xdc_runtime_System_Module__gateObj__C)
                  0000c7cc    00000004     rfExamples_pem3.oem3 (.const:xdc_runtime_System_abortFxn__C)
                  0000c7d0    00000004     rfExamples_pem3.oem3 (.const:xdc_runtime_System_exitFxn__C)
                  0000c7d4    00000004     rfExamples_pem3.oem3 (.const:xdc_runtime_System_maxAtexitHandlers__C)
                  0000c7d8    00000004     rfExamples_pem3.oem3 (.const:xdc_runtime_Text_charTab__C)
                  0000c7dc    00000004     rfExamples_pem3.oem3 (.const:xdc_runtime_Text_nameEmpty__C)
                  0000c7e0    00000004     rfExamples_pem3.oem3 (.const:xdc_runtime_Text_nameStatic__C)
                  0000c7e4    00000004     rfExamples_pem3.oem3 (.const:xdc_runtime_Text_nameUnknown__C)
                  0000c7e8    00000002     rfExamples_pem3.oem3 (.const:ti_sysbios_family_arm_cc26xx_TimestampProvider_useClockTimer__C)
                  0000c7ea    00000002     rfExamples_pem3.oem3 (.const:ti_sysbios_family_arm_m3_Hwi_Module__id__C)
                  0000c7ec    00000002     rfExamples_pem3.oem3 (.const:ti_sysbios_family_arm_m3_Hwi_Module__loggerDefined__C)
                  0000c7ee    00000002     rfExamples_pem3.oem3 (.const:ti_sysbios_heaps_HeapMem_Module__id__C)
                  0000c7f0    00000002     rfExamples_pem3.oem3 (.const:ti_sysbios_knl_Clock_Module__id__C)
                  0000c7f2    00000002     rfExamples_pem3.oem3 (.const:ti_sysbios_knl_Clock_Module__loggerDefined__C)
                  0000c7f4    00000002     rfExamples_pem3.oem3 (.const:ti_sysbios_knl_Semaphore_Module__id__C)
                  0000c7f6    00000002     rfExamples_pem3.oem3 (.const:ti_sysbios_knl_Semaphore_Module__loggerDefined__C)
                  0000c7f8    00000002     rfExamples_pem3.oem3 (.const:ti_sysbios_knl_Swi_Module__id__C)
                  0000c7fa    00000002     rfExamples_pem3.oem3 (.const:ti_sysbios_knl_Swi_Module__loggerDefined__C)
                  0000c7fc    00000002     rfExamples_pem3.oem3 (.const:ti_sysbios_knl_Task_Module__id__C)
                  0000c7fe    00000002     rfExamples_pem3.oem3 (.const:ti_sysbios_knl_Task_Module__loggerDefined__C)
                  0000c800    00000002     rfExamples_pem3.oem3 (.const:ti_uia_loggers_LoggerStopMode_Module__id__C)
                  0000c802    00000002     rfExamples_pem3.oem3 (.const:ti_uia_loggers_LoggerStopMode_isTimestampEnabled__C)
                  0000c804    00000002     rfExamples_pem3.oem3 (.const:xdc_runtime_Memory_Module__id__C)
                  0000c806    00000002     rfExamples_pem3.oem3 (.const:xdc_runtime_SysMin_flushAtExit__C)
                  0000c808    00000002     rfExamples_pem3.oem3 (.const:xdc_runtime_Text_charCnt__C)
                  0000c80a    00000002     rfExamples_pem3.oem3 (.const:xdc_runtime_Text_isLoaded__C)
                  0000c80c    00000001     smartrf_settings_predefined.obj (.const)
                  0000c80d    00000001     rfExamples_pem3.oem3 (.const:xdc_runtime_Error_policy__C)
                  0000c80e    00000001     rfExamples_pem3.oem3 (.const:xdc_runtime_Text_charTab__A)

.cinit     0    0000c810    00000378     
                  0000c810    0000034e     (.cinit..data.load) [load image, compression = lzss]
                  0000cb5e    00000002     --HOLE-- [fill = 0]
                  0000cb60    0000000c     (__TI_handler_table)
                  0000cb6c    00000004     --HOLE-- [fill = 0]
                  0000cb70    00000008     (.cinit..bss.load) [load image, compression = zero_init]
                  0000cb78    00000010     (__TI_cinit_table)

.init_array 
*          0    00000000    00000000     UNINITIALIZED

.ccfg      0    0001ffa8    00000058     
                  0001ffa8    00000058     ccfg.obj (.ccfg:retain)

.bss       0    20000100    00001e53     UNINITIALIZED
                  20000100    00000400     rfEasyLinkTx.obj (.bss:txTaskStack)
                  20000500    00000400     (.common:ti_sysbios_heaps_HeapMem_Instance_State_0_buf__A)
                  20000900    00000400     (.common:ti_uia_loggers_LoggerStopMode_Instance_State_0_packetArray__A)
                  20000d00    00000400     (.common:ti_uia_loggers_LoggerStopMode_Instance_State_1_packetArray__A)
                  20001100    00000200     rfExamples_pem3.oem3 (.bss:taskStackSection)
                  20001300    00000200     rfEasyLinkTx.obj (.bss:workTaskStack)
                  20001500    00000120     rtsv7M3_T_le_eabi.lib : trgmsg.c.obj (.bss:_CIOBUF_)
                  20001620    00000100     rf_singleMode_cc13xxware.aem3 : RFCC26XX_singleMode.oem3 (.bss:aCmdPool)
                  20001720    000000e0     (.common:i2cCC26xxObjects)
                  20001800    000000c8     (.common:ti_sysbios_family_arm_m3_Hwi_dispatchTable)
                  200018c8    000000c0     EasyLink.obj (.bss:rfObject)
                  20001988    0000008c     EasyLink.obj (.bss:txBuffer)
                  20001a14    00000080     (.common:xdc_runtime_SysMin_Module_State_0_outbuf__A)
                  20001a94    0000007c     drivers_cc13xxware.aem3 : PINCC26XX.oem3 (.bss:PIN_HandleTable)
                  20001b10    00000050     (.common:txTask)
                  20001b60    00000050     (.common:workTask)
                  20001bb0    0000003c     rfEasyLinkTx.obj (.bss:txTaskParams)
                  20001bec    0000003c     (.common:workTaskParams)
                  20001c28    00000034     drivers_cc13xxware.aem3 : PINCC26XX.oem3 (.bss:PinSwi)
                  20001c5c    00000034     rf_singleMode_cc13xxware.aem3 : RFCC26XX_singleMode.oem3 (.bss:swiFsm)
                  20001c90    00000034                                   : RFCC26XX_singleMode.oem3 (.bss:swiHw)
                  20001cc4    00000030     EasyLink.obj (.bss:EasyLink_cmdPropRxAdv)
                  20001cf4    0000000c     rfEasyLinkTx.obj (.bss:pinState)
                  20001d00    00000030     (.common:ti_uia_loggers_LoggerStopMode_Instance_State_0_hdr__A)
                  20001d30    00000028     EasyLink.obj (.bss:EasyLink_cmdPropRadioSetup)
                  20001d58    00000024     rf_singleMode_cc13xxware.aem3 : RFCC26XX_singleMode.oem3 (.bss:clkPowerUp)
                  20001d7c    00000004     (.common:PIN_NumPins)
                  20001d80    00000030     (.common:ti_uia_loggers_LoggerStopMode_Instance_State_1_hdr__A)
                  20001db0    00000020     (.common:PinGpioConfigTable)
                  20001dd0    0000001c     (.common:PinHwi)
                  20001dec    0000001c     (.common:PinSem)
                  20001e08    0000001c     (.common:hwiCpe0)
                  20001e24    0000001c     (.common:hwiHw)
                  20001e40    00000018     EasyLink.obj (.bss:EasyLink_cmdFs)
                  20001e58    00000018     EasyLink.obj (.bss:EasyLink_cmdPropTx)
                  20001e70    00000018     (.common:cmdDirImm)
                  20001e88    00000014     driverlib.lib : osc.obj (.bss:oscHfGlobals)
                  20001e9c    00000014     EasyLink.obj (.bss:rfParams)
                  20001eb0    00000014     (.common:cmdQ)
                  20001ec4    00000014     (.common:opRatSync)
                  20001ed8    00000010     EasyLink.obj (.bss)
                  20001ee8    00000010     EasyLink.obj (.bss:EasyLink_RF_prop)
                  20001ef8    0000000c     rfEasyLinkTx.obj (.bss)
                  20001f04    0000000c     EasyLink.obj (.bss:rxStatistics)
                  20001f10    00000008     EasyLink.obj (.bss:dataQueue)
                  20001f18    00000008     driverlib.lib : sys_ctrl.obj (.bss:powerQualGlobals)
                  20001f20    00000008     (.common:parmbuf)
                  20001f28    00000004     (.common:activeTimeInUs)
                  20001f2c    00000004     (.common:dispatchInUs)
                  20001f30    00000004     (.common:nRtc1)
                  20001f34    00000004     (.common:nRtc3)
                  20001f38    00000004     (.common:pCurrClient)
                  20001f3c    00000004     (.common:pFsmState)
                  20001f40    00000004     (.common:pPinGpio)
                  20001f44    00000004     (.common:queue)
                  20001f48    00000001     (.common:bInitAvailRatCh)
                  20001f49    00000001     (.common:bPowerDownActive)
                  20001f4a    00000001     (.common:bPowerUpActive)
                  20001f4b    00000001     (.common:bRadioActive)
                  20001f4c    00000001     (.common:bRestart)
                  20001f4d    00000001     (.common:bStart)
                  20001f4e    00000001     (.common:bYieldPwrDnCalled)
                  20001f4f    00000001     (.common:bYieldPwrDnCancel)
                  20001f50    00000001     (.common:driverlib_release_0_47020)
                  20001f51    00000001     (.common:nActiveClients)
                  20001f52    00000001     (.common:nClients)

[...]
0000c384  ti_sysbios_heaps_HeapMem_Object__PARAMS__C                      
0000c3a8  ti_sysbios_knl_Clock_Object__PARAMS__C                          
0000c3cc  ti_sysbios_knl_Semaphore_Object__PARAMS__C                      
0000c3f0  I2CCC26XX_fxnTable                                              
0000c410  ti_sysbios_family_arm_m3_Hwi_Object__DESC__C                    
0000c430  ti_sysbios_gates_GateHwi_Object__DESC__C                        
0000c450  ti_sysbios_gates_GateMutex_Object__DESC__C                      
0000c470  ti_sysbios_heaps_HeapMem_Object__DESC__C                        
0000c490  ti_sysbios_knl_Clock_Object__DESC__C                            
0000c4b0  ti_sysbios_knl_Queue_Object__DESC__C                            
0000c4d0  ti_sysbios_knl_Semaphore_Object__DESC__C                        
0000c4f0  ti_sysbios_knl_Swi_Object__DESC__C                              
0000c510  ti_sysbios_knl_Task_Object__DESC__C                             
0000c530  ti_uia_loggers_LoggerStopMode_Object__DESC__C                   
0000c568  I2C_config                                                      
0000c580  i2cCC26xxHWAttrs                                                
0000c598  ti_sysbios_gates_GateHwi_Object__PARAMS__C                      
0000c5b0  ti_sysbios_gates_GateMutex_Object__PARAMS__C                    
0000c5c8  ti_sysbios_knl_Queue_Object__PARAMS__C                          
0000c5f4  xdc_runtime_Startup_sfxnRts__A                                  
0000c608  PowerCC26XX_config                                              
0000c618  I2C_defaultParams                                               
0000c628  xdc_runtime_Startup_firstFxns__A                                
0000c634  PINCC26XX_hwAttrs                                               
0000c63c  ti_sysbios_knl_Idle_funcList__C                                 
0000c644  xdc_runtime_Startup_firstFxns__C                                
0000c64c  xdc_runtime_Startup_lastFxns__C                                 
0000c658  RFCC26XX_hwAttrs                                                
0000c65c  ti_sysbios_family_arm_cc26xx_Timer_startupNeeded__C             
0000c660  ti_sysbios_family_arm_m3_Hwi_E_alreadyDefined__C                
0000c664  ti_sysbios_family_arm_m3_Hwi_LD_end__C                          
0000c668  ti_sysbios_family_arm_m3_Hwi_LM_begin__C                        
0000c66c  ti_sysbios_family_arm_m3_Hwi_Module__diagsEnabled__C            
0000c670  ti_sysbios_family_arm_m3_Hwi_Module__diagsIncluded__C           
0000c674  ti_sysbios_family_arm_m3_Hwi_Module__diagsMask__C               
0000c678  ti_sysbios_family_arm_m3_Hwi_Module__loggerFxn1__C              
0000c67c  ti_sysbios_family_arm_m3_Hwi_Module__loggerFxn8__C              
0000c680  ti_sysbios_family_arm_m3_Hwi_Module__loggerObj__C               
0000c684  ti_sysbios_family_arm_m3_Hwi_NUM_INTERRUPTS__C                  
0000c688  ti_sysbios_family_arm_m3_Hwi_Object__count__C                   
0000c68c  ti_sysbios_family_arm_m3_Hwi_ccr__C                             
0000c690  ti_sysbios_family_arm_m3_Hwi_excHandlerFunc__C                  
0000c694  ti_sysbios_family_arm_m3_Hwi_nullIsrFunc__C                     
0000c698  ti_sysbios_family_arm_m3_Hwi_priGroup__C                        
0000c69c  ti_sysbios_family_arm_m3_TaskSupport_stackAlignment__C          
0000c6a0  ti_sysbios_gates_GateMutex_Instance_State_sem__O                
0000c6a4  ti_sysbios_heaps_HeapMem_E_memory__C                            
0000c6a8  ti_sysbios_heaps_HeapMem_Module__gateObj__C                     
0000c6ac  ti_sysbios_heaps_HeapMem_Object__count__C                       
0000c6b0  ti_sysbios_heaps_HeapMem_reqAlign__C                            
0000c6b4  ti_sysbios_knl_Clock_LM_begin__C                                
0000c6b8  ti_sysbios_knl_Clock_LM_tick__C                                 
0000c6bc  ti_sysbios_knl_Clock_Module_State_clockQ__O                     
0000c6c0  ti_sysbios_knl_Clock_Module__diagsEnabled__C                    
0000c6c4  ti_sysbios_knl_Clock_Module__diagsIncluded__C                   
0000c6c8  ti_sysbios_knl_Clock_Module__diagsMask__C                       
0000c6cc  ti_sysbios_knl_Clock_Module__loggerFxn1__C                      
0000c6d0  ti_sysbios_knl_Clock_Module__loggerFxn2__C                      
0000c6d4  ti_sysbios_knl_Clock_Module__loggerObj__C                       
0000c6d8  ti_sysbios_knl_Clock_tickPeriod__C                              
0000c6dc  ti_sysbios_knl_Clock_triggerClock__C                            
0000c6e0  ti_sysbios_knl_Idle_funcList__A                                 
0000c6e4  ti_sysbios_knl_Semaphore_Instance_State_pendQ__O                
0000c6e8  ti_sysbios_knl_Semaphore_LM_pend__C                             
0000c6ec  ti_sysbios_knl_Semaphore_LM_post__C                             
0000c6f0  ti_sysbios_knl_Semaphore_Module__diagsEnabled__C                
0000c6f4  ti_sysbios_knl_Semaphore_Module__diagsIncluded__C               
0000c6f8  ti_sysbios_knl_Semaphore_Module__diagsMask__C                   
0000c6fc  ti_sysbios_knl_Semaphore_Module__loggerFxn2__C                  
0000c700  ti_sysbios_knl_Semaphore_Module__loggerFxn4__C                  
0000c704  ti_sysbios_knl_Semaphore_Module__loggerObj__C                   
0000c708  ti_sysbios_knl_Swi_LD_end__C                                    
0000c70c  ti_sysbios_knl_Swi_LM_begin__C                                  
0000c710  ti_sysbios_knl_Swi_LM_post__C                                   
0000c714  ti_sysbios_knl_Swi_Module__diagsEnabled__C                      
0000c718  ti_sysbios_knl_Swi_Module__diagsIncluded__C                     
0000c71c  ti_sysbios_knl_Swi_Module__diagsMask__C                         
0000c720  ti_sysbios_knl_Swi_Module__loggerFxn1__C                        
0000c724  ti_sysbios_knl_Swi_Module__loggerFxn4__C                        
0000c728  ti_sysbios_knl_Swi_Module__loggerObj__C                         
0000c72c  ti_sysbios_knl_Swi_Object__count__C                             
0000c730  ti_sysbios_knl_Task_LD_block__C                                 
0000c734  ti_sysbios_knl_Task_LD_exit__C                                  
0000c738  ti_sysbios_knl_Task_LD_ready__C                                 
0000c73c  ti_sysbios_knl_Task_LM_sleep__C                                 
0000c740  ti_sysbios_knl_Task_LM_switch__C                                
0000c744  ti_sysbios_knl_Task_Module_State_inactiveQ__O                   
0000c748  ti_sysbios_knl_Task_Module__diagsEnabled__C                     
0000c74c  ti_sysbios_knl_Task_Module__diagsIncluded__C                    
0000c750  ti_sysbios_knl_Task_Module__diagsMask__C                        
0000c754  ti_sysbios_knl_Task_Module__loggerFxn2__C                       
0000c758  ti_sysbios_knl_Task_Module__loggerFxn4__C                       
0000c75c  ti_sysbios_knl_Task_Module__loggerObj__C                        
0000c760  ti_sysbios_knl_Task_Object__count__C                            
0000c764  ti_sysbios_knl_Task_allBlockedFunc__C                           
0000c768  ti_sysbios_knl_Task_defaultStackHeap__C                         
0000c76c  ti_sysbios_knl_Task_defaultStackSize__C                         
0000c770  ti_sysbios_knl_Task_numConstructedTasks__C                      
0000c774  ti_uia_loggers_LoggerStopMode_Module__diagsEnabled__C           
0000c778  ti_uia_loggers_LoggerStopMode_Module__diagsIncluded__C          
0000c77c  ti_uia_loggers_LoggerStopMode_Module__diagsMask__C              
0000c780  ti_uia_loggers_LoggerStopMode_Object__count__C                  
0000c784  ti_uia_runtime_ILoggerSnapshot_Interface__BASE__C               
0000c788  ti_uia_runtime_IUIATransfer_Interface__BASE__C                  
0000c78c  xdc_runtime_Assert_E_assertFailed__C                            
0000c790  xdc_runtime_Error_E_memory__C                                   
0000c794  xdc_runtime_Error_policyFxn__C                                  
0000c798  xdc_runtime_IFilterLogger_Interface__BASE__C                    
0000c79c  xdc_runtime_IGateProvider_Interface__BASE__C                    
0000c7a0  xdc_runtime_IHeap_Interface__BASE__C                            
0000c7a4  xdc_runtime_ILogger_Interface__BASE__C                          
0000c7a8  xdc_runtime_IModule_Interface__BASE__C                          
0000c7ac  xdc_runtime_Memory_defaultHeapInstance__C                       
0000c7b0  xdc_runtime_Startup_execImpl__C                                 
0000c7b4  xdc_runtime_Startup_maxPasses__C                                
0000c7b8  xdc_runtime_Startup_sfxnRts__C                                  
0000c7bc  xdc_runtime_Startup_sfxnTab__C                                  
0000c7c0  xdc_runtime_SysMin_bufSize__C                                   
0000c7c4  xdc_runtime_SysMin_outputFunc__C                                
0000c7c8  xdc_runtime_System_Module__gateObj__C                           
0000c7cc  xdc_runtime_System_abortFxn__C                                  
0000c7d0  xdc_runtime_System_exitFxn__C                                   
0000c7d4  xdc_runtime_System_maxAtexitHandlers__C                         
0000c7d8  xdc_runtime_Text_charTab__C                                     
0000c7dc  xdc_runtime_Text_nameEmpty__C                                   
0000c7e0  xdc_runtime_Text_nameStatic__C                                  
0000c7e4  xdc_runtime_Text_nameUnknown__C                                 
0000c7e8  ti_sysbios_family_arm_cc26xx_TimestampProvider_useClockTimer__C 
0000c7ea  ti_sysbios_family_arm_m3_Hwi_Module__id__C                      
0000c7ec  ti_sysbios_family_arm_m3_Hwi_Module__loggerDefined__C           
0000c7ee  ti_sysbios_heaps_HeapMem_Module__id__C                          
0000c7f0  ti_sysbios_knl_Clock_Module__id__C                              
0000c7f2  ti_sysbios_knl_Clock_Module__loggerDefined__C                   
0000c7f4  ti_sysbios_knl_Semaphore_Module__id__C                          
0000c7f6  ti_sysbios_knl_Semaphore_Module__loggerDefined__C               
0000c7f8  ti_sysbios_knl_Swi_Module__id__C                                
0000c7fa  ti_sysbios_knl_Swi_Module__loggerDefined__C                     
0000c7fc  ti_sysbios_knl_Task_Module__id__C                               
0000c7fe  ti_sysbios_knl_Task_Module__loggerDefined__C                    
0000c800  ti_uia_loggers_LoggerStopMode_Module__id__C                     
0000c802  ti_uia_loggers_LoggerStopMode_isTimestampEnabled__C             
0000c804  xdc_runtime_Memory_Module__id__C                                
0000c806  xdc_runtime_SysMin_flushAtExit__C                               
0000c808  xdc_runtime_Text_charCnt__C                                     
0000c80a  xdc_runtime_Text_isLoaded__C                                    
0000c80c  rfPowerTableSize                                                
0000c80d  xdc_runtime_Error_policy__C                                     
0000c80e  xdc_runtime_Text_charTab__A                                     
0000c810  __TI_static_base__                                              
0000cb60  __TI_Handler_Table_Base                                         
0000cb6c  __TI_Handler_Table_Limit                                        
0000cb78  __TI_CINIT_Base                                                 
0000cb88  __TI_CINIT_Limit                                                
0001ffa8  __ccfg                                                          
20000000  ti_sysbios_family_arm_m3_Hwi_ramVectors                         
20000500  ti_sysbios_heaps_HeapMem_Instance_State_0_buf__A                
20000900  ti_uia_loggers_LoggerStopMode_Instance_State_0_packetArray__A   
20000d00  ti_uia_loggers_LoggerStopMode_Instance_State_1_packetArray__A   
20001100  ti_sysbios_knl_Task_Instance_State_0_stack__A                   
20001500  __CIOBUF_                                                       
20001720  i2cCC26xxObjects                                                
20001800  ti_sysbios_family_arm_m3_Hwi_dispatchTable                      
20001a14  xdc_runtime_SysMin_Module_State_0_outbuf__A                     
20001a94  PIN_HandleTable                                                 
20001b10  txTask                                                          
20001b60  workTask                                                        
20001bec  workTaskParams                                                  
20001d00  ti_uia_loggers_LoggerStopMode_Instance_State_0_hdr__A           
20001d7c  PIN_NumPins                                                     
20001d80  ti_uia_loggers_LoggerStopMode_Instance_State_1_hdr__A           
20001f20  parmbuf                                                         
20001f44  queue                                                           
20001f50  driverlib_release_0_47020                                       
20001f58  PowerCC26XX_module                                              
20002068  ti_uia_loggers_LoggerStopMode_Object__table__V                  
200020d0  pOverrides_hsm                                                  
20002130  pOverrides_lrm                                                  
2000218c  pOverrides_ook                                                  
20002240  pOverrides_fsk                                                  
20002298  ti_sysbios_knl_Task_Object__table__V                            
200022e8  ti_sysbios_family_arm_cc26xx_Timer_Object__table__V             
20002330  ti_sysbios_knl_Task_Module__state__V                            
20002374  RF_pProp_fsk                                                    
20002378  RF_pProp_lrm                                                    
2000237c  RF_pProp_ook                                                    
20002380  RF_pProp_hsm                                                    
20002384  RF_pProp_2_4G_fsk                                               
20002388  RF_pCmdPropRadioDivSetup_fsk                                    
2000238c  RF_pCmdPropRadioDivSetup_lrm                                    
20002390  RF_pCmdPropRadioDivSetup_ook                                    
20002394  RF_pCmdRadioSetup_hsm                                           
20002398  RF_pCmdPropRadioSetup_2_4G_fsk                                  
2000239c  RF_pCmdTxHS                                                     
200023a0  RF_pCmdRxHS                                                     
200023a4  RF_pCmdFs_preDef                                                
200023a8  RF_pCmdPropTx_preDef                                            
200023ac  RF_pCmdPropRxAdv_preDef                                         
200023b0  ti_sysbios_gates_GateMutex_Object__table__V                     
200023e8  ti_sysbios_family_arm_m3_Hwi_Module__state__V                   
2000241c  RF_cmdPropRxAdv_preDef                                          
2000244c  ti_sysbios_knl_Swi_Module_State_0_readyQ__A                     
2000247c  ti_sysbios_knl_Swi_Object__table__V                             
200024ac  ti_sysbios_knl_Clock_Module__state__V                           
200024d8  RF_cmdPropRadioDivSetup                                         
20002500  RF_cmdPropRadioDivSetup_fsk                                     
20002528  RF_cmdPropRadioDivSetup_lrm                                     
20002550  RF_cmdPropRadioDivSetup_ook                                     
20002578  RF_cmdRxHS                                                      
2000259c  ti_sysbios_BIOS_Module__state__V                                
200025c0  ti_sysbios_knl_Clock_Object__table__V                           
200025e0  ti_sysbios_knl_Task_Module_State_0_readyQ__A                    
20002600  ti_sysbios_knl_Swi_Module__state__V                             
2000261c  RF_cmdFs                                                        
20002634  RF_cmdFs_preDef                                                 
2000264c  RF_cmdPropTx                                                    
20002664  RF_cmdPropTx_preDef                                             
2000267c  RF_cmdRadioSetup_hsm                                            
200026ac  shapeovr                                                        
200026c4  ti_sysbios_family_arm_m3_Hwi_Object__table__V                   
200026dc  ti_sysbios_heaps_HeapMem_Object__table__V                       
200026f4  RF_cmdTxHS                                                      
20002708  RF_prop                                                         
20002718  RF_prop_fsk                                                     
20002728  RF_prop_hsm                                                     
20002738  RF_prop_lrm                                                     
20002748  RF_prop_ook                                                     
20002768  pinTable                                                        
20002774  ti_sysbios_knl_Task_Module__root__V                             
20002780  ti_uia_runtime_QueueDescriptor_Module__state__V                 
2000278c  xdc_runtime_SysMin_Module__state__V                             
20002798  _lock                                                           
2000279c  _unlock                                                         
200027a0  ti_uia_runtime_QueueDescriptor_gPtrToFirstDescriptor            
200027a4  ti_uia_runtime_QueueDescriptor_gUpdateCount                     
200027a8  ti_sysbios_family_arm_cc26xx_Timer_Module__state__V             
200027b0  ti_sysbios_family_arm_m3_Hwi_Module__root__V                    
200027b8  ti_sysbios_gates_GateHwi_Module__root__V                        
200027c0  ti_sysbios_gates_GateMutex_Module__root__V                      
200027c8  ti_sysbios_heaps_HeapMem_Module__root__V                        
200027d0  ti_sysbios_knl_Clock_Module__root__V                            
200027d8  ti_sysbios_knl_Queue_Module__root__V                            
200027e0  ti_sysbios_knl_Semaphore_Module__root__V                        
200027e8  ti_sysbios_knl_Swi_Module__root__V                              
200027f0  ti_uia_loggers_LoggerStopMode_Module__root__V                   
200027f8  xdc_runtime_Startup_Module__state__V                            
20002800  xdc_runtime_System_Module__state__V                             
20002808  dataReady                                                       
2000280c  main_func_sp                                                    
20002810  ti_sysbios_family_arm_cc26xx_TimestampProvider_Module__state__V 
20002814  ti_sysbios_family_arm_m3_Hwi_Module_State_0_excContext__A       
20002818  ti_sysbios_family_arm_m3_Hwi_Module_State_0_excStack__A         
2000281c  ti_sysbios_gates_GateHwi_Object__table__V                       
20002820  ti_sysbios_knl_Task_Module_State_0_idleTask__A                  
20002824  xdc_runtime_Memory_Module__state__V                             
20002828  ti_sysbios_family_arm_m3_Hwi_Module_State_0_excActive__A        
20004d00  __stack                                                         
20005000  __STACK_END                                                     
e000e000  ti_sysbios_family_arm_m3_Hwi_nvic                               
ffffffff  __TI_pprof_out_hndl                                             
ffffffff  __TI_prof_data_size                                             
ffffffff  __TI_prof_data_start                                            
ffffffff  __binit__                                                       
ffffffff  __c_args__                                                      
ffffffff  binit                                                           
UNDEFED   SHT$$INIT_ARRAY$$Base                                           
UNDEFED   SHT$$INIT_ARRAY$$Limit                                          

[744 symbols]
